******************************************************************************
              TMS320C55x Linker PC v4.4.1                      
******************************************************************************
>> Linked Sat Jan 06 03:00:44 2018

OUTPUT FILE NAME:   <NoiseRemoval Sim.out>
ENTRY POINT SYMBOL: "_c_int00"  address: 00024fb5


MEMORY CONFIGURATION

         name            origin    length      used     unused   attr    fill
                        (bytes)   (bytes)    (bytes)   (bytes)
----------------------  --------  ---------  --------  --------  ----  --------
PAGE 0:
  MMR                   00000000   000000c0  00000000  000000c0  RWIX
  DARAM0                000000c0   0000ff40  00007470  00008ad0  RWIX
  SARAM0                00010000   00010000  00000000  00010000  RWIX
  SARAM1                00020000   00020000  000050d7  0001af29  RWIX
  SARAM2                00040000   0000fe00  00000454  0000f9ac  RWIX
  VECS                  0004fe00   00000200  00000100  00000100  RWIX
  PDROM                 00ff8000   00008000  00000000  00008000  R IX

PAGE 2:
  IOPORT                00000000   00020000  00000000  00020000  RWI 


SECTION ALLOCATION MAP
(Addresses surrounded by []'s are displayed for convenience only!)

output                                                          attributes/
section   page  orgn(bytes) orgn(words) len(bytes) len(words)   input sections
--------  ----  ----------- ----------- ---------- ----------   --------------
.pinit       0   [ 00040000 ]  00020000          *   00000000   UNINITIALIZED

.stack       0   [ 000000c0 ]  00000060          *   00001000   UNINITIALIZED
                 [ 000000c0 ]  00000060          *   00001000   --HOLE--

.data        0   [ 000000c0 ]  00000060          *   00000000   UNINITIALIZED

.sysstack 
*            0   [ 000020c0 ]  00001060          *   00000800   UNINITIALIZED
                 [ 000020c0 ]  00001060          *   00000800   --HOLE--

.sysmem      0   [ 000030c0 ]  00001860          *   00001000   UNINITIALIZED
                 [ 000030c0 ]  00001860          *   00001000   --HOLE--

.bss.1       0   [ 000050c0 ]  00002860          *   00000bdd   UNINITIALIZED
                 [ 000050c0 ]  00002860          *   00000500   main.obj (.bss)
                 [ 00005ac0 ]  00002d60          *   00000400   ezdsp5535_aic3204_dma.obj (.bss)
                 [ 000062c0 ]  00003160          *   00000119   rts55x.lib : defs.obj (.bss)
                 [ 000064f2 ]  00003279          *   000000d0              : trgdrv.obj (.bss)
                 [ 00006692 ]  00003349          *   00000001              : fopen.obj (.bss)
                 [ 00006694 ]  0000334a          *   00000082   window.obj (.bss)
                 [ 00006798 ]  000033cc          *   00000071   rts55x.lib : lowlev.obj (.bss)

.bss.2       0   [ 0000687c ]  0000343e          *   0000000b   UNINITIALIZED
                 [ 0000687c ]  0000343e          *   00000006   rts55x.lib : memory.obj (.bss)
                 [ 00006888 ]  00003444          *   00000005   aic3204.obj (.bss)

.bss.3       0   [ 00006894 ]  0000344a          *   0000000c   UNINITIALIZED
                 [ 00006894 ]  0000344a          *   00000004   aic3204_init.obj (.bss)
                 [ 0000689c ]  0000344e          *   00000004   rts55x.lib : _lock.obj (.bss)
                 [ 000068a4 ]  00003452          *   00000004              : exit.obj (.bss)

.const.1     0   [ 00006900 ]  00003480          *   00000599   
                 [ 00006900 ]  00003480          *   00000400   55xdspx_r3.lib : twiddle.obj (.const:twiddle)
                 [ 00007100 ]  00003880          *   00000101   rts55x.lib : ctype.obj (.const:__ctypes_)
                 [ 00007302 ]  00003981          *   00000001   print_number.obj (.const)
                 [ 00007304 ]  00003982          *   00000097   aic3204_init.obj (.const:.string)

.const.2     0   [ 00007434 ]  00003a1a          *   000000a5   
                 [ 00007434 ]  00003a1a          *   00000068   main.obj (.const:.string)
                 [ 00007504 ]  00003a82          *   00000024   rts55x.lib : _printfi.obj (.const:.string)
                 [ 0000754c ]  00003aa6          *   0000000c              : _printfi.obj (.const)
                 [ 00007564 ]  00003ab2          *   00000008              : divd.obj (.const:_initial_approx$1)
                 [ 00007574 ]  00003aba          *   00000005   print_number.obj (.const:.string)

.const.3     0   [ 00007580 ]  00003ac0          *   00000006   
                 [ 00007580 ]  00003ac0          *   00000002   rts55x.lib : fputs.obj (.const:.string)
                 [ 00007584 ]  00003ac2          *   00000002   iir.obj (.const)
                 [ 00007588 ]  00003ac4          *   00000002   rts55x.lib : fltlid.obj (.const)

.text        0     00020000  [ 00010000 ] 000050d7          *   
                   00020000  [ 00010000 ] 000015a4          *   rts55x.lib : _printfi.obj (.text)
                   000215a4  [ 00010ad2 ] 00000543          *              : lowlev.obj (.text)
                   00021ae7  [ 00010d73+] 00000528          *              : trgdrv.obj (.text)
                   0002200f  [ 00011007+] 000004b5          *              : memory.obj (.text)
                   000224c4  [ 00011262 ] 000003cc          *              : divd.obj (.text)
                   00022890  [ 00011448 ] 000003b0          *   iir.obj (.text)
                   00022c40  [ 00011620 ] 0000027f          *   rts55x.lib : fopen.obj (.text)
                   00022ebf  [ 0001175f+] 0000025e          *              : llmpy.obj (.text)
                   0002311d  [ 0001188e+] 0000025a          *              : addd.obj (.text)
                   00023377  [ 000119bb+] 00000210          *   main.obj (.text)
                   00023587  [ 00011ac3+] 000001ee          *   rts55x.lib : fwrite.obj (.text)
                   00023775  [ 00011bba+] 000001ea          *              : cmpd.obj (.text)
                   0002395f  [ 00011caf+] 000001d3          *   55xdspx_r3.lib : cfft_scale.obj (.text)
                   00023b32  [ 00011d99 ] 00000163          *   rts55x.lib : fputs.obj (.text)
                   00023c95  [ 00011e4a+] 00000152          *   ezdsp5535_aic3204_dma.obj (.text)
                   00023de7  [ 00011ef3+] 0000014c          *   rts55x.lib : mpyd.obj (.text)
                   00023f33  [ 00011f99+] 0000010f          *              : fread.obj (.text)
                   00024042  [ 00012021 ] 000000fc          *   aic3204.obj (.text)
                   0002413e  [ 0001209f ] 000000f6          *   aic3204_init.obj (.text)
                   00024234  [ 0001211a ] 000000e6          *   rts55x.lib : setvbuf.obj (.text)
                   0002431a  [ 0001218d ] 000000dd          *              : _io_perm.obj (.text)
                   000243f7  [ 000121fb+] 000000d6          *   55xdspx_r3.lib : cbrev.obj (.text)
                   000244cd  [ 00012266+] 000000c2          *   rts55x.lib : fflush.obj (.text)
                   0002458f  [ 000122c7+] 000000ba          *              : trgmsg.obj (.text:CIO_breakpoint)
                   00024649  [ 00012324+] 000000ae          *              : _bufread.obj (.text)
                   000246f7  [ 0001237b+] 000000a6          *              : fputc.obj (.text)
                   0002479d  [ 000123ce+] 000000a1          *              : divul.obj (.text)
                   0002483e  [ 0001241f ] 0000008d          *   55xdspx_r3.lib : unpack.obj (.text)
                   000248cb  [ 00012465+] 0000007d          *   rts55x.lib : ltoa.obj (.text)
                   00024948  [ 000124a4 ] 0000007b          *              : fclose.obj (.text)
                   000249c3  [ 000124e1+] 00000076          *              : frcmpyd.obj (.text)
                   00024a39  [ 0001251c+] 00000073          *              : frcmpyd_div.obj (.text)
                   00024aac  [ 00012556 ] 00000072          *              : remul.obj (.text)
                   00024b1e  [ 0001258f ] 0000006f          *              : fixdli.obj (.text)
                   00024b8d  [ 000125c6+] 0000006d          *              : trgmsg.obj (.text)
                   00024bfa  [ 000125fd ] 0000006b          *              : fseek.obj (.text)
                   00024c65  [ 00012632+] 00000067          *              : fltlid.obj (.text)
                   00024ccc  [ 00012666 ] 0000005c          *              : atoi.obj (.text)
                   00024d28  [ 00012694 ] 00000054          *   ezdsp5535bsl.lib : ezdsp5535.obj (.text)
                   00024d7c  [ 000126be ] 00000050          *   rts55x.lib : printf.obj (.text)
                   00024dcc  [ 000126e6 ] 0000004d          *              : autoinit.obj (.text)
                   00024e19  [ 0001270c+] 0000004b          *              : args_main.obj (.text)
                   00024e64  [ 00012732 ] 0000004b          *              : remli.obj (.text)
                   00024eaf  [ 00012757+] 00000048          *              : divli.obj (.text)
                   00024ef7  [ 0001277b+] 00000041          *   print_number.obj (.text)
                   00024f38  [ 0001279c ] 0000003f          *   rts55x.lib : memcpy.obj (.text)
                   00024f77  [ 000127bb+] 0000003e          *              : exit.obj (.text)
                   00024fb5  [ 000127da+] 00000034          *              : boot.obj (.text)
                   00024fe9  [ 000127f4+] 0000002a          *              : fixdi.obj (.text)
                   00025013  [ 00012809+] 0000002a          *              : udiv.obj (.text)
                   0002503d  [ 0001281e+] 00000023          *              : memccpy.obj (.text)
                   00025060  [ 00012830 ] 0000001a          *              : isinf.obj (.text)
                   0002507a  [ 0001283d ] 00000014          *              : subd.obj (.text)
                   0002508e  [ 00012847 ] 00000013          *              : lmpy.obj (.text)
                   000250a1  [ 00012850+] 00000012          *              : _lock.obj (.text)
                   000250b3  [ 00012859+] 00000010          *              : negd.obj (.text)
                   000250c3  [ 00012861+] 0000000a          *              : remove.obj (.text)
                   000250cd  [ 00012866+] 00000007          *              : exit.obj (.text:CIO_breakpoint)
                   000250d4  [ 0001286a ] 00000002          *              : vectors.obj (.text)
                   000250d6  [ 0001286b ] 00000001          *   --HOLE-- [fill = 20]

.cio         0   [ 00040000 ]  00020000          *   00000120   UNINITIALIZED
                 [ 00040000 ]  00020000          *   00000120   rts55x.lib : trgmsg.obj (.cio)

.cinit       0   [ 00040240 ]  00020120          *   0000010a   
                 [ 00040240 ]  00020120          *   00000088   window.obj (.cinit)
                 [ 00040350 ]  000201a8          *   0000002d   rts55x.lib : lowlev.obj (.cinit)
                 [ 000403aa ]  000201d5          *   0000002a              : defs.obj (.cinit)
                 [ 000403fe ]  000201ff          *   0000000a   aic3204_init.obj (.cinit)
                 [ 00040412 ]  00020209          *   0000000a   rts55x.lib : _lock.obj (.cinit)
                 [ 00040426 ]  00020213          *   0000000a              : exit.obj (.cinit)
                 [ 0004043a ]  0002021d          *   00000004   aic3204.obj (.cinit)
                 [ 00040442 ]  00020221          *   00000004   rts55x.lib : fopen.obj (.cinit)
                 [ 0004044a ]  00020225          *   00000004              : memory.obj (.cinit)
                 [ 00040452 ]  00020229          *   00000001   --HOLE-- [fill = 0]

vectors      0     0004fe00  [ 00027f00 ] 00000100          *   
                   0004fe00  [ 00027f00 ] 00000100          *   rts55x.lib : vectors.obj (vectors)


GLOBAL SYMBOLS: SORTED ALPHABETICALLY BY Name 

abs. value/
byte addr   word addr   name
---------   ---------   ----
00000002                $TI_capability$C5500$CallingConvention
00000002                $TI_capability$C5500$MemoryModel
00000001                $TI_capability_requires_rev3
ffffffff                .bss
ffffffff                .data
ffffffff                .text
000250ce                C$$EXIT
00024644                C$$IO$$
0002508e                I$$LMPY
00025013                I$$UDIV
00025028                I$$UMOD
00024d6e                _EZDSP5535_init
00024d28                _EZDSP5535_wait
00024d5c                _EZDSP5535_waitusec
00021fb1                _HOSTclock
00021f46                _HOSTclose
00021e91                _HOSTlseek
00021df2                _HOSTopen
00021d65                _HOSTread
00021cb7                _HOSTrename
00021c59                _HOSTtime
00021bef                _HOSTunlink
00021b62                _HOSTwrite
            00002860    _InputBufferL
            000028e0    _InputBufferR
00022b58                _Nth_order_IIR
0004fe00                _Reset
            00002d60    _SimulatorInput
            00002f60    _SimulatorOutput
            00020000    __CIOBUF_
            00001060    __STACK_END
00002000                __STACK_SIZE
00002000                __SYSMEM_SIZE
00001000                __SYSSTACK_SIZE
00000001                __TI_args_main
ffffffff                ___binit__
ffffffff                ___bss__
ffffffff                ___c_args__
            00020120    ___cinit__
ffffffff                ___data__
ffffffff                ___edata__
ffffffff                ___end__
ffffffff                ___etext__
00025060                ___isinf
ffffffff                ___pinit__
ffffffff                ___text__
0002311d                __addd
00024e19                __args_main
00024649                __buff_read
00022d61                __cleanup
            00003452    __cleanup_ptr
00023907                __cmpd
            00003880    __ctypes_
000224c4                __divd
00024eaf                __divli
000230e8                __divlli
00025013                __divu
0002479d                __divul
00022ff4                __divull
000244cd                __doflush
            00003454    __dtors_ptr
000238d3                __eqld
00024fe9                __fixdi
00024b1e                __fixdli
00024c65                __fltlid
000249c3                __frcmpyd
00024a39                __frcmpyd_div
            00003278    __ft_end
            00003160    __ftable
00023889                __geqd
0002383e                __gtrd
000237f1                __leqd
            0000344e    __lock
000237a9                __lssd
00023de7                __mpyd
0002508e                __mpyli
00022f3c                __mpylli
000250b3                __negd
00023775                __neqd
000250b1                __nop
00021362                __printfi
0002439a                __rd_ok
000250a9                __register_lock
000250a1                __register_unlock
00024e64                __remli
00022f0d                __remlli
00025028                __remu
00024aac                __remul
00022ebf                __remull
            00000060    __stack
0002507a                __subd
            00001860    __sys_memory
            00001060    __sysstack
            000031d8    __tmpnams
            00003450    __unlock
0002431a                __wrt_ok
000250cd                _abort
000219f7                _add_device
00024078                _aic3204_codec_read
000240e8                _aic3204_codec_write
00024044                _aic3204_disable
00023c95                _aic3204_dma_init
            00003448    _aic3204_enabled
00024042                _aic3204_hardware_init
00024162                _aic3204_init
00023c97                _aic3204_read_block
0002413e                _aic3204_set_input_filename
00024150                _aic3204_set_output_filename
00023d48                _aic3204_write_block
00024ccc                _atoi
00024dcc                _auto_init
00024fb5                _c_int00
0002249e                _calloc
000243f7                _cbrev
0002395f                _cfft_SCALE
00022496                _chkheap
00024ef9                _clearLCD
00021984                _close
00024f77                _exit
00024948                _fclose
00024536                _fflush
            00002b60    _fftSpectrumL
            00002c60    _fftSpectrumR
0002197b                _find_registered_device
00022890                _first_order_IIR
00022e84                _fopen
000229d0                _fourth_order_IIR
000246f7                _fputc
00023b32                _fputs
00023f33                _fread
0002200f                _free
00022440                _free_memory
00022dbb                _freopen
00024bfa                _fseek
00023587                _fwrite
00021ae7                _getenv
00022b6d                _halfband
00024ef7                _initPrintNumber
            00002960    _inputCopyL
            00002a60    _inputCopyR
            00003444    _input_file
00021915                _lseek
000248cb                _ltoa
00023377                _main
00022140                _malloc
000223e6                _max_free
0002503d                _memccpy
00024f38                _memcpy
000220db                _minit
00021856                _open
            00003446    _output_file
            000033ca    _p_window
00024f1f                _printChar
00024d7c                _printf
000246f7                _putc
0002478e                _putchar
00023c67                _puts
000217a8                _read
00024b8d                _readmsg
00022235                _realloc
000250c3                _remove
00021772                _remove_device
00021719                _rename
00022917                _second_order_IIR
00022b7f                _second_order_IIR_Direct_Form_II_f
00024f0c                _setWritePointerToFirstChar
00024227                _set_sampling_frequency_and_gain
00024234                _setvbuf
            00003981    _sign_width
000216e6                _unlink
0002483e                _unpack
            0000334a    _window
000215a4                _write
0002458f                _writemsg
ffffffff                binit
            00020120    cinit
ffffffff                edata
ffffffff                end
ffffffff                etext
ffffffff                pinit
            00003480    twiddle


GLOBAL SYMBOLS: SORTED BY Symbol Address 

abs. value/
byte addr   word addr   name
---------   ---------   ----
00000001                $TI_capability_requires_rev3
00000001                __TI_args_main
00000002                $TI_capability$C5500$CallingConvention
00000002                $TI_capability$C5500$MemoryModel
            00000060    __stack
00001000                __SYSSTACK_SIZE
00002000                __STACK_SIZE
00002000                __SYSMEM_SIZE
            00001060    __STACK_END
            00001060    __sysstack
            00001860    __sys_memory
            00002860    _InputBufferL
            000028e0    _InputBufferR
            00002960    _inputCopyL
            00002a60    _inputCopyR
            00002b60    _fftSpectrumL
            00002c60    _fftSpectrumR
            00002d60    _SimulatorInput
            00002f60    _SimulatorOutput
            00003160    __ftable
            000031d8    __tmpnams
            00003278    __ft_end
            0000334a    _window
            000033ca    _p_window
            00003444    _input_file
            00003446    _output_file
            00003448    _aic3204_enabled
            0000344e    __lock
            00003450    __unlock
            00003452    __cleanup_ptr
            00003454    __dtors_ptr
            00003480    twiddle
            00003880    __ctypes_
            00003981    _sign_width
00021362                __printfi
000215a4                _write
000216e6                _unlink
00021719                _rename
00021772                _remove_device
000217a8                _read
00021856                _open
00021915                _lseek
0002197b                _find_registered_device
00021984                _close
000219f7                _add_device
00021ae7                _getenv
00021b62                _HOSTwrite
00021bef                _HOSTunlink
00021c59                _HOSTtime
00021cb7                _HOSTrename
00021d65                _HOSTread
00021df2                _HOSTopen
00021e91                _HOSTlseek
00021f46                _HOSTclose
00021fb1                _HOSTclock
0002200f                _free
000220db                _minit
00022140                _malloc
00022235                _realloc
000223e6                _max_free
00022440                _free_memory
00022496                _chkheap
0002249e                _calloc
000224c4                __divd
00022890                _first_order_IIR
00022917                _second_order_IIR
000229d0                _fourth_order_IIR
00022b58                _Nth_order_IIR
00022b6d                _halfband
00022b7f                _second_order_IIR_Direct_Form_II_f
00022d61                __cleanup
00022dbb                _freopen
00022e84                _fopen
00022ebf                __remull
00022f0d                __remlli
00022f3c                __mpylli
00022ff4                __divull
000230e8                __divlli
0002311d                __addd
00023377                _main
00023587                _fwrite
00023775                __neqd
000237a9                __lssd
000237f1                __leqd
0002383e                __gtrd
00023889                __geqd
000238d3                __eqld
00023907                __cmpd
0002395f                _cfft_SCALE
00023b32                _fputs
00023c67                _puts
00023c95                _aic3204_dma_init
00023c97                _aic3204_read_block
00023d48                _aic3204_write_block
00023de7                __mpyd
00023f33                _fread
00024042                _aic3204_hardware_init
00024044                _aic3204_disable
00024078                _aic3204_codec_read
000240e8                _aic3204_codec_write
0002413e                _aic3204_set_input_filename
00024150                _aic3204_set_output_filename
00024162                _aic3204_init
00024227                _set_sampling_frequency_and_gain
00024234                _setvbuf
0002431a                __wrt_ok
0002439a                __rd_ok
000243f7                _cbrev
000244cd                __doflush
00024536                _fflush
0002458f                _writemsg
00024644                C$$IO$$
00024649                __buff_read
000246f7                _fputc
000246f7                _putc
0002478e                _putchar
0002479d                __divul
0002483e                _unpack
000248cb                _ltoa
00024948                _fclose
000249c3                __frcmpyd
00024a39                __frcmpyd_div
00024aac                __remul
00024b1e                __fixdli
00024b8d                _readmsg
00024bfa                _fseek
00024c65                __fltlid
00024ccc                _atoi
00024d28                _EZDSP5535_wait
00024d5c                _EZDSP5535_waitusec
00024d6e                _EZDSP5535_init
00024d7c                _printf
00024dcc                _auto_init
00024e19                __args_main
00024e64                __remli
00024eaf                __divli
00024ef7                _initPrintNumber
00024ef9                _clearLCD
00024f0c                _setWritePointerToFirstChar
00024f1f                _printChar
00024f38                _memcpy
00024f77                _exit
00024fb5                _c_int00
00024fe9                __fixdi
00025013                I$$UDIV
00025013                __divu
00025028                I$$UMOD
00025028                __remu
0002503d                _memccpy
00025060                ___isinf
0002507a                __subd
0002508e                I$$LMPY
0002508e                __mpyli
000250a1                __register_unlock
000250a9                __register_lock
000250b1                __nop
000250b3                __negd
000250c3                _remove
000250cd                _abort
000250ce                C$$EXIT
            00020000    __CIOBUF_
            00020120    ___cinit__
            00020120    cinit
0004fe00                _Reset
ffffffff                .bss
ffffffff                .data
ffffffff                .text
ffffffff                ___binit__
ffffffff                ___bss__
ffffffff                ___c_args__
ffffffff                ___data__
ffffffff                ___edata__
ffffffff                ___end__
ffffffff                ___etext__
ffffffff                ___pinit__
ffffffff                ___text__
ffffffff                binit
ffffffff                edata
ffffffff                end
ffffffff                etext
ffffffff                pinit

[181 symbols]
