******************************************************************************
              TMS320C55x Linker PC v4.4.1                      
******************************************************************************
>> Linked Sat Jan 06 14:56:04 2018

OUTPUT FILE NAME:   <NoiseRemoval Sim.out>
ENTRY POINT SYMBOL: "_c_int00"  address: 00025036


MEMORY CONFIGURATION

         name            origin    length      used     unused   attr    fill
                        (bytes)   (bytes)    (bytes)   (bytes)
----------------------  --------  ---------  --------  --------  ----  --------
PAGE 0:
  MMR                   00000000   000000c0  00000000  000000c0  RWIX
  DARAM0                000000c0   0000ff40  000074dc  00008a64  RWIX
  SARAM0                00010000   00010000  00000000  00010000  RWIX
  SARAM1                00020000   00020000  00005158  0001aea8  RWIX
  SARAM2                00040000   0000fe00  00000454  0000f9ac  RWIX
  VECS                  0004fe00   00000200  00000100  00000100  RWIX
  PDROM                 00ff8000   00008000  00000000  00008000  R IX

PAGE 2:
  IOPORT                00000000   00020000  00000000  00020000  RWI 


SECTION ALLOCATION MAP
(Addresses surrounded by []'s are displayed for convenience only!)

output                                                          attributes/
section   page  orgn(bytes) orgn(words) len(bytes) len(words)   input sections
--------  ----  ----------- ----------- ---------- ----------   --------------
.pinit       0   [ 00040000 ]  00020000          *   00000000   UNINITIALIZED

.stack       0   [ 000000c0 ]  00000060          *   00001000   UNINITIALIZED
                 [ 000000c0 ]  00000060          *   00001000   --HOLE--

.data        0   [ 000000c0 ]  00000060          *   00000000   UNINITIALIZED

.sysstack 
*            0   [ 000020c0 ]  00001060          *   00000800   UNINITIALIZED
                 [ 000020c0 ]  00001060          *   00000800   --HOLE--

.sysmem      0   [ 000030c0 ]  00001860          *   00001000   UNINITIALIZED
                 [ 000030c0 ]  00001860          *   00001000   --HOLE--

.bss.1       0   [ 000050c0 ]  00002860          *   00000bdd   UNINITIALIZED
                 [ 000050c0 ]  00002860          *   00000500   main.obj (.bss)
                 [ 00005ac0 ]  00002d60          *   00000400   ezdsp5535_aic3204_dma.obj (.bss)
                 [ 000062c0 ]  00003160          *   00000119   rts55x.lib : defs.obj (.bss)
                 [ 000064f2 ]  00003279          *   000000d0              : trgdrv.obj (.bss)
                 [ 00006692 ]  00003349          *   00000001              : fopen.obj (.bss)
                 [ 00006694 ]  0000334a          *   00000082   window.obj (.bss)
                 [ 00006798 ]  000033cc          *   00000071   rts55x.lib : lowlev.obj (.bss)

.bss.2       0   [ 0000687c ]  0000343e          *   0000000b   UNINITIALIZED
                 [ 0000687c ]  0000343e          *   00000006   rts55x.lib : memory.obj (.bss)
                 [ 00006888 ]  00003444          *   00000005   aic3204.obj (.bss)

.bss.3       0   [ 00006894 ]  0000344a          *   0000000c   UNINITIALIZED
                 [ 00006894 ]  0000344a          *   00000004   aic3204_init.obj (.bss)
                 [ 0000689c ]  0000344e          *   00000004   rts55x.lib : _lock.obj (.bss)
                 [ 000068a4 ]  00003452          *   00000004              : exit.obj (.bss)

.const.1     0   [ 00006900 ]  00003480          *   00000637   
                 [ 00006900 ]  00003480          *   00000400   55xdspx_r3.lib : twiddle.obj (.const:twiddle)
                 [ 00007100 ]  00003880          *   00000101   rts55x.lib : ctype.obj (.const:__ctypes_)
                 [ 00007302 ]  00003981          *   00000001   print_number.obj (.const)
                 [ 00007304 ]  00003982          *   0000009e   main.obj (.const:.string)
                 [ 00007440 ]  00003a20          *   00000097   aic3204_init.obj (.const:.string)

.const.2     0   [ 00007570 ]  00003ab8          *   0000003d   
                 [ 00007570 ]  00003ab8          *   00000024   rts55x.lib : _printfi.obj (.const:.string)
                 [ 000075b8 ]  00003adc          *   0000000c              : _printfi.obj (.const)
                 [ 000075d0 ]  00003ae8          *   00000008              : divd.obj (.const:_initial_approx$1)
                 [ 000075e0 ]  00003af0          *   00000005   print_number.obj (.const:.string)

.const.3     0   [ 000075ec ]  00003af6          *   00000006   
                 [ 000075ec ]  00003af6          *   00000002   rts55x.lib : fputs.obj (.const:.string)
                 [ 000075f0 ]  00003af8          *   00000002   iir.obj (.const)
                 [ 000075f4 ]  00003afa          *   00000002   rts55x.lib : fltlid.obj (.const)

.text        0     00020000  [ 00010000 ] 00005158          *   
                   00020000  [ 00010000 ] 000015a4          *   rts55x.lib : _printfi.obj (.text)
                   000215a4  [ 00010ad2 ] 00000543          *              : lowlev.obj (.text)
                   00021ae7  [ 00010d73+] 00000528          *              : trgdrv.obj (.text)
                   0002200f  [ 00011007+] 000004b5          *              : memory.obj (.text)
                   000224c4  [ 00011262 ] 000003cc          *              : divd.obj (.text)
                   00022890  [ 00011448 ] 000003b0          *   iir.obj (.text)
                   00022c40  [ 00011620 ] 00000291          *   main.obj (.text)
                   00022ed1  [ 00011768+] 0000027f          *   rts55x.lib : fopen.obj (.text)
                   00023150  [ 000118a8 ] 0000025e          *              : llmpy.obj (.text)
                   000233ae  [ 000119d7 ] 0000025a          *              : addd.obj (.text)
                   00023608  [ 00011b04 ] 000001ee          *              : fwrite.obj (.text)
                   000237f6  [ 00011bfb ] 000001ea          *              : cmpd.obj (.text)
                   000239e0  [ 00011cf0 ] 000001d3          *   55xdspx_r3.lib : cfft_scale.obj (.text)
                   00023bb3  [ 00011dd9+] 00000163          *   rts55x.lib : fputs.obj (.text)
                   00023d16  [ 00011e8b ] 00000152          *   ezdsp5535_aic3204_dma.obj (.text)
                   00023e68  [ 00011f34 ] 0000014c          *   rts55x.lib : mpyd.obj (.text)
                   00023fb4  [ 00011fda ] 0000010f          *              : fread.obj (.text)
                   000240c3  [ 00012061+] 000000fc          *   aic3204.obj (.text)
                   000241bf  [ 000120df+] 000000f6          *   aic3204_init.obj (.text)
                   000242b5  [ 0001215a+] 000000e6          *   rts55x.lib : setvbuf.obj (.text)
                   0002439b  [ 000121cd+] 000000dd          *              : _io_perm.obj (.text)
                   00024478  [ 0001223c ] 000000d6          *   55xdspx_r3.lib : cbrev.obj (.text)
                   0002454e  [ 000122a7 ] 000000c2          *   rts55x.lib : fflush.obj (.text)
                   00024610  [ 00012308 ] 000000ba          *              : trgmsg.obj (.text:CIO_breakpoint)
                   000246ca  [ 00012365 ] 000000ae          *              : _bufread.obj (.text)
                   00024778  [ 000123bc ] 000000a6          *              : fputc.obj (.text)
                   0002481e  [ 0001240f ] 000000a1          *              : divul.obj (.text)
                   000248bf  [ 0001245f+] 0000008d          *   55xdspx_r3.lib : unpack.obj (.text)
                   0002494c  [ 000124a6 ] 0000007d          *   rts55x.lib : ltoa.obj (.text)
                   000249c9  [ 000124e4+] 0000007b          *              : fclose.obj (.text)
                   00024a44  [ 00012522 ] 00000076          *              : frcmpyd.obj (.text)
                   00024aba  [ 0001255d ] 00000073          *              : frcmpyd_div.obj (.text)
                   00024b2d  [ 00012596+] 00000072          *              : remul.obj (.text)
                   00024b9f  [ 000125cf+] 0000006f          *              : fixdli.obj (.text)
                   00024c0e  [ 00012607 ] 0000006d          *              : trgmsg.obj (.text)
                   00024c7b  [ 0001263d+] 0000006b          *              : fseek.obj (.text)
                   00024ce6  [ 00012673 ] 00000067          *              : fltlid.obj (.text)
                   00024d4d  [ 000126a6+] 0000005c          *              : atoi.obj (.text)
                   00024da9  [ 000126d4+] 00000054          *   ezdsp5535bsl.lib : ezdsp5535.obj (.text)
                   00024dfd  [ 000126fe+] 00000050          *   rts55x.lib : printf.obj (.text)
                   00024e4d  [ 00012726+] 0000004d          *              : autoinit.obj (.text)
                   00024e9a  [ 0001274d ] 0000004b          *              : args_main.obj (.text)
                   00024ee5  [ 00012772+] 0000004b          *              : remli.obj (.text)
                   00024f30  [ 00012798 ] 00000048          *              : divli.obj (.text)
                   00024f78  [ 000127bc ] 00000041          *   print_number.obj (.text)
                   00024fb9  [ 000127dc+] 0000003f          *   rts55x.lib : memcpy.obj (.text)
                   00024ff8  [ 000127fc ] 0000003e          *              : exit.obj (.text)
                   00025036  [ 0001281b ] 00000034          *              : boot.obj (.text)
                   0002506a  [ 00012835 ] 0000002a          *              : fixdi.obj (.text)
                   00025094  [ 0001284a ] 0000002a          *              : udiv.obj (.text)
                   000250be  [ 0001285f ] 00000023          *              : memccpy.obj (.text)
                   000250e1  [ 00012870+] 0000001a          *              : isinf.obj (.text)
                   000250fb  [ 0001287d+] 00000014          *              : subd.obj (.text)
                   0002510f  [ 00012887+] 00000013          *              : lmpy.obj (.text)
                   00025122  [ 00012891 ] 00000012          *              : _lock.obj (.text)
                   00025134  [ 0001289a ] 00000010          *              : negd.obj (.text)
                   00025144  [ 000128a2 ] 0000000a          *              : remove.obj (.text)
                   0002514e  [ 000128a7 ] 00000007          *              : exit.obj (.text:CIO_breakpoint)
                   00025155  [ 000128aa+] 00000002          *              : vectors.obj (.text)
                   00025157  [ 000128ab ] 00000001          *   --HOLE-- [fill = 20]

.cio         0   [ 00040000 ]  00020000          *   00000120   UNINITIALIZED
                 [ 00040000 ]  00020000          *   00000120   rts55x.lib : trgmsg.obj (.cio)

.cinit       0   [ 00040240 ]  00020120          *   0000010a   
                 [ 00040240 ]  00020120          *   00000088   window.obj (.cinit)
                 [ 00040350 ]  000201a8          *   0000002d   rts55x.lib : lowlev.obj (.cinit)
                 [ 000403aa ]  000201d5          *   0000002a              : defs.obj (.cinit)
                 [ 000403fe ]  000201ff          *   0000000a   aic3204_init.obj (.cinit)
                 [ 00040412 ]  00020209          *   0000000a   rts55x.lib : _lock.obj (.cinit)
                 [ 00040426 ]  00020213          *   0000000a              : exit.obj (.cinit)
                 [ 0004043a ]  0002021d          *   00000004   aic3204.obj (.cinit)
                 [ 00040442 ]  00020221          *   00000004   rts55x.lib : fopen.obj (.cinit)
                 [ 0004044a ]  00020225          *   00000004              : memory.obj (.cinit)
                 [ 00040452 ]  00020229          *   00000001   --HOLE-- [fill = 0]

vectors      0     0004fe00  [ 00027f00 ] 00000100          *   
                   0004fe00  [ 00027f00 ] 00000100          *   rts55x.lib : vectors.obj (vectors)


GLOBAL SYMBOLS: SORTED ALPHABETICALLY BY Name 

abs. value/
byte addr   word addr   name
---------   ---------   ----
00000002                $TI_capability$C5500$CallingConvention
00000002                $TI_capability$C5500$MemoryModel
00000001                $TI_capability_requires_rev3
ffffffff                .bss
ffffffff                .data
ffffffff                .text
0002514f                C$$EXIT
000246c5                C$$IO$$
0002510f                I$$LMPY
00025094                I$$UDIV
000250a9                I$$UMOD
00024def                _EZDSP5535_init
00024da9                _EZDSP5535_wait
00024ddd                _EZDSP5535_waitusec
00021fb1                _HOSTclock
00021f46                _HOSTclose
00021e91                _HOSTlseek
00021df2                _HOSTopen
00021d65                _HOSTread
00021cb7                _HOSTrename
00021c59                _HOSTtime
00021bef                _HOSTunlink
00021b62                _HOSTwrite
            00002860    _InputBufferL
            000028e0    _InputBufferR
00022b58                _Nth_order_IIR
0004fe00                _Reset
            00002d60    _SimulatorInput
            00002f60    _SimulatorOutput
            00020000    __CIOBUF_
            00001060    __STACK_END
00002000                __STACK_SIZE
00002000                __SYSMEM_SIZE
00001000                __SYSSTACK_SIZE
00000001                __TI_args_main
ffffffff                ___binit__
ffffffff                ___bss__
ffffffff                ___c_args__
            00020120    ___cinit__
ffffffff                ___data__
ffffffff                ___edata__
ffffffff                ___end__
ffffffff                ___etext__
000250e1                ___isinf
ffffffff                ___pinit__
ffffffff                ___text__
000233ae                __addd
00024e9a                __args_main
000246ca                __buff_read
00022ff2                __cleanup
            00003452    __cleanup_ptr
00023988                __cmpd
            00003880    __ctypes_
000224c4                __divd
00024f30                __divli
00023379                __divlli
00025094                __divu
0002481e                __divul
00023285                __divull
0002454e                __doflush
            00003454    __dtors_ptr
00023954                __eqld
0002506a                __fixdi
00024b9f                __fixdli
00024ce6                __fltlid
00024a44                __frcmpyd
00024aba                __frcmpyd_div
            00003278    __ft_end
            00003160    __ftable
0002390a                __geqd
000238bf                __gtrd
00023872                __leqd
            0000344e    __lock
0002382a                __lssd
00023e68                __mpyd
0002510f                __mpyli
000231cd                __mpylli
00025134                __negd
000237f6                __neqd
00025132                __nop
00021362                __printfi
0002441b                __rd_ok
0002512a                __register_lock
00025122                __register_unlock
00024ee5                __remli
0002319e                __remlli
000250a9                __remu
00024b2d                __remul
00023150                __remull
            00000060    __stack
000250fb                __subd
            00001860    __sys_memory
            00001060    __sysstack
            000031d8    __tmpnams
            00003450    __unlock
0002439b                __wrt_ok
0002514e                _abort
000219f7                _add_device
000240f9                _aic3204_codec_read
00024169                _aic3204_codec_write
000240c5                _aic3204_disable
00023d16                _aic3204_dma_init
            00003448    _aic3204_enabled
000240c3                _aic3204_hardware_init
000241e3                _aic3204_init
00023d18                _aic3204_read_block
000241bf                _aic3204_set_input_filename
000241d1                _aic3204_set_output_filename
00023dc9                _aic3204_write_block
00024d4d                _atoi
00024e4d                _auto_init
00025036                _c_int00
0002249e                _calloc
00024478                _cbrev
000239e0                _cfft_SCALE
00022496                _chkheap
00024f7a                _clearLCD
00021984                _close
00024ff8                _exit
000249c9                _fclose
000245b7                _fflush
            00002b60    _fftSpectrumL
            00002c60    _fftSpectrumR
0002197b                _find_registered_device
00022890                _first_order_IIR
00023115                _fopen
000229d0                _fourth_order_IIR
00024778                _fputc
00023bb3                _fputs
00023fb4                _fread
0002200f                _free
00022440                _free_memory
0002304c                _freopen
00024c7b                _fseek
00023608                _fwrite
00021ae7                _getenv
00022b6d                _halfband
00024f78                _initPrintNumber
            00002960    _inputCopyL
            00002a60    _inputCopyR
            00003444    _input_file
00021915                _lseek
0002494c                _ltoa
00022c40                _main
00022140                _malloc
000223e6                _max_free
000250be                _memccpy
00024fb9                _memcpy
000220db                _minit
00021856                _open
            00003446    _output_file
            000033ca    _p_window
00024fa0                _printChar
00024dfd                _printf
00024778                _putc
0002480f                _putchar
00023ce8                _puts
000217a8                _read
00024c0e                _readmsg
00022235                _realloc
00025144                _remove
00021772                _remove_device
00021719                _rename
00022917                _second_order_IIR
00022b7f                _second_order_IIR_Direct_Form_II_f
00024f8d                _setWritePointerToFirstChar
000242a8                _set_sampling_frequency_and_gain
000242b5                _setvbuf
            00003981    _sign_width
000216e6                _unlink
000248bf                _unpack
            0000334a    _window
000215a4                _write
00024610                _writemsg
ffffffff                binit
            00020120    cinit
ffffffff                edata
ffffffff                end
ffffffff                etext
ffffffff                pinit
            00003480    twiddle


GLOBAL SYMBOLS: SORTED BY Symbol Address 

abs. value/
byte addr   word addr   name
---------   ---------   ----
00000001                $TI_capability_requires_rev3
00000001                __TI_args_main
00000002                $TI_capability$C5500$CallingConvention
00000002                $TI_capability$C5500$MemoryModel
            00000060    __stack
00001000                __SYSSTACK_SIZE
00002000                __STACK_SIZE
00002000                __SYSMEM_SIZE
            00001060    __STACK_END
            00001060    __sysstack
            00001860    __sys_memory
            00002860    _InputBufferL
            000028e0    _InputBufferR
            00002960    _inputCopyL
            00002a60    _inputCopyR
            00002b60    _fftSpectrumL
            00002c60    _fftSpectrumR
            00002d60    _SimulatorInput
            00002f60    _SimulatorOutput
            00003160    __ftable
            000031d8    __tmpnams
            00003278    __ft_end
            0000334a    _window
            000033ca    _p_window
            00003444    _input_file
            00003446    _output_file
            00003448    _aic3204_enabled
            0000344e    __lock
            00003450    __unlock
            00003452    __cleanup_ptr
            00003454    __dtors_ptr
            00003480    twiddle
            00003880    __ctypes_
            00003981    _sign_width
00021362                __printfi
000215a4                _write
000216e6                _unlink
00021719                _rename
00021772                _remove_device
000217a8                _read
00021856                _open
00021915                _lseek
0002197b                _find_registered_device
00021984                _close
000219f7                _add_device
00021ae7                _getenv
00021b62                _HOSTwrite
00021bef                _HOSTunlink
00021c59                _HOSTtime
00021cb7                _HOSTrename
00021d65                _HOSTread
00021df2                _HOSTopen
00021e91                _HOSTlseek
00021f46                _HOSTclose
00021fb1                _HOSTclock
0002200f                _free
000220db                _minit
00022140                _malloc
00022235                _realloc
000223e6                _max_free
00022440                _free_memory
00022496                _chkheap
0002249e                _calloc
000224c4                __divd
00022890                _first_order_IIR
00022917                _second_order_IIR
000229d0                _fourth_order_IIR
00022b58                _Nth_order_IIR
00022b6d                _halfband
00022b7f                _second_order_IIR_Direct_Form_II_f
00022c40                _main
00022ff2                __cleanup
0002304c                _freopen
00023115                _fopen
00023150                __remull
0002319e                __remlli
000231cd                __mpylli
00023285                __divull
00023379                __divlli
000233ae                __addd
00023608                _fwrite
000237f6                __neqd
0002382a                __lssd
00023872                __leqd
000238bf                __gtrd
0002390a                __geqd
00023954                __eqld
00023988                __cmpd
000239e0                _cfft_SCALE
00023bb3                _fputs
00023ce8                _puts
00023d16                _aic3204_dma_init
00023d18                _aic3204_read_block
00023dc9                _aic3204_write_block
00023e68                __mpyd
00023fb4                _fread
000240c3                _aic3204_hardware_init
000240c5                _aic3204_disable
000240f9                _aic3204_codec_read
00024169                _aic3204_codec_write
000241bf                _aic3204_set_input_filename
000241d1                _aic3204_set_output_filename
000241e3                _aic3204_init
000242a8                _set_sampling_frequency_and_gain
000242b5                _setvbuf
0002439b                __wrt_ok
0002441b                __rd_ok
00024478                _cbrev
0002454e                __doflush
000245b7                _fflush
00024610                _writemsg
000246c5                C$$IO$$
000246ca                __buff_read
00024778                _fputc
00024778                _putc
0002480f                _putchar
0002481e                __divul
000248bf                _unpack
0002494c                _ltoa
000249c9                _fclose
00024a44                __frcmpyd
00024aba                __frcmpyd_div
00024b2d                __remul
00024b9f                __fixdli
00024c0e                _readmsg
00024c7b                _fseek
00024ce6                __fltlid
00024d4d                _atoi
00024da9                _EZDSP5535_wait
00024ddd                _EZDSP5535_waitusec
00024def                _EZDSP5535_init
00024dfd                _printf
00024e4d                _auto_init
00024e9a                __args_main
00024ee5                __remli
00024f30                __divli
00024f78                _initPrintNumber
00024f7a                _clearLCD
00024f8d                _setWritePointerToFirstChar
00024fa0                _printChar
00024fb9                _memcpy
00024ff8                _exit
00025036                _c_int00
0002506a                __fixdi
00025094                I$$UDIV
00025094                __divu
000250a9                I$$UMOD
000250a9                __remu
000250be                _memccpy
000250e1                ___isinf
000250fb                __subd
0002510f                I$$LMPY
0002510f                __mpyli
00025122                __register_unlock
0002512a                __register_lock
00025132                __nop
00025134                __negd
00025144                _remove
0002514e                _abort
0002514f                C$$EXIT
            00020000    __CIOBUF_
            00020120    ___cinit__
            00020120    cinit
0004fe00                _Reset
ffffffff                .bss
ffffffff                .data
ffffffff                .text
ffffffff                ___binit__
ffffffff                ___bss__
ffffffff                ___c_args__
ffffffff                ___data__
ffffffff                ___edata__
ffffffff                ___end__
ffffffff                ___etext__
ffffffff                ___pinit__
ffffffff                ___text__
ffffffff                binit
ffffffff                edata
ffffffff                end
ffffffff                etext
ffffffff                pinit

[181 symbols]
