<?xml version="1.0"?>
<link_info>
   <banner>TMS320C55x Linker PC v4.4.1</banner>
   <copyright>Copyright (c) 1996-2012 Texas Instruments Incorporated</copyright>
   <link_time>0x5a502dcc</link_time>
   <output_file>NoiseRemoval Sim.out</output_file>
   <entry_point>
      <name>_c_int00</name>
      <address>0x24fb5</address>
   </entry_point>
   <input_file_list>
      <input_file id="fl-2">
         <path>.\</path>
         <kind>object</kind>
         <file>aic3204.obj</file>
         <name>aic3204.obj</name>
      </input_file>
      <input_file id="fl-3">
         <path>.\</path>
         <kind>object</kind>
         <file>aic3204_init.obj</file>
         <name>aic3204_init.obj</name>
      </input_file>
      <input_file id="fl-4">
         <path>.\</path>
         <kind>object</kind>
         <file>ezdsp5535_aic3204_dma.obj</file>
         <name>ezdsp5535_aic3204_dma.obj</name>
      </input_file>
      <input_file id="fl-5">
         <path>.\</path>
         <kind>object</kind>
         <file>iir.obj</file>
         <name>iir.obj</name>
      </input_file>
      <input_file id="fl-6">
         <path>.\</path>
         <kind>object</kind>
         <file>main.obj</file>
         <name>main.obj</name>
      </input_file>
      <input_file id="fl-7">
         <path>.\</path>
         <kind>object</kind>
         <file>print_number.obj</file>
         <name>print_number.obj</name>
      </input_file>
      <input_file id="fl-8">
         <path>.\</path>
         <kind>object</kind>
         <file>window.obj</file>
         <name>window.obj</name>
      </input_file>
      <input_file id="fl-13">
         <path>..\c55xx_csl\lib\</path>
         <kind>archive</kind>
         <file>55xdspx_r3.lib</file>
         <name>cbrev.obj</name>
      </input_file>
      <input_file id="fl-14">
         <path>..\c55xx_csl\lib\</path>
         <kind>archive</kind>
         <file>55xdspx_r3.lib</file>
         <name>cfft_scale.obj</name>
      </input_file>
      <input_file id="fl-15">
         <path>..\c55xx_csl\lib\</path>
         <kind>archive</kind>
         <file>55xdspx_r3.lib</file>
         <name>twiddle.obj</name>
      </input_file>
      <input_file id="fl-16">
         <path>..\c55xx_csl\lib\</path>
         <kind>archive</kind>
         <file>55xdspx_r3.lib</file>
         <name>unpack.obj</name>
      </input_file>
      <input_file id="fl-17">
         <path>..\lib\</path>
         <kind>archive</kind>
         <file>ezdsp5535bsl.lib</file>
         <name>ezdsp5535.obj</name>
      </input_file>
      <input_file id="fl-2b">
         <path>C:\ti\ccsv6\tools\compiler\c5500_4.4.1\lib\</path>
         <kind>archive</kind>
         <file>rts55x.lib</file>
         <name>addd.obj</name>
      </input_file>
      <input_file id="fl-2c">
         <path>C:\ti\ccsv6\tools\compiler\c5500_4.4.1\lib\</path>
         <kind>archive</kind>
         <file>rts55x.lib</file>
         <name>boot.obj</name>
      </input_file>
      <input_file id="fl-2d">
         <path>C:\ti\ccsv6\tools\compiler\c5500_4.4.1\lib\</path>
         <kind>archive</kind>
         <file>rts55x.lib</file>
         <name>exit.obj</name>
      </input_file>
      <input_file id="fl-2e">
         <path>C:\ti\ccsv6\tools\compiler\c5500_4.4.1\lib\</path>
         <kind>archive</kind>
         <file>rts55x.lib</file>
         <name>fclose.obj</name>
      </input_file>
      <input_file id="fl-2f">
         <path>C:\ti\ccsv6\tools\compiler\c5500_4.4.1\lib\</path>
         <kind>archive</kind>
         <file>rts55x.lib</file>
         <name>fflush.obj</name>
      </input_file>
      <input_file id="fl-30">
         <path>C:\ti\ccsv6\tools\compiler\c5500_4.4.1\lib\</path>
         <kind>archive</kind>
         <file>rts55x.lib</file>
         <name>fopen.obj</name>
      </input_file>
      <input_file id="fl-31">
         <path>C:\ti\ccsv6\tools\compiler\c5500_4.4.1\lib\</path>
         <kind>archive</kind>
         <file>rts55x.lib</file>
         <name>fread.obj</name>
      </input_file>
      <input_file id="fl-32">
         <path>C:\ti\ccsv6\tools\compiler\c5500_4.4.1\lib\</path>
         <kind>archive</kind>
         <file>rts55x.lib</file>
         <name>fwrite.obj</name>
      </input_file>
      <input_file id="fl-33">
         <path>C:\ti\ccsv6\tools\compiler\c5500_4.4.1\lib\</path>
         <kind>archive</kind>
         <file>rts55x.lib</file>
         <name>lowlev.obj</name>
      </input_file>
      <input_file id="fl-34">
         <path>C:\ti\ccsv6\tools\compiler\c5500_4.4.1\lib\</path>
         <kind>archive</kind>
         <file>rts55x.lib</file>
         <name>memcpy.obj</name>
      </input_file>
      <input_file id="fl-35">
         <path>C:\ti\ccsv6\tools\compiler\c5500_4.4.1\lib\</path>
         <kind>archive</kind>
         <file>rts55x.lib</file>
         <name>memory.obj</name>
      </input_file>
      <input_file id="fl-36">
         <path>C:\ti\ccsv6\tools\compiler\c5500_4.4.1\lib\</path>
         <kind>archive</kind>
         <file>rts55x.lib</file>
         <name>mpyd.obj</name>
      </input_file>
      <input_file id="fl-37">
         <path>C:\ti\ccsv6\tools\compiler\c5500_4.4.1\lib\</path>
         <kind>archive</kind>
         <file>rts55x.lib</file>
         <name>printf.obj</name>
      </input_file>
      <input_file id="fl-38">
         <path>C:\ti\ccsv6\tools\compiler\c5500_4.4.1\lib\</path>
         <kind>archive</kind>
         <file>rts55x.lib</file>
         <name>remove.obj</name>
      </input_file>
      <input_file id="fl-39">
         <path>C:\ti\ccsv6\tools\compiler\c5500_4.4.1\lib\</path>
         <kind>archive</kind>
         <file>rts55x.lib</file>
         <name>subd.obj</name>
      </input_file>
      <input_file id="fl-3a">
         <path>C:\ti\ccsv6\tools\compiler\c5500_4.4.1\lib\</path>
         <kind>archive</kind>
         <file>rts55x.lib</file>
         <name>trgdrv.obj</name>
      </input_file>
      <input_file id="fl-3b">
         <path>C:\ti\ccsv6\tools\compiler\c5500_4.4.1\lib\</path>
         <kind>archive</kind>
         <file>rts55x.lib</file>
         <name>trgmsg.obj</name>
      </input_file>
      <input_file id="fl-3c">
         <path>C:\ti\ccsv6\tools\compiler\c5500_4.4.1\lib\</path>
         <kind>archive</kind>
         <file>rts55x.lib</file>
         <name>udiv.obj</name>
      </input_file>
      <input_file id="fl-3d">
         <path>C:\ti\ccsv6\tools\compiler\c5500_4.4.1\lib\</path>
         <kind>archive</kind>
         <file>rts55x.lib</file>
         <name>vectors.obj</name>
      </input_file>
      <input_file id="fl-3e">
         <path>C:\ti\ccsv6\tools\compiler\c5500_4.4.1\lib\</path>
         <kind>archive</kind>
         <file>rts55x.lib</file>
         <name>_bufread.obj</name>
      </input_file>
      <input_file id="fl-3f">
         <path>C:\ti\ccsv6\tools\compiler\c5500_4.4.1\lib\</path>
         <kind>archive</kind>
         <file>rts55x.lib</file>
         <name>_io_perm.obj</name>
      </input_file>
      <input_file id="fl-40">
         <path>C:\ti\ccsv6\tools\compiler\c5500_4.4.1\lib\</path>
         <kind>archive</kind>
         <file>rts55x.lib</file>
         <name>_lock.obj</name>
      </input_file>
      <input_file id="fl-41">
         <path>C:\ti\ccsv6\tools\compiler\c5500_4.4.1\lib\</path>
         <kind>archive</kind>
         <file>rts55x.lib</file>
         <name>_printfi.obj</name>
      </input_file>
      <input_file id="fl-42">
         <path>C:\ti\ccsv6\tools\compiler\c5500_4.4.1\lib\</path>
         <kind>archive</kind>
         <file>rts55x.lib</file>
         <name>args_main.obj</name>
      </input_file>
      <input_file id="fl-43">
         <path>C:\ti\ccsv6\tools\compiler\c5500_4.4.1\lib\</path>
         <kind>archive</kind>
         <file>rts55x.lib</file>
         <name>atoi.obj</name>
      </input_file>
      <input_file id="fl-44">
         <path>C:\ti\ccsv6\tools\compiler\c5500_4.4.1\lib\</path>
         <kind>archive</kind>
         <file>rts55x.lib</file>
         <name>autoinit.obj</name>
      </input_file>
      <input_file id="fl-45">
         <path>C:\ti\ccsv6\tools\compiler\c5500_4.4.1\lib\</path>
         <kind>archive</kind>
         <file>rts55x.lib</file>
         <name>cmpd.obj</name>
      </input_file>
      <input_file id="fl-46">
         <path>C:\ti\ccsv6\tools\compiler\c5500_4.4.1\lib\</path>
         <kind>archive</kind>
         <file>rts55x.lib</file>
         <name>ctype.obj</name>
      </input_file>
      <input_file id="fl-47">
         <path>C:\ti\ccsv6\tools\compiler\c5500_4.4.1\lib\</path>
         <kind>archive</kind>
         <file>rts55x.lib</file>
         <name>defs.obj</name>
      </input_file>
      <input_file id="fl-48">
         <path>C:\ti\ccsv6\tools\compiler\c5500_4.4.1\lib\</path>
         <kind>archive</kind>
         <file>rts55x.lib</file>
         <name>divd.obj</name>
      </input_file>
      <input_file id="fl-49">
         <path>C:\ti\ccsv6\tools\compiler\c5500_4.4.1\lib\</path>
         <kind>archive</kind>
         <file>rts55x.lib</file>
         <name>divul.obj</name>
      </input_file>
      <input_file id="fl-4a">
         <path>C:\ti\ccsv6\tools\compiler\c5500_4.4.1\lib\</path>
         <kind>archive</kind>
         <file>rts55x.lib</file>
         <name>fixdi.obj</name>
      </input_file>
      <input_file id="fl-4b">
         <path>C:\ti\ccsv6\tools\compiler\c5500_4.4.1\lib\</path>
         <kind>archive</kind>
         <file>rts55x.lib</file>
         <name>fixdli.obj</name>
      </input_file>
      <input_file id="fl-4c">
         <path>C:\ti\ccsv6\tools\compiler\c5500_4.4.1\lib\</path>
         <kind>archive</kind>
         <file>rts55x.lib</file>
         <name>fltlid.obj</name>
      </input_file>
      <input_file id="fl-4d">
         <path>C:\ti\ccsv6\tools\compiler\c5500_4.4.1\lib\</path>
         <kind>archive</kind>
         <file>rts55x.lib</file>
         <name>fputc.obj</name>
      </input_file>
      <input_file id="fl-4e">
         <path>C:\ti\ccsv6\tools\compiler\c5500_4.4.1\lib\</path>
         <kind>archive</kind>
         <file>rts55x.lib</file>
         <name>fputs.obj</name>
      </input_file>
      <input_file id="fl-4f">
         <path>C:\ti\ccsv6\tools\compiler\c5500_4.4.1\lib\</path>
         <kind>archive</kind>
         <file>rts55x.lib</file>
         <name>frcmpyd.obj</name>
      </input_file>
      <input_file id="fl-50">
         <path>C:\ti\ccsv6\tools\compiler\c5500_4.4.1\lib\</path>
         <kind>archive</kind>
         <file>rts55x.lib</file>
         <name>frcmpyd_div.obj</name>
      </input_file>
      <input_file id="fl-51">
         <path>C:\ti\ccsv6\tools\compiler\c5500_4.4.1\lib\</path>
         <kind>archive</kind>
         <file>rts55x.lib</file>
         <name>fseek.obj</name>
      </input_file>
      <input_file id="fl-52">
         <path>C:\ti\ccsv6\tools\compiler\c5500_4.4.1\lib\</path>
         <kind>archive</kind>
         <file>rts55x.lib</file>
         <name>isinf.obj</name>
      </input_file>
      <input_file id="fl-53">
         <path>C:\ti\ccsv6\tools\compiler\c5500_4.4.1\lib\</path>
         <kind>archive</kind>
         <file>rts55x.lib</file>
         <name>llmpy.obj</name>
      </input_file>
      <input_file id="fl-54">
         <path>C:\ti\ccsv6\tools\compiler\c5500_4.4.1\lib\</path>
         <kind>archive</kind>
         <file>rts55x.lib</file>
         <name>lmpy.obj</name>
      </input_file>
      <input_file id="fl-55">
         <path>C:\ti\ccsv6\tools\compiler\c5500_4.4.1\lib\</path>
         <kind>archive</kind>
         <file>rts55x.lib</file>
         <name>ltoa.obj</name>
      </input_file>
      <input_file id="fl-56">
         <path>C:\ti\ccsv6\tools\compiler\c5500_4.4.1\lib\</path>
         <kind>archive</kind>
         <file>rts55x.lib</file>
         <name>memccpy.obj</name>
      </input_file>
      <input_file id="fl-57">
         <path>C:\ti\ccsv6\tools\compiler\c5500_4.4.1\lib\</path>
         <kind>archive</kind>
         <file>rts55x.lib</file>
         <name>negd.obj</name>
      </input_file>
      <input_file id="fl-58">
         <path>C:\ti\ccsv6\tools\compiler\c5500_4.4.1\lib\</path>
         <kind>archive</kind>
         <file>rts55x.lib</file>
         <name>remli.obj</name>
      </input_file>
      <input_file id="fl-59">
         <path>C:\ti\ccsv6\tools\compiler\c5500_4.4.1\lib\</path>
         <kind>archive</kind>
         <file>rts55x.lib</file>
         <name>remul.obj</name>
      </input_file>
      <input_file id="fl-5a">
         <path>C:\ti\ccsv6\tools\compiler\c5500_4.4.1\lib\</path>
         <kind>archive</kind>
         <file>rts55x.lib</file>
         <name>setvbuf.obj</name>
      </input_file>
      <input_file id="fl-5b">
         <path>C:\ti\ccsv6\tools\compiler\c5500_4.4.1\lib\</path>
         <kind>archive</kind>
         <file>rts55x.lib</file>
         <name>divli.obj</name>
      </input_file>
   </input_file_list>
   <object_component_list>
      <object_component id="oc-b9">
         <name>.text</name>
         <load_address>0x20000</load_address>
         <run_address>0x20000</run_address>
         <size>0x15a4</size>
         <input_file_ref idref="fl-41"/>
      </object_component>
      <object_component id="oc-77">
         <name>.text</name>
         <load_address>0x215a4</load_address>
         <run_address>0x215a4</run_address>
         <size>0x543</size>
         <input_file_ref idref="fl-33"/>
      </object_component>
      <object_component id="oc-98">
         <name>.text</name>
         <load_address>0x21ae7</load_address>
         <run_address>0x21ae7</run_address>
         <size>0x528</size>
         <input_file_ref idref="fl-3a"/>
      </object_component>
      <object_component id="oc-81">
         <name>.text</name>
         <load_address>0x2200f</load_address>
         <run_address>0x2200f</run_address>
         <size>0x4b5</size>
         <input_file_ref idref="fl-35"/>
      </object_component>
      <object_component id="oc-d5">
         <name>.text</name>
         <load_address>0x224c4</load_address>
         <run_address>0x224c4</run_address>
         <size>0x3cc</size>
         <input_file_ref idref="fl-48"/>
      </object_component>
      <object_component id="oc-28">
         <name>.text</name>
         <load_address>0x22890</load_address>
         <run_address>0x22890</run_address>
         <size>0x3b0</size>
         <input_file_ref idref="fl-5"/>
      </object_component>
      <object_component id="oc-69">
         <name>.text</name>
         <load_address>0x22c40</load_address>
         <run_address>0x22c40</run_address>
         <size>0x27f</size>
         <input_file_ref idref="fl-30"/>
      </object_component>
      <object_component id="oc-103">
         <name>.text</name>
         <load_address>0x22ebf</load_address>
         <run_address>0x22ebf</run_address>
         <size>0x25e</size>
         <input_file_ref idref="fl-53"/>
      </object_component>
      <object_component id="oc-52">
         <name>.text</name>
         <load_address>0x2311d</load_address>
         <run_address>0x2311d</run_address>
         <size>0x25a</size>
         <input_file_ref idref="fl-2b"/>
      </object_component>
      <object_component id="oc-2e">
         <name>.text</name>
         <load_address>0x23377</load_address>
         <run_address>0x23377</run_address>
         <size>0x210</size>
         <input_file_ref idref="fl-6"/>
      </object_component>
      <object_component id="oc-73">
         <name>.text</name>
         <load_address>0x23587</load_address>
         <run_address>0x23587</run_address>
         <size>0x1ee</size>
         <input_file_ref idref="fl-32"/>
      </object_component>
      <object_component id="oc-cb">
         <name>.text</name>
         <load_address>0x23775</load_address>
         <run_address>0x23775</run_address>
         <size>0x1ea</size>
         <input_file_ref idref="fl-45"/>
      </object_component>
      <object_component id="oc-44">
         <name>.text</name>
         <load_address>0x2395f</load_address>
         <run_address>0x2395f</run_address>
         <size>0x1d3</size>
         <input_file_ref idref="fl-14"/>
      </object_component>
      <object_component id="oc-ee">
         <name>.text</name>
         <load_address>0x23b32</load_address>
         <run_address>0x23b32</run_address>
         <size>0x163</size>
         <input_file_ref idref="fl-4e"/>
      </object_component>
      <object_component id="oc-22">
         <name>.text</name>
         <load_address>0x23c95</load_address>
         <run_address>0x23c95</run_address>
         <size>0x152</size>
         <input_file_ref idref="fl-4"/>
      </object_component>
      <object_component id="oc-88">
         <name>.text</name>
         <load_address>0x23de7</load_address>
         <run_address>0x23de7</run_address>
         <size>0x14c</size>
         <input_file_ref idref="fl-36"/>
      </object_component>
      <object_component id="oc-6f">
         <name>.text</name>
         <load_address>0x23f33</load_address>
         <run_address>0x23f33</run_address>
         <size>0x10f</size>
         <input_file_ref idref="fl-31"/>
      </object_component>
      <object_component id="oc-13">
         <name>.text</name>
         <load_address>0x24042</load_address>
         <run_address>0x24042</run_address>
         <size>0xfc</size>
         <input_file_ref idref="fl-2"/>
      </object_component>
      <object_component id="oc-1a">
         <name>.text</name>
         <load_address>0x2413e</load_address>
         <run_address>0x2413e</run_address>
         <size>0xf6</size>
         <input_file_ref idref="fl-3"/>
      </object_component>
      <object_component id="oc-11f">
         <name>.text</name>
         <load_address>0x24234</load_address>
         <run_address>0x24234</run_address>
         <size>0xe6</size>
         <input_file_ref idref="fl-5a"/>
      </object_component>
      <object_component id="oc-af">
         <name>.text</name>
         <load_address>0x2431a</load_address>
         <run_address>0x2431a</run_address>
         <size>0xdd</size>
         <input_file_ref idref="fl-3f"/>
      </object_component>
      <object_component id="oc-40">
         <name>.text</name>
         <load_address>0x243f7</load_address>
         <run_address>0x243f7</run_address>
         <size>0xd6</size>
         <input_file_ref idref="fl-13"/>
      </object_component>
      <object_component id="oc-65">
         <name>.text</name>
         <load_address>0x244cd</load_address>
         <run_address>0x244cd</run_address>
         <size>0xc2</size>
         <input_file_ref idref="fl-2f"/>
      </object_component>
      <object_component id="oc-a0">
         <name>.text:CIO_breakpoint</name>
         <load_address>0x2458f</load_address>
         <run_address>0x2458f</run_address>
         <size>0xba</size>
         <input_file_ref idref="fl-3b"/>
      </object_component>
      <object_component id="oc-ab">
         <name>.text</name>
         <load_address>0x24649</load_address>
         <run_address>0x24649</run_address>
         <size>0xae</size>
         <input_file_ref idref="fl-3e"/>
      </object_component>
      <object_component id="oc-ea">
         <name>.text</name>
         <load_address>0x246f7</load_address>
         <run_address>0x246f7</run_address>
         <size>0xa6</size>
         <input_file_ref idref="fl-4d"/>
      </object_component>
      <object_component id="oc-d9">
         <name>.text</name>
         <load_address>0x2479d</load_address>
         <run_address>0x2479d</run_address>
         <size>0xa1</size>
         <input_file_ref idref="fl-49"/>
      </object_component>
      <object_component id="oc-49">
         <name>.text</name>
         <load_address>0x2483e</load_address>
         <run_address>0x2483e</run_address>
         <size>0x8d</size>
         <input_file_ref idref="fl-16"/>
      </object_component>
      <object_component id="oc-10b">
         <name>.text</name>
         <load_address>0x248cb</load_address>
         <run_address>0x248cb</run_address>
         <size>0x7d</size>
         <input_file_ref idref="fl-55"/>
      </object_component>
      <object_component id="oc-61">
         <name>.text</name>
         <load_address>0x24948</load_address>
         <run_address>0x24948</run_address>
         <size>0x7b</size>
         <input_file_ref idref="fl-2e"/>
      </object_component>
      <object_component id="oc-f3">
         <name>.text</name>
         <load_address>0x249c3</load_address>
         <run_address>0x249c3</run_address>
         <size>0x76</size>
         <input_file_ref idref="fl-4f"/>
      </object_component>
      <object_component id="oc-f7">
         <name>.text</name>
         <load_address>0x24a39</load_address>
         <run_address>0x24a39</run_address>
         <size>0x73</size>
         <input_file_ref idref="fl-50"/>
      </object_component>
      <object_component id="oc-11b">
         <name>.text</name>
         <load_address>0x24aac</load_address>
         <run_address>0x24aac</run_address>
         <size>0x72</size>
         <input_file_ref idref="fl-59"/>
      </object_component>
      <object_component id="oc-e1">
         <name>.text</name>
         <load_address>0x24b1e</load_address>
         <run_address>0x24b1e</run_address>
         <size>0x6f</size>
         <input_file_ref idref="fl-4b"/>
      </object_component>
      <object_component id="oc-9d">
         <name>.text</name>
         <load_address>0x24b8d</load_address>
         <run_address>0x24b8d</run_address>
         <size>0x6d</size>
         <input_file_ref idref="fl-3b"/>
      </object_component>
      <object_component id="oc-fb">
         <name>.text</name>
         <load_address>0x24bfa</load_address>
         <run_address>0x24bfa</run_address>
         <size>0x6b</size>
         <input_file_ref idref="fl-51"/>
      </object_component>
      <object_component id="oc-e5">
         <name>.text</name>
         <load_address>0x24c65</load_address>
         <run_address>0x24c65</run_address>
         <size>0x67</size>
         <input_file_ref idref="fl-4c"/>
      </object_component>
      <object_component id="oc-c3">
         <name>.text</name>
         <load_address>0x24ccc</load_address>
         <run_address>0x24ccc</run_address>
         <size>0x5c</size>
         <input_file_ref idref="fl-43"/>
      </object_component>
      <object_component id="oc-4d">
         <name>.text</name>
         <load_address>0x24d28</load_address>
         <run_address>0x24d28</run_address>
         <size>0x54</size>
         <input_file_ref idref="fl-17"/>
      </object_component>
      <object_component id="oc-8c">
         <name>.text</name>
         <load_address>0x24d7c</load_address>
         <run_address>0x24d7c</run_address>
         <size>0x50</size>
         <input_file_ref idref="fl-37"/>
      </object_component>
      <object_component id="oc-c7">
         <name>.text</name>
         <load_address>0x24dcc</load_address>
         <run_address>0x24dcc</run_address>
         <size>0x4d</size>
         <input_file_ref idref="fl-44"/>
      </object_component>
      <object_component id="oc-bf">
         <name>.text</name>
         <load_address>0x24e19</load_address>
         <run_address>0x24e19</run_address>
         <size>0x4b</size>
         <input_file_ref idref="fl-42"/>
      </object_component>
      <object_component id="oc-117">
         <name>.text</name>
         <load_address>0x24e64</load_address>
         <run_address>0x24e64</run_address>
         <size>0x4b</size>
         <input_file_ref idref="fl-58"/>
      </object_component>
      <object_component id="oc-123">
         <name>.text</name>
         <load_address>0x24eaf</load_address>
         <run_address>0x24eaf</run_address>
         <size>0x48</size>
         <input_file_ref idref="fl-5b"/>
      </object_component>
      <object_component id="oc-35">
         <name>.text</name>
         <load_address>0x24ef7</load_address>
         <run_address>0x24ef7</run_address>
         <size>0x41</size>
         <input_file_ref idref="fl-7"/>
      </object_component>
      <object_component id="oc-7d">
         <name>.text</name>
         <load_address>0x24f38</load_address>
         <run_address>0x24f38</run_address>
         <size>0x3f</size>
         <input_file_ref idref="fl-34"/>
      </object_component>
      <object_component id="oc-5a">
         <name>.text</name>
         <load_address>0x24f77</load_address>
         <run_address>0x24f77</run_address>
         <size>0x3e</size>
         <input_file_ref idref="fl-2d"/>
      </object_component>
      <object_component id="oc-11">
         <name>.text</name>
         <load_address>0x24fb5</load_address>
         <run_address>0x24fb5</run_address>
         <size>0x34</size>
         <input_file_ref idref="fl-2c"/>
      </object_component>
      <object_component id="oc-dd">
         <name>.text</name>
         <load_address>0x24fe9</load_address>
         <run_address>0x24fe9</run_address>
         <size>0x2a</size>
         <input_file_ref idref="fl-4a"/>
      </object_component>
      <object_component id="oc-a3">
         <name>.text</name>
         <load_address>0x25013</load_address>
         <run_address>0x25013</run_address>
         <size>0x2a</size>
         <input_file_ref idref="fl-3c"/>
      </object_component>
      <object_component id="oc-10f">
         <name>.text</name>
         <load_address>0x2503d</load_address>
         <run_address>0x2503d</run_address>
         <size>0x23</size>
         <input_file_ref idref="fl-56"/>
      </object_component>
      <object_component id="oc-ff">
         <name>.text</name>
         <load_address>0x25060</load_address>
         <run_address>0x25060</run_address>
         <size>0x1a</size>
         <input_file_ref idref="fl-52"/>
      </object_component>
      <object_component id="oc-94">
         <name>.text</name>
         <load_address>0x2507a</load_address>
         <run_address>0x2507a</run_address>
         <size>0x14</size>
         <input_file_ref idref="fl-39"/>
      </object_component>
      <object_component id="oc-107">
         <name>.text</name>
         <load_address>0x2508e</load_address>
         <run_address>0x2508e</run_address>
         <size>0x13</size>
         <input_file_ref idref="fl-54"/>
      </object_component>
      <object_component id="oc-b3">
         <name>.text</name>
         <load_address>0x250a1</load_address>
         <run_address>0x250a1</run_address>
         <size>0x12</size>
         <input_file_ref idref="fl-40"/>
      </object_component>
      <object_component id="oc-113">
         <name>.text</name>
         <load_address>0x250b3</load_address>
         <run_address>0x250b3</run_address>
         <size>0x10</size>
         <input_file_ref idref="fl-57"/>
      </object_component>
      <object_component id="oc-90">
         <name>.text</name>
         <load_address>0x250c3</load_address>
         <run_address>0x250c3</run_address>
         <size>0xa</size>
         <input_file_ref idref="fl-38"/>
      </object_component>
      <object_component id="oc-5e">
         <name>.text:CIO_breakpoint</name>
         <load_address>0x250cd</load_address>
         <run_address>0x250cd</run_address>
         <size>0x7</size>
         <input_file_ref idref="fl-2d"/>
      </object_component>
      <object_component id="oc-a7">
         <name>.text</name>
         <load_address>0x250d4</load_address>
         <run_address>0x250d4</run_address>
         <size>0x2</size>
         <input_file_ref idref="fl-3d"/>
      </object_component>
      <object_component id="oc-56">
         <name>.stack</name>
         <uninitialized>true</uninitialized>
         <run_address>0xc0</run_address>
         <size>0x0</size>
         <input_file_ref idref="fl-2c"/>
      </object_component>
      <object_component id="oc-142">
         <name>.stack</name>
         <uninitialized>true</uninitialized>
         <run_address>0xc0</run_address>
         <size>0x0</size>
      </object_component>
      <object_component id="oc-127">
         <name>.sysstack</name>
         <uninitialized>true</uninitialized>
         <run_address>0x20c0</run_address>
         <size>0x0</size>
         <input_file_ref idref="fl-2c"/>
      </object_component>
      <object_component id="oc-144">
         <name>.sysstack</name>
         <uninitialized>true</uninitialized>
         <run_address>0x20c0</run_address>
         <size>0x0</size>
      </object_component>
      <object_component id="oc-2f">
         <name>.bss</name>
         <uninitialized>true</uninitialized>
         <run_address>0x50c0</run_address>
         <size>0xa00</size>
         <input_file_ref idref="fl-6"/>
      </object_component>
      <object_component id="oc-23">
         <name>.bss</name>
         <uninitialized>true</uninitialized>
         <run_address>0x5ac0</run_address>
         <size>0x800</size>
         <input_file_ref idref="fl-4"/>
      </object_component>
      <object_component id="oc-d1">
         <name>.bss</name>
         <uninitialized>true</uninitialized>
         <run_address>0x62c0</run_address>
         <size>0x232</size>
         <input_file_ref idref="fl-47"/>
      </object_component>
      <object_component id="oc-99">
         <name>.bss</name>
         <uninitialized>true</uninitialized>
         <run_address>0x64f2</run_address>
         <size>0x1a0</size>
         <input_file_ref idref="fl-3a"/>
      </object_component>
      <object_component id="oc-6a">
         <name>.bss</name>
         <uninitialized>true</uninitialized>
         <run_address>0x6692</run_address>
         <size>0x2</size>
         <input_file_ref idref="fl-30"/>
      </object_component>
      <object_component id="oc-3c">
         <name>.bss</name>
         <uninitialized>true</uninitialized>
         <run_address>0x6694</run_address>
         <size>0x104</size>
         <input_file_ref idref="fl-8"/>
      </object_component>
      <object_component id="oc-78">
         <name>.bss</name>
         <uninitialized>true</uninitialized>
         <run_address>0x6798</run_address>
         <size>0xe2</size>
         <input_file_ref idref="fl-33"/>
      </object_component>
      <object_component id="oc-82">
         <name>.bss</name>
         <uninitialized>true</uninitialized>
         <run_address>0x687c</run_address>
         <size>0xc</size>
         <input_file_ref idref="fl-35"/>
      </object_component>
      <object_component id="oc-14">
         <name>.bss</name>
         <uninitialized>true</uninitialized>
         <run_address>0x6888</run_address>
         <size>0xa</size>
         <input_file_ref idref="fl-2"/>
      </object_component>
      <object_component id="oc-1b">
         <name>.bss</name>
         <uninitialized>true</uninitialized>
         <run_address>0x6894</run_address>
         <size>0x8</size>
         <input_file_ref idref="fl-3"/>
      </object_component>
      <object_component id="oc-b4">
         <name>.bss</name>
         <uninitialized>true</uninitialized>
         <run_address>0x689c</run_address>
         <size>0x8</size>
         <input_file_ref idref="fl-40"/>
      </object_component>
      <object_component id="oc-5b">
         <name>.bss</name>
         <uninitialized>true</uninitialized>
         <run_address>0x68a4</run_address>
         <size>0x8</size>
         <input_file_ref idref="fl-2d"/>
      </object_component>
      <object_component id="oc-48">
         <name>.const:twiddle</name>
         <load_address>0x6900</load_address>
         <run_address>0x6900</run_address>
         <size>0x800</size>
         <input_file_ref idref="fl-15"/>
      </object_component>
      <object_component id="oc-128">
         <name>.const:__ctypes_</name>
         <load_address>0x7100</load_address>
         <run_address>0x7100</run_address>
         <size>0x202</size>
         <input_file_ref idref="fl-46"/>
      </object_component>
      <object_component id="oc-37">
         <name>.const</name>
         <load_address>0x7302</load_address>
         <run_address>0x7302</run_address>
         <size>0x2</size>
         <input_file_ref idref="fl-7"/>
      </object_component>
      <object_component id="oc-1e">
         <name>.const:.string</name>
         <load_address>0x7304</load_address>
         <run_address>0x7304</run_address>
         <size>0x12e</size>
         <input_file_ref idref="fl-3"/>
      </object_component>
      <object_component id="oc-31">
         <name>.const:.string</name>
         <load_address>0x7434</load_address>
         <run_address>0x7434</run_address>
         <size>0xd0</size>
         <input_file_ref idref="fl-6"/>
      </object_component>
      <object_component id="oc-bc">
         <name>.const:.string</name>
         <load_address>0x7504</load_address>
         <run_address>0x7504</run_address>
         <size>0x48</size>
         <input_file_ref idref="fl-41"/>
      </object_component>
      <object_component id="oc-bb">
         <name>.const</name>
         <load_address>0x754c</load_address>
         <run_address>0x754c</run_address>
         <size>0x18</size>
         <input_file_ref idref="fl-41"/>
      </object_component>
      <object_component id="oc-129">
         <name>.const:_initial_approx$1</name>
         <load_address>0x7564</load_address>
         <run_address>0x7564</run_address>
         <size>0x10</size>
         <input_file_ref idref="fl-48"/>
      </object_component>
      <object_component id="oc-38">
         <name>.const:.string</name>
         <load_address>0x7574</load_address>
         <run_address>0x7574</run_address>
         <size>0xa</size>
         <input_file_ref idref="fl-7"/>
      </object_component>
      <object_component id="oc-f0">
         <name>.const:.string</name>
         <load_address>0x7580</load_address>
         <run_address>0x7580</run_address>
         <size>0x4</size>
         <input_file_ref idref="fl-4e"/>
      </object_component>
      <object_component id="oc-2a">
         <name>.const</name>
         <load_address>0x7584</load_address>
         <run_address>0x7584</run_address>
         <size>0x4</size>
         <input_file_ref idref="fl-5"/>
      </object_component>
      <object_component id="oc-e7">
         <name>.const</name>
         <load_address>0x7588</load_address>
         <run_address>0x7588</run_address>
         <size>0x4</size>
         <input_file_ref idref="fl-4c"/>
      </object_component>
      <object_component id="oc-85">
         <name>.sysmem</name>
         <uninitialized>true</uninitialized>
         <run_address>0x30c0</run_address>
         <size>0x0</size>
         <input_file_ref idref="fl-35"/>
      </object_component>
      <object_component id="oc-143">
         <name>.sysmem</name>
         <uninitialized>true</uninitialized>
         <run_address>0x30c0</run_address>
         <size>0x0</size>
      </object_component>
      <object_component id="oc-3e">
         <name>.cinit</name>
         <load_address>0x40240</load_address>
         <run_address>0x40240</run_address>
         <size>0x110</size>
         <input_file_ref idref="fl-8"/>
      </object_component>
      <object_component id="oc-7a">
         <name>.cinit</name>
         <load_address>0x40350</load_address>
         <run_address>0x40350</run_address>
         <size>0x5a</size>
         <input_file_ref idref="fl-33"/>
      </object_component>
      <object_component id="oc-d3">
         <name>.cinit</name>
         <load_address>0x403aa</load_address>
         <run_address>0x403aa</run_address>
         <size>0x54</size>
         <input_file_ref idref="fl-47"/>
      </object_component>
      <object_component id="oc-1d">
         <name>.cinit</name>
         <load_address>0x403fe</load_address>
         <run_address>0x403fe</run_address>
         <size>0x14</size>
         <input_file_ref idref="fl-3"/>
      </object_component>
      <object_component id="oc-b6">
         <name>.cinit</name>
         <load_address>0x40412</load_address>
         <run_address>0x40412</run_address>
         <size>0x14</size>
         <input_file_ref idref="fl-40"/>
      </object_component>
      <object_component id="oc-5d">
         <name>.cinit</name>
         <load_address>0x40426</load_address>
         <run_address>0x40426</run_address>
         <size>0x14</size>
         <input_file_ref idref="fl-2d"/>
      </object_component>
      <object_component id="oc-16">
         <name>.cinit</name>
         <load_address>0x4043a</load_address>
         <run_address>0x4043a</run_address>
         <size>0x8</size>
         <input_file_ref idref="fl-2"/>
      </object_component>
      <object_component id="oc-6c">
         <name>.cinit</name>
         <load_address>0x40442</load_address>
         <run_address>0x40442</run_address>
         <size>0x8</size>
         <input_file_ref idref="fl-30"/>
      </object_component>
      <object_component id="oc-84">
         <name>.cinit</name>
         <load_address>0x4044a</load_address>
         <run_address>0x4044a</run_address>
         <size>0x8</size>
         <input_file_ref idref="fl-35"/>
      </object_component>
      <object_component id="oc-9f">
         <name>.cio</name>
         <uninitialized>true</uninitialized>
         <run_address>0x40000</run_address>
         <size>0x240</size>
         <input_file_ref idref="fl-3b"/>
      </object_component>
      <object_component id="oc-12">
         <name>vectors</name>
         <load_address>0x4fe00</load_address>
         <run_address>0x4fe00</run_address>
         <size>0x100</size>
         <input_file_ref idref="fl-3d"/>
      </object_component>
      <object_component id="oc-15">
         <name>.debug_info</name>
         <load_address>0x0</load_address>
         <run_address>0x0</run_address>
         <size>0x94b</size>
         <input_file_ref idref="fl-2"/>
      </object_component>
      <object_component id="oc-1c">
         <name>.debug_info</name>
         <load_address>0x94b</load_address>
         <run_address>0x94b</run_address>
         <size>0x933</size>
         <input_file_ref idref="fl-3"/>
      </object_component>
      <object_component id="oc-24">
         <name>.debug_info</name>
         <load_address>0x127e</load_address>
         <run_address>0x127e</run_address>
         <size>0x9e5</size>
         <input_file_ref idref="fl-4"/>
      </object_component>
      <object_component id="oc-29">
         <name>.debug_info</name>
         <load_address>0x1c63</load_address>
         <run_address>0x1c63</run_address>
         <size>0xd45</size>
         <input_file_ref idref="fl-5"/>
      </object_component>
      <object_component id="oc-30">
         <name>.debug_info</name>
         <load_address>0x29a8</load_address>
         <run_address>0x29a8</run_address>
         <size>0xc0a</size>
         <input_file_ref idref="fl-6"/>
      </object_component>
      <object_component id="oc-36">
         <name>.debug_info</name>
         <load_address>0x35b2</load_address>
         <run_address>0x35b2</run_address>
         <size>0x6ad</size>
         <input_file_ref idref="fl-7"/>
      </object_component>
      <object_component id="oc-3d">
         <name>.debug_info</name>
         <load_address>0x3c5f</load_address>
         <run_address>0x3c5f</run_address>
         <size>0x4ce</size>
         <input_file_ref idref="fl-8"/>
      </object_component>
      <object_component id="oc-41">
         <name>.debug_info</name>
         <load_address>0x412d</load_address>
         <run_address>0x412d</run_address>
         <size>0xcf</size>
         <input_file_ref idref="fl-13"/>
      </object_component>
      <object_component id="oc-45">
         <name>.debug_info</name>
         <load_address>0x41fc</load_address>
         <run_address>0x41fc</run_address>
         <size>0xda</size>
         <input_file_ref idref="fl-14"/>
      </object_component>
      <object_component id="oc-4a">
         <name>.debug_info</name>
         <load_address>0x42d6</load_address>
         <run_address>0x42d6</run_address>
         <size>0xd1</size>
         <input_file_ref idref="fl-16"/>
      </object_component>
      <object_component id="oc-4e">
         <name>.debug_info</name>
         <load_address>0x43a7</load_address>
         <run_address>0x43a7</run_address>
         <size>0x5896</size>
         <input_file_ref idref="fl-17"/>
      </object_component>
      <object_component id="oc-53">
         <name>.debug_info</name>
         <load_address>0x9c3d</load_address>
         <run_address>0x9c3d</run_address>
         <size>0x5ab</size>
         <input_file_ref idref="fl-2b"/>
      </object_component>
      <object_component id="oc-57">
         <name>.debug_info</name>
         <load_address>0xa1e8</load_address>
         <run_address>0xa1e8</run_address>
         <size>0xe8</size>
         <input_file_ref idref="fl-2c"/>
      </object_component>
      <object_component id="oc-5c">
         <name>.debug_info</name>
         <load_address>0xa2d0</load_address>
         <run_address>0xa2d0</run_address>
         <size>0x5fb</size>
         <input_file_ref idref="fl-2d"/>
      </object_component>
      <object_component id="oc-62">
         <name>.debug_info</name>
         <load_address>0xa8cb</load_address>
         <run_address>0xa8cb</run_address>
         <size>0x64f</size>
         <input_file_ref idref="fl-2e"/>
      </object_component>
      <object_component id="oc-66">
         <name>.debug_info</name>
         <load_address>0xaf1a</load_address>
         <run_address>0xaf1a</run_address>
         <size>0x706</size>
         <input_file_ref idref="fl-2f"/>
      </object_component>
      <object_component id="oc-6b">
         <name>.debug_info</name>
         <load_address>0xb620</load_address>
         <run_address>0xb620</run_address>
         <size>0xa1c</size>
         <input_file_ref idref="fl-30"/>
      </object_component>
      <object_component id="oc-70">
         <name>.debug_info</name>
         <load_address>0xc03c</load_address>
         <run_address>0xc03c</run_address>
         <size>0x762</size>
         <input_file_ref idref="fl-31"/>
      </object_component>
      <object_component id="oc-74">
         <name>.debug_info</name>
         <load_address>0xc79e</load_address>
         <run_address>0xc79e</run_address>
         <size>0x8f7</size>
         <input_file_ref idref="fl-32"/>
      </object_component>
      <object_component id="oc-79">
         <name>.debug_info</name>
         <load_address>0xd095</load_address>
         <run_address>0xd095</run_address>
         <size>0x144b</size>
         <input_file_ref idref="fl-33"/>
      </object_component>
      <object_component id="oc-7e">
         <name>.debug_info</name>
         <load_address>0xe4e0</load_address>
         <run_address>0xe4e0</run_address>
         <size>0xd1</size>
         <input_file_ref idref="fl-34"/>
      </object_component>
      <object_component id="oc-83">
         <name>.debug_info</name>
         <load_address>0xe5b1</load_address>
         <run_address>0xe5b1</run_address>
         <size>0xb97</size>
         <input_file_ref idref="fl-35"/>
      </object_component>
      <object_component id="oc-89">
         <name>.debug_info</name>
         <load_address>0xf148</load_address>
         <run_address>0xf148</run_address>
         <size>0x55b</size>
         <input_file_ref idref="fl-36"/>
      </object_component>
      <object_component id="oc-8d">
         <name>.debug_info</name>
         <load_address>0xf6a3</load_address>
         <run_address>0xf6a3</run_address>
         <size>0x76c</size>
         <input_file_ref idref="fl-37"/>
      </object_component>
      <object_component id="oc-91">
         <name>.debug_info</name>
         <load_address>0xfe0f</load_address>
         <run_address>0xfe0f</run_address>
         <size>0x510</size>
         <input_file_ref idref="fl-38"/>
      </object_component>
      <object_component id="oc-95">
         <name>.debug_info</name>
         <load_address>0x1031f</load_address>
         <run_address>0x1031f</run_address>
         <size>0x4de</size>
         <input_file_ref idref="fl-39"/>
      </object_component>
      <object_component id="oc-9a">
         <name>.debug_info</name>
         <load_address>0x107fd</load_address>
         <run_address>0x107fd</run_address>
         <size>0xed4</size>
         <input_file_ref idref="fl-3a"/>
      </object_component>
      <object_component id="oc-9e">
         <name>.debug_info</name>
         <load_address>0x116d1</load_address>
         <run_address>0x116d1</run_address>
         <size>0x744</size>
         <input_file_ref idref="fl-3b"/>
      </object_component>
      <object_component id="oc-a4">
         <name>.debug_info</name>
         <load_address>0x11e15</load_address>
         <run_address>0x11e15</run_address>
         <size>0xef</size>
         <input_file_ref idref="fl-3c"/>
      </object_component>
      <object_component id="oc-a8">
         <name>.debug_info</name>
         <load_address>0x11f04</load_address>
         <run_address>0x11f04</run_address>
         <size>0xbc</size>
         <input_file_ref idref="fl-3d"/>
      </object_component>
      <object_component id="oc-ac">
         <name>.debug_info</name>
         <load_address>0x11fc0</load_address>
         <run_address>0x11fc0</run_address>
         <size>0x6b8</size>
         <input_file_ref idref="fl-3e"/>
      </object_component>
      <object_component id="oc-b0">
         <name>.debug_info</name>
         <load_address>0x12678</load_address>
         <run_address>0x12678</run_address>
         <size>0x662</size>
         <input_file_ref idref="fl-3f"/>
      </object_component>
      <object_component id="oc-b5">
         <name>.debug_info</name>
         <load_address>0x12cda</load_address>
         <run_address>0x12cda</run_address>
         <size>0x5bc</size>
         <input_file_ref idref="fl-40"/>
      </object_component>
      <object_component id="oc-ba">
         <name>.debug_info</name>
         <load_address>0x13296</load_address>
         <run_address>0x13296</run_address>
         <size>0x27bd</size>
         <input_file_ref idref="fl-41"/>
      </object_component>
      <object_component id="oc-c0">
         <name>.debug_info</name>
         <load_address>0x15a53</load_address>
         <run_address>0x15a53</run_address>
         <size>0x586</size>
         <input_file_ref idref="fl-42"/>
      </object_component>
      <object_component id="oc-c4">
         <name>.debug_info</name>
         <load_address>0x15fd9</load_address>
         <run_address>0x15fd9</run_address>
         <size>0x5a4</size>
         <input_file_ref idref="fl-43"/>
      </object_component>
      <object_component id="oc-c8">
         <name>.debug_info</name>
         <load_address>0x1657d</load_address>
         <run_address>0x1657d</run_address>
         <size>0xcd</size>
         <input_file_ref idref="fl-44"/>
      </object_component>
      <object_component id="oc-cc">
         <name>.debug_info</name>
         <load_address>0x1664a</load_address>
         <run_address>0x1664a</run_address>
         <size>0x81f</size>
         <input_file_ref idref="fl-45"/>
      </object_component>
      <object_component id="oc-cf">
         <name>.debug_info</name>
         <load_address>0x16e69</load_address>
         <run_address>0x16e69</run_address>
         <size>0x498</size>
         <input_file_ref idref="fl-46"/>
      </object_component>
      <object_component id="oc-d2">
         <name>.debug_info</name>
         <load_address>0x17301</load_address>
         <run_address>0x17301</run_address>
         <size>0x57e</size>
         <input_file_ref idref="fl-47"/>
      </object_component>
      <object_component id="oc-d6">
         <name>.debug_info</name>
         <load_address>0x1787f</load_address>
         <run_address>0x1787f</run_address>
         <size>0x7e8</size>
         <input_file_ref idref="fl-48"/>
      </object_component>
      <object_component id="oc-da">
         <name>.debug_info</name>
         <load_address>0x18067</load_address>
         <run_address>0x18067</run_address>
         <size>0x534</size>
         <input_file_ref idref="fl-49"/>
      </object_component>
      <object_component id="oc-de">
         <name>.debug_info</name>
         <load_address>0x1859b</load_address>
         <run_address>0x1859b</run_address>
         <size>0x4cf</size>
         <input_file_ref idref="fl-4a"/>
      </object_component>
      <object_component id="oc-e2">
         <name>.debug_info</name>
         <load_address>0x18a6a</load_address>
         <run_address>0x18a6a</run_address>
         <size>0x534</size>
         <input_file_ref idref="fl-4b"/>
      </object_component>
      <object_component id="oc-e6">
         <name>.debug_info</name>
         <load_address>0x18f9e</load_address>
         <run_address>0x18f9e</run_address>
         <size>0x549</size>
         <input_file_ref idref="fl-4c"/>
      </object_component>
      <object_component id="oc-eb">
         <name>.debug_info</name>
         <load_address>0x194e7</load_address>
         <run_address>0x194e7</run_address>
         <size>0x6aa</size>
         <input_file_ref idref="fl-4d"/>
      </object_component>
      <object_component id="oc-ef">
         <name>.debug_info</name>
         <load_address>0x19b91</load_address>
         <run_address>0x19b91</run_address>
         <size>0x942</size>
         <input_file_ref idref="fl-4e"/>
      </object_component>
      <object_component id="oc-f4">
         <name>.debug_info</name>
         <load_address>0x1a4d3</load_address>
         <run_address>0x1a4d3</run_address>
         <size>0x4d2</size>
         <input_file_ref idref="fl-4f"/>
      </object_component>
      <object_component id="oc-f8">
         <name>.debug_info</name>
         <load_address>0x1a9a5</load_address>
         <run_address>0x1a9a5</run_address>
         <size>0x53e</size>
         <input_file_ref idref="fl-50"/>
      </object_component>
      <object_component id="oc-fc">
         <name>.debug_info</name>
         <load_address>0x1aee3</load_address>
         <run_address>0x1aee3</run_address>
         <size>0x5f7</size>
         <input_file_ref idref="fl-51"/>
      </object_component>
      <object_component id="oc-100">
         <name>.debug_info</name>
         <load_address>0x1b4da</load_address>
         <run_address>0x1b4da</run_address>
         <size>0x680</size>
         <input_file_ref idref="fl-52"/>
      </object_component>
      <object_component id="oc-104">
         <name>.debug_info</name>
         <load_address>0x1bb5a</load_address>
         <run_address>0x1bb5a</run_address>
         <size>0x7d4</size>
         <input_file_ref idref="fl-53"/>
      </object_component>
      <object_component id="oc-108">
         <name>.debug_info</name>
         <load_address>0x1c32e</load_address>
         <run_address>0x1c32e</run_address>
         <size>0xbd</size>
         <input_file_ref idref="fl-54"/>
      </object_component>
      <object_component id="oc-10c">
         <name>.debug_info</name>
         <load_address>0x1c3eb</load_address>
         <run_address>0x1c3eb</run_address>
         <size>0x5ad</size>
         <input_file_ref idref="fl-55"/>
      </object_component>
      <object_component id="oc-110">
         <name>.debug_info</name>
         <load_address>0x1c998</load_address>
         <run_address>0x1c998</run_address>
         <size>0x574</size>
         <input_file_ref idref="fl-56"/>
      </object_component>
      <object_component id="oc-114">
         <name>.debug_info</name>
         <load_address>0x1cf0c</load_address>
         <run_address>0x1cf0c</run_address>
         <size>0x4b7</size>
         <input_file_ref idref="fl-57"/>
      </object_component>
      <object_component id="oc-118">
         <name>.debug_info</name>
         <load_address>0x1d3c3</load_address>
         <run_address>0x1d3c3</run_address>
         <size>0x4f2</size>
         <input_file_ref idref="fl-58"/>
      </object_component>
      <object_component id="oc-11c">
         <name>.debug_info</name>
         <load_address>0x1d8b5</load_address>
         <run_address>0x1d8b5</run_address>
         <size>0x534</size>
         <input_file_ref idref="fl-59"/>
      </object_component>
      <object_component id="oc-120">
         <name>.debug_info</name>
         <load_address>0x1dde9</load_address>
         <run_address>0x1dde9</run_address>
         <size>0x64a</size>
         <input_file_ref idref="fl-5a"/>
      </object_component>
      <object_component id="oc-124">
         <name>.debug_info</name>
         <load_address>0x1e433</load_address>
         <run_address>0x1e433</run_address>
         <size>0x4f2</size>
         <input_file_ref idref="fl-5b"/>
      </object_component>
      <object_component id="oc-14d">
         <name>.debug_info</name>
         <load_address>0x1e925</load_address>
         <run_address>0x1e925</run_address>
         <size>0x6e</size>
      </object_component>
      <object_component id="oc-17">
         <name>.debug_frame</name>
         <load_address>0x0</load_address>
         <run_address>0x0</run_address>
         <size>0x132</size>
         <input_file_ref idref="fl-2"/>
      </object_component>
      <object_component id="oc-1f">
         <name>.debug_frame</name>
         <load_address>0x132</load_address>
         <run_address>0x132</run_address>
         <size>0x139</size>
         <input_file_ref idref="fl-3"/>
      </object_component>
      <object_component id="oc-25">
         <name>.debug_frame</name>
         <load_address>0x26b</load_address>
         <run_address>0x26b</run_address>
         <size>0x118</size>
         <input_file_ref idref="fl-4"/>
      </object_component>
      <object_component id="oc-2b">
         <name>.debug_frame</name>
         <load_address>0x383</load_address>
         <run_address>0x383</run_address>
         <size>0x175</size>
         <input_file_ref idref="fl-5"/>
      </object_component>
      <object_component id="oc-32">
         <name>.debug_frame</name>
         <load_address>0x4f8</load_address>
         <run_address>0x4f8</run_address>
         <size>0xed</size>
         <input_file_ref idref="fl-6"/>
      </object_component>
      <object_component id="oc-39">
         <name>.debug_frame</name>
         <load_address>0x5e5</load_address>
         <run_address>0x5e5</run_address>
         <size>0x132</size>
         <input_file_ref idref="fl-7"/>
      </object_component>
      <object_component id="oc-4f">
         <name>.debug_frame</name>
         <load_address>0x717</load_address>
         <run_address>0x717</run_address>
         <size>0x116</size>
         <input_file_ref idref="fl-17"/>
      </object_component>
      <object_component id="oc-18">
         <name>.debug_line</name>
         <load_address>0x0</load_address>
         <run_address>0x0</run_address>
         <size>0xad</size>
         <input_file_ref idref="fl-2"/>
      </object_component>
      <object_component id="oc-20">
         <name>.debug_line</name>
         <load_address>0xad</load_address>
         <run_address>0xad</run_address>
         <size>0xb8</size>
         <input_file_ref idref="fl-3"/>
      </object_component>
      <object_component id="oc-26">
         <name>.debug_line</name>
         <load_address>0x165</load_address>
         <run_address>0x165</run_address>
         <size>0xbe</size>
         <input_file_ref idref="fl-4"/>
      </object_component>
      <object_component id="oc-2c">
         <name>.debug_line</name>
         <load_address>0x223</load_address>
         <run_address>0x223</run_address>
         <size>0x162</size>
         <input_file_ref idref="fl-5"/>
      </object_component>
      <object_component id="oc-33">
         <name>.debug_line</name>
         <load_address>0x385</load_address>
         <run_address>0x385</run_address>
         <size>0xb4</size>
         <input_file_ref idref="fl-6"/>
      </object_component>
      <object_component id="oc-3a">
         <name>.debug_line</name>
         <load_address>0x439</load_address>
         <run_address>0x439</run_address>
         <size>0x86</size>
         <input_file_ref idref="fl-7"/>
      </object_component>
      <object_component id="oc-42">
         <name>.debug_line</name>
         <load_address>0x4bf</load_address>
         <run_address>0x4bf</run_address>
         <size>0x83</size>
         <input_file_ref idref="fl-13"/>
      </object_component>
      <object_component id="oc-46">
         <name>.debug_line</name>
         <load_address>0x542</load_address>
         <run_address>0x542</run_address>
         <size>0xfe</size>
         <input_file_ref idref="fl-14"/>
      </object_component>
      <object_component id="oc-4b">
         <name>.debug_line</name>
         <load_address>0x640</load_address>
         <run_address>0x640</run_address>
         <size>0x65</size>
         <input_file_ref idref="fl-16"/>
      </object_component>
      <object_component id="oc-50">
         <name>.debug_line</name>
         <load_address>0x6a5</load_address>
         <run_address>0x6a5</run_address>
         <size>0x59c</size>
         <input_file_ref idref="fl-17"/>
      </object_component>
      <object_component id="oc-54">
         <name>.debug_line</name>
         <load_address>0xc41</load_address>
         <run_address>0xc41</run_address>
         <size>0x5c</size>
         <input_file_ref idref="fl-2b"/>
      </object_component>
      <object_component id="oc-58">
         <name>.debug_line</name>
         <load_address>0xc9d</load_address>
         <run_address>0xc9d</run_address>
         <size>0x54</size>
         <input_file_ref idref="fl-2c"/>
      </object_component>
      <object_component id="oc-5f">
         <name>.debug_line</name>
         <load_address>0xcf1</load_address>
         <run_address>0xcf1</run_address>
         <size>0x51</size>
         <input_file_ref idref="fl-2d"/>
      </object_component>
      <object_component id="oc-63">
         <name>.debug_line</name>
         <load_address>0xd42</load_address>
         <run_address>0xd42</run_address>
         <size>0x3d</size>
         <input_file_ref idref="fl-2e"/>
      </object_component>
      <object_component id="oc-67">
         <name>.debug_line</name>
         <load_address>0xd7f</load_address>
         <run_address>0xd7f</run_address>
         <size>0x5b</size>
         <input_file_ref idref="fl-2f"/>
      </object_component>
      <object_component id="oc-6d">
         <name>.debug_line</name>
         <load_address>0xdda</load_address>
         <run_address>0xdda</run_address>
         <size>0xd7</size>
         <input_file_ref idref="fl-30"/>
      </object_component>
      <object_component id="oc-71">
         <name>.debug_line</name>
         <load_address>0xeb1</load_address>
         <run_address>0xeb1</run_address>
         <size>0x4d</size>
         <input_file_ref idref="fl-31"/>
      </object_component>
      <object_component id="oc-75">
         <name>.debug_line</name>
         <load_address>0xefe</load_address>
         <run_address>0xefe</run_address>
         <size>0x97</size>
         <input_file_ref idref="fl-32"/>
      </object_component>
      <object_component id="oc-7b">
         <name>.debug_line</name>
         <load_address>0xf95</load_address>
         <run_address>0xf95</run_address>
         <size>0x1b0</size>
         <input_file_ref idref="fl-33"/>
      </object_component>
      <object_component id="oc-7f">
         <name>.debug_line</name>
         <load_address>0x1145</load_address>
         <run_address>0x1145</run_address>
         <size>0x4d</size>
         <input_file_ref idref="fl-34"/>
      </object_component>
      <object_component id="oc-86">
         <name>.debug_line</name>
         <load_address>0x1192</load_address>
         <run_address>0x1192</run_address>
         <size>0x112</size>
         <input_file_ref idref="fl-35"/>
      </object_component>
      <object_component id="oc-8a">
         <name>.debug_line</name>
         <load_address>0x12a4</load_address>
         <run_address>0x12a4</run_address>
         <size>0x3c</size>
         <input_file_ref idref="fl-36"/>
      </object_component>
      <object_component id="oc-8e">
         <name>.debug_line</name>
         <load_address>0x12e0</load_address>
         <run_address>0x12e0</run_address>
         <size>0x69</size>
         <input_file_ref idref="fl-37"/>
      </object_component>
      <object_component id="oc-92">
         <name>.debug_line</name>
         <load_address>0x1349</load_address>
         <run_address>0x1349</run_address>
         <size>0x39</size>
         <input_file_ref idref="fl-38"/>
      </object_component>
      <object_component id="oc-96">
         <name>.debug_line</name>
         <load_address>0x1382</load_address>
         <run_address>0x1382</run_address>
         <size>0x37</size>
         <input_file_ref idref="fl-39"/>
      </object_component>
      <object_component id="oc-9b">
         <name>.debug_line</name>
         <load_address>0x13b9</load_address>
         <run_address>0x13b9</run_address>
         <size>0x15d</size>
         <input_file_ref idref="fl-3a"/>
      </object_component>
      <object_component id="oc-a1">
         <name>.debug_line</name>
         <load_address>0x1516</load_address>
         <run_address>0x1516</run_address>
         <size>0x6a</size>
         <input_file_ref idref="fl-3b"/>
      </object_component>
      <object_component id="oc-a5">
         <name>.debug_line</name>
         <load_address>0x1580</load_address>
         <run_address>0x1580</run_address>
         <size>0x58</size>
         <input_file_ref idref="fl-3c"/>
      </object_component>
      <object_component id="oc-a9">
         <name>.debug_line</name>
         <load_address>0x15d8</load_address>
         <run_address>0x15d8</run_address>
         <size>0x37</size>
         <input_file_ref idref="fl-3d"/>
      </object_component>
      <object_component id="oc-ad">
         <name>.debug_line</name>
         <load_address>0x160f</load_address>
         <run_address>0x160f</run_address>
         <size>0x4c</size>
         <input_file_ref idref="fl-3e"/>
      </object_component>
      <object_component id="oc-b1">
         <name>.debug_line</name>
         <load_address>0x165b</load_address>
         <run_address>0x165b</run_address>
         <size>0x57</size>
         <input_file_ref idref="fl-3f"/>
      </object_component>
      <object_component id="oc-b7">
         <name>.debug_line</name>
         <load_address>0x16b2</load_address>
         <run_address>0x16b2</run_address>
         <size>0x57</size>
         <input_file_ref idref="fl-40"/>
      </object_component>
      <object_component id="oc-bd">
         <name>.debug_line</name>
         <load_address>0x1709</load_address>
         <run_address>0x1709</run_address>
         <size>0x328</size>
         <input_file_ref idref="fl-41"/>
      </object_component>
      <object_component id="oc-c1">
         <name>.debug_line</name>
         <load_address>0x1a31</load_address>
         <run_address>0x1a31</run_address>
         <size>0x41</size>
         <input_file_ref idref="fl-42"/>
      </object_component>
      <object_component id="oc-c5">
         <name>.debug_line</name>
         <load_address>0x1a72</load_address>
         <run_address>0x1a72</run_address>
         <size>0x46</size>
         <input_file_ref idref="fl-43"/>
      </object_component>
      <object_component id="oc-c9">
         <name>.debug_line</name>
         <load_address>0x1ab8</load_address>
         <run_address>0x1ab8</run_address>
         <size>0x55</size>
         <input_file_ref idref="fl-44"/>
      </object_component>
      <object_component id="oc-cd">
         <name>.debug_line</name>
         <load_address>0x1b0d</load_address>
         <run_address>0x1b0d</run_address>
         <size>0xad</size>
         <input_file_ref idref="fl-45"/>
      </object_component>
      <object_component id="oc-d7">
         <name>.debug_line</name>
         <load_address>0x1bba</load_address>
         <run_address>0x1bba</run_address>
         <size>0x5b</size>
         <input_file_ref idref="fl-48"/>
      </object_component>
      <object_component id="oc-db">
         <name>.debug_line</name>
         <load_address>0x1c15</load_address>
         <run_address>0x1c15</run_address>
         <size>0x44</size>
         <input_file_ref idref="fl-49"/>
      </object_component>
      <object_component id="oc-df">
         <name>.debug_line</name>
         <load_address>0x1c59</load_address>
         <run_address>0x1c59</run_address>
         <size>0x3d</size>
         <input_file_ref idref="fl-4a"/>
      </object_component>
      <object_component id="oc-e3">
         <name>.debug_line</name>
         <load_address>0x1c96</load_address>
         <run_address>0x1c96</run_address>
         <size>0x3d</size>
         <input_file_ref idref="fl-4b"/>
      </object_component>
      <object_component id="oc-e8">
         <name>.debug_line</name>
         <load_address>0x1cd3</load_address>
         <run_address>0x1cd3</run_address>
         <size>0x44</size>
         <input_file_ref idref="fl-4c"/>
      </object_component>
      <object_component id="oc-ec">
         <name>.debug_line</name>
         <load_address>0x1d17</load_address>
         <run_address>0x1d17</run_address>
         <size>0x56</size>
         <input_file_ref idref="fl-4d"/>
      </object_component>
      <object_component id="oc-f1">
         <name>.debug_line</name>
         <load_address>0x1d6d</load_address>
         <run_address>0x1d6d</run_address>
         <size>0xa8</size>
         <input_file_ref idref="fl-4e"/>
      </object_component>
      <object_component id="oc-f5">
         <name>.debug_line</name>
         <load_address>0x1e15</load_address>
         <run_address>0x1e15</run_address>
         <size>0x3a</size>
         <input_file_ref idref="fl-4f"/>
      </object_component>
      <object_component id="oc-f9">
         <name>.debug_line</name>
         <load_address>0x1e4f</load_address>
         <run_address>0x1e4f</run_address>
         <size>0x40</size>
         <input_file_ref idref="fl-50"/>
      </object_component>
      <object_component id="oc-fd">
         <name>.debug_line</name>
         <load_address>0x1e8f</load_address>
         <run_address>0x1e8f</run_address>
         <size>0x3c</size>
         <input_file_ref idref="fl-51"/>
      </object_component>
      <object_component id="oc-101">
         <name>.debug_line</name>
         <load_address>0x1ecb</load_address>
         <run_address>0x1ecb</run_address>
         <size>0x38</size>
         <input_file_ref idref="fl-52"/>
      </object_component>
      <object_component id="oc-105">
         <name>.debug_line</name>
         <load_address>0x1f03</load_address>
         <run_address>0x1f03</run_address>
         <size>0xa8</size>
         <input_file_ref idref="fl-53"/>
      </object_component>
      <object_component id="oc-109">
         <name>.debug_line</name>
         <load_address>0x1fab</load_address>
         <run_address>0x1fab</run_address>
         <size>0x3c</size>
         <input_file_ref idref="fl-54"/>
      </object_component>
      <object_component id="oc-10d">
         <name>.debug_line</name>
         <load_address>0x1fe7</load_address>
         <run_address>0x1fe7</run_address>
         <size>0x40</size>
         <input_file_ref idref="fl-55"/>
      </object_component>
      <object_component id="oc-111">
         <name>.debug_line</name>
         <load_address>0x2027</load_address>
         <run_address>0x2027</run_address>
         <size>0x3c</size>
         <input_file_ref idref="fl-56"/>
      </object_component>
      <object_component id="oc-115">
         <name>.debug_line</name>
         <load_address>0x2063</load_address>
         <run_address>0x2063</run_address>
         <size>0x37</size>
         <input_file_ref idref="fl-57"/>
      </object_component>
      <object_component id="oc-119">
         <name>.debug_line</name>
         <load_address>0x209a</load_address>
         <run_address>0x209a</run_address>
         <size>0x3c</size>
         <input_file_ref idref="fl-58"/>
      </object_component>
      <object_component id="oc-11d">
         <name>.debug_line</name>
         <load_address>0x20d6</load_address>
         <run_address>0x20d6</run_address>
         <size>0x44</size>
         <input_file_ref idref="fl-59"/>
      </object_component>
      <object_component id="oc-121">
         <name>.debug_line</name>
         <load_address>0x211a</load_address>
         <run_address>0x211a</run_address>
         <size>0x3f</size>
         <input_file_ref idref="fl-5a"/>
      </object_component>
      <object_component id="oc-125">
         <name>.debug_line</name>
         <load_address>0x2159</load_address>
         <run_address>0x2159</run_address>
         <size>0x3c</size>
         <input_file_ref idref="fl-5b"/>
      </object_component>
      <object_component id="oc-19">
         <name>.debug_abbrev</name>
         <load_address>0x0</load_address>
         <run_address>0x0</run_address>
         <size>0x10c</size>
         <input_file_ref idref="fl-2"/>
      </object_component>
      <object_component id="oc-21">
         <name>.debug_abbrev</name>
         <load_address>0x10c</load_address>
         <run_address>0x10c</run_address>
         <size>0x121</size>
         <input_file_ref idref="fl-3"/>
      </object_component>
      <object_component id="oc-27">
         <name>.debug_abbrev</name>
         <load_address>0x22d</load_address>
         <run_address>0x22d</run_address>
         <size>0x139</size>
         <input_file_ref idref="fl-4"/>
      </object_component>
      <object_component id="oc-2d">
         <name>.debug_abbrev</name>
         <load_address>0x366</load_address>
         <run_address>0x366</run_address>
         <size>0xef</size>
         <input_file_ref idref="fl-5"/>
      </object_component>
      <object_component id="oc-34">
         <name>.debug_abbrev</name>
         <load_address>0x455</load_address>
         <run_address>0x455</run_address>
         <size>0x13f</size>
         <input_file_ref idref="fl-6"/>
      </object_component>
      <object_component id="oc-3b">
         <name>.debug_abbrev</name>
         <load_address>0x594</load_address>
         <run_address>0x594</run_address>
         <size>0xf5</size>
         <input_file_ref idref="fl-7"/>
      </object_component>
      <object_component id="oc-3f">
         <name>.debug_abbrev</name>
         <load_address>0x689</load_address>
         <run_address>0x689</run_address>
         <size>0x6c</size>
         <input_file_ref idref="fl-8"/>
      </object_component>
      <object_component id="oc-43">
         <name>.debug_abbrev</name>
         <load_address>0x6f5</load_address>
         <run_address>0x6f5</run_address>
         <size>0x2c</size>
         <input_file_ref idref="fl-13"/>
      </object_component>
      <object_component id="oc-47">
         <name>.debug_abbrev</name>
         <load_address>0x721</load_address>
         <run_address>0x721</run_address>
         <size>0x2c</size>
         <input_file_ref idref="fl-14"/>
      </object_component>
      <object_component id="oc-4c">
         <name>.debug_abbrev</name>
         <load_address>0x74d</load_address>
         <run_address>0x74d</run_address>
         <size>0x2c</size>
         <input_file_ref idref="fl-16"/>
      </object_component>
      <object_component id="oc-51">
         <name>.debug_abbrev</name>
         <load_address>0x779</load_address>
         <run_address>0x779</run_address>
         <size>0x198</size>
         <input_file_ref idref="fl-17"/>
      </object_component>
      <object_component id="oc-55">
         <name>.debug_abbrev</name>
         <load_address>0x911</load_address>
         <run_address>0x911</run_address>
         <size>0xd4</size>
         <input_file_ref idref="fl-2b"/>
      </object_component>
      <object_component id="oc-59">
         <name>.debug_abbrev</name>
         <load_address>0x9e5</load_address>
         <run_address>0x9e5</run_address>
         <size>0x3a</size>
         <input_file_ref idref="fl-2c"/>
      </object_component>
      <object_component id="oc-60">
         <name>.debug_abbrev</name>
         <load_address>0xa1f</load_address>
         <run_address>0xa1f</run_address>
         <size>0xf7</size>
         <input_file_ref idref="fl-2d"/>
      </object_component>
      <object_component id="oc-64">
         <name>.debug_abbrev</name>
         <load_address>0xb16</load_address>
         <run_address>0xb16</run_address>
         <size>0x118</size>
         <input_file_ref idref="fl-2e"/>
      </object_component>
      <object_component id="oc-68">
         <name>.debug_abbrev</name>
         <load_address>0xc2e</load_address>
         <run_address>0xc2e</run_address>
         <size>0x136</size>
         <input_file_ref idref="fl-2f"/>
      </object_component>
      <object_component id="oc-6e">
         <name>.debug_abbrev</name>
         <load_address>0xd64</load_address>
         <run_address>0xd64</run_address>
         <size>0x1a2</size>
         <input_file_ref idref="fl-30"/>
      </object_component>
      <object_component id="oc-72">
         <name>.debug_abbrev</name>
         <load_address>0xf06</load_address>
         <run_address>0xf06</run_address>
         <size>0x111</size>
         <input_file_ref idref="fl-31"/>
      </object_component>
      <object_component id="oc-76">
         <name>.debug_abbrev</name>
         <load_address>0x1017</load_address>
         <run_address>0x1017</run_address>
         <size>0x11e</size>
         <input_file_ref idref="fl-32"/>
      </object_component>
      <object_component id="oc-7c">
         <name>.debug_abbrev</name>
         <load_address>0x1135</load_address>
         <run_address>0x1135</run_address>
         <size>0x225</size>
         <input_file_ref idref="fl-33"/>
      </object_component>
      <object_component id="oc-80">
         <name>.debug_abbrev</name>
         <load_address>0x135a</load_address>
         <run_address>0x135a</run_address>
         <size>0x38</size>
         <input_file_ref idref="fl-34"/>
      </object_component>
      <object_component id="oc-87">
         <name>.debug_abbrev</name>
         <load_address>0x1392</load_address>
         <run_address>0x1392</run_address>
         <size>0x1de</size>
         <input_file_ref idref="fl-35"/>
      </object_component>
      <object_component id="oc-8b">
         <name>.debug_abbrev</name>
         <load_address>0x1570</load_address>
         <run_address>0x1570</run_address>
         <size>0xdc</size>
         <input_file_ref idref="fl-36"/>
      </object_component>
      <object_component id="oc-8f">
         <name>.debug_abbrev</name>
         <load_address>0x164c</load_address>
         <run_address>0x164c</run_address>
         <size>0x145</size>
         <input_file_ref idref="fl-37"/>
      </object_component>
      <object_component id="oc-93">
         <name>.debug_abbrev</name>
         <load_address>0x1791</load_address>
         <run_address>0x1791</run_address>
         <size>0xbf</size>
         <input_file_ref idref="fl-38"/>
      </object_component>
      <object_component id="oc-97">
         <name>.debug_abbrev</name>
         <load_address>0x1850</load_address>
         <run_address>0x1850</run_address>
         <size>0x8f</size>
         <input_file_ref idref="fl-39"/>
      </object_component>
      <object_component id="oc-9c">
         <name>.debug_abbrev</name>
         <load_address>0x18df</load_address>
         <run_address>0x18df</run_address>
         <size>0x15a</size>
         <input_file_ref idref="fl-3a"/>
      </object_component>
      <object_component id="oc-a2">
         <name>.debug_abbrev</name>
         <load_address>0x1a39</load_address>
         <run_address>0x1a39</run_address>
         <size>0xde</size>
         <input_file_ref idref="fl-3b"/>
      </object_component>
      <object_component id="oc-a6">
         <name>.debug_abbrev</name>
         <load_address>0x1b17</load_address>
         <run_address>0x1b17</run_address>
         <size>0x38</size>
         <input_file_ref idref="fl-3c"/>
      </object_component>
      <object_component id="oc-aa">
         <name>.debug_abbrev</name>
         <load_address>0x1b4f</load_address>
         <run_address>0x1b4f</run_address>
         <size>0x26</size>
         <input_file_ref idref="fl-3d"/>
      </object_component>
      <object_component id="oc-ae">
         <name>.debug_abbrev</name>
         <load_address>0x1b75</load_address>
         <run_address>0x1b75</run_address>
         <size>0x124</size>
         <input_file_ref idref="fl-3e"/>
      </object_component>
      <object_component id="oc-b2">
         <name>.debug_abbrev</name>
         <load_address>0x1c99</load_address>
         <run_address>0x1c99</run_address>
         <size>0xd1</size>
         <input_file_ref idref="fl-3f"/>
      </object_component>
      <object_component id="oc-b8">
         <name>.debug_abbrev</name>
         <load_address>0x1d6a</load_address>
         <run_address>0x1d6a</run_address>
         <size>0x9f</size>
         <input_file_ref idref="fl-40"/>
      </object_component>
      <object_component id="oc-be">
         <name>.debug_abbrev</name>
         <load_address>0x1e09</load_address>
         <run_address>0x1e09</run_address>
         <size>0x1f8</size>
         <input_file_ref idref="fl-41"/>
      </object_component>
      <object_component id="oc-c2">
         <name>.debug_abbrev</name>
         <load_address>0x2001</load_address>
         <run_address>0x2001</run_address>
         <size>0xec</size>
         <input_file_ref idref="fl-42"/>
      </object_component>
      <object_component id="oc-c6">
         <name>.debug_abbrev</name>
         <load_address>0x20ed</load_address>
         <run_address>0x20ed</run_address>
         <size>0xd5</size>
         <input_file_ref idref="fl-43"/>
      </object_component>
      <object_component id="oc-ca">
         <name>.debug_abbrev</name>
         <load_address>0x21c2</load_address>
         <run_address>0x21c2</run_address>
         <size>0x44</size>
         <input_file_ref idref="fl-44"/>
      </object_component>
      <object_component id="oc-ce">
         <name>.debug_abbrev</name>
         <load_address>0x2206</load_address>
         <run_address>0x2206</run_address>
         <size>0xb7</size>
         <input_file_ref idref="fl-45"/>
      </object_component>
      <object_component id="oc-d0">
         <name>.debug_abbrev</name>
         <load_address>0x22bd</load_address>
         <run_address>0x22bd</run_address>
         <size>0x68</size>
         <input_file_ref idref="fl-46"/>
      </object_component>
      <object_component id="oc-d4">
         <name>.debug_abbrev</name>
         <load_address>0x2325</load_address>
         <run_address>0x2325</run_address>
         <size>0x83</size>
         <input_file_ref idref="fl-47"/>
      </object_component>
      <object_component id="oc-d8">
         <name>.debug_abbrev</name>
         <load_address>0x23a8</load_address>
         <run_address>0x23a8</run_address>
         <size>0x112</size>
         <input_file_ref idref="fl-48"/>
      </object_component>
      <object_component id="oc-dc">
         <name>.debug_abbrev</name>
         <load_address>0x24ba</load_address>
         <run_address>0x24ba</run_address>
         <size>0xb5</size>
         <input_file_ref idref="fl-49"/>
      </object_component>
      <object_component id="oc-e0">
         <name>.debug_abbrev</name>
         <load_address>0x256f</load_address>
[...]
         <object_component_ref idref="oc-2f"/>
      </symbol>
      <symbol id="sm-e2">
         <name>_inputCopyL</name>
         <value>0x52c0</value>
         <object_component_ref idref="oc-2f"/>
      </symbol>
      <symbol id="sm-e3">
         <name>_inputCopyR</name>
         <value>0x54c0</value>
         <object_component_ref idref="oc-2f"/>
      </symbol>
      <symbol id="sm-e4">
         <name>_fftSpectrumR</name>
         <value>0x58c0</value>
         <object_component_ref idref="oc-2f"/>
      </symbol>
      <symbol id="sm-e5">
         <name>_fftSpectrumL</name>
         <value>0x56c0</value>
         <object_component_ref idref="oc-2f"/>
      </symbol>
      <symbol id="sm-f5">
         <name>_setWritePointerToFirstChar</name>
         <value>0x24f0c</value>
         <object_component_ref idref="oc-35"/>
      </symbol>
      <symbol id="sm-f6">
         <name>_clearLCD</name>
         <value>0x24ef9</value>
         <object_component_ref idref="oc-35"/>
      </symbol>
      <symbol id="sm-f7">
         <name>_initPrintNumber</name>
         <value>0x24ef7</value>
         <object_component_ref idref="oc-35"/>
      </symbol>
      <symbol id="sm-f8">
         <name>_sign_width</name>
         <value>0x7302</value>
         <object_component_ref idref="oc-37"/>
      </symbol>
      <symbol id="sm-f9">
         <name>_printChar</name>
         <value>0x24f1f</value>
         <object_component_ref idref="oc-35"/>
      </symbol>
      <symbol id="sm-103">
         <name>_p_window</name>
         <value>0x6794</value>
         <object_component_ref idref="oc-3c"/>
      </symbol>
      <symbol id="sm-104">
         <name>_window</name>
         <value>0x6694</value>
         <object_component_ref idref="oc-3c"/>
      </symbol>
      <symbol id="sm-11f">
         <name>_cbrev</name>
         <value>0x243f7</value>
         <object_component_ref idref="oc-40"/>
      </symbol>
      <symbol id="sm-13c">
         <name>_cfft_SCALE</name>
         <value>0x2395f</value>
         <object_component_ref idref="oc-44"/>
      </symbol>
      <symbol id="sm-140">
         <name>twiddle</name>
         <value>0x6900</value>
         <object_component_ref idref="oc-48"/>
      </symbol>
      <symbol id="sm-14b">
         <name>_unpack</name>
         <value>0x2483e</value>
         <object_component_ref idref="oc-49"/>
      </symbol>
      <symbol id="sm-159">
         <name>_EZDSP5535_waitusec</name>
         <value>0x24d5c</value>
         <object_component_ref idref="oc-4d"/>
      </symbol>
      <symbol id="sm-15a">
         <name>_EZDSP5535_init</name>
         <value>0x24d6e</value>
         <object_component_ref idref="oc-4d"/>
      </symbol>
      <symbol id="sm-15b">
         <name>_EZDSP5535_wait</name>
         <value>0x24d28</value>
         <object_component_ref idref="oc-4d"/>
      </symbol>
      <symbol id="sm-165">
         <name>__addd</name>
         <value>0x2311d</value>
         <object_component_ref idref="oc-52"/>
      </symbol>
      <symbol id="sm-171">
         <name>__sysstack</name>
         <value>0x20c0</value>
         <object_component_ref idref="oc-127"/>
      </symbol>
      <symbol id="sm-172">
         <name>_c_int00</name>
         <value>0x24fb5</value>
         <object_component_ref idref="oc-11"/>
      </symbol>
      <symbol id="sm-173">
         <name>__stack</name>
         <value>0xc0</value>
         <object_component_ref idref="oc-56"/>
      </symbol>
      <symbol id="sm-183">
         <name>C$$EXIT</name>
         <value>0x250ce</value>
         <object_component_ref idref="oc-5e"/>
      </symbol>
      <symbol id="sm-184">
         <name>_exit</name>
         <value>0x24f77</value>
         <object_component_ref idref="oc-5a"/>
      </symbol>
      <symbol id="sm-185">
         <name>_abort</name>
         <value>0x250cd</value>
         <object_component_ref idref="oc-5e"/>
      </symbol>
      <symbol id="sm-186">
         <name>__cleanup_ptr</name>
         <value>0x68a4</value>
         <object_component_ref idref="oc-5b"/>
      </symbol>
      <symbol id="sm-187">
         <name>__dtors_ptr</name>
         <value>0x68a8</value>
         <object_component_ref idref="oc-5b"/>
      </symbol>
      <symbol id="sm-191">
         <name>_fclose</name>
         <value>0x24948</value>
         <object_component_ref idref="oc-61"/>
      </symbol>
      <symbol id="sm-19b">
         <name>__doflush</name>
         <value>0x244cd</value>
         <object_component_ref idref="oc-65"/>
      </symbol>
      <symbol id="sm-19c">
         <name>_fflush</name>
         <value>0x24536</value>
         <object_component_ref idref="oc-65"/>
      </symbol>
      <symbol id="sm-1ab">
         <name>__cleanup</name>
         <value>0x22d61</value>
         <object_component_ref idref="oc-69"/>
      </symbol>
      <symbol id="sm-1ac">
         <name>_fopen</name>
         <value>0x22e84</value>
         <object_component_ref idref="oc-69"/>
      </symbol>
      <symbol id="sm-1ad">
         <name>_freopen</name>
         <value>0x22dbb</value>
         <object_component_ref idref="oc-69"/>
      </symbol>
      <symbol id="sm-1b7">
         <name>_fread</name>
         <value>0x23f33</value>
         <object_component_ref idref="oc-6f"/>
      </symbol>
      <symbol id="sm-1c3">
         <name>_fwrite</name>
         <value>0x23587</value>
         <object_component_ref idref="oc-73"/>
      </symbol>
      <symbol id="sm-1d5">
         <name>_add_device</name>
         <value>0x219f7</value>
         <object_component_ref idref="oc-77"/>
      </symbol>
      <symbol id="sm-1d6">
         <name>_rename</name>
         <value>0x21719</value>
         <object_component_ref idref="oc-77"/>
      </symbol>
      <symbol id="sm-1d7">
         <name>_read</name>
         <value>0x217a8</value>
         <object_component_ref idref="oc-77"/>
      </symbol>
      <symbol id="sm-1d8">
         <name>_unlink</name>
         <value>0x216e6</value>
         <object_component_ref idref="oc-77"/>
      </symbol>
      <symbol id="sm-1d9">
         <name>_remove_device</name>
         <value>0x21772</value>
         <object_component_ref idref="oc-77"/>
      </symbol>
      <symbol id="sm-1da">
         <name>_open</name>
         <value>0x21856</value>
         <object_component_ref idref="oc-77"/>
      </symbol>
      <symbol id="sm-1db">
         <name>_find_registered_device</name>
         <value>0x2197b</value>
         <object_component_ref idref="oc-77"/>
      </symbol>
      <symbol id="sm-1dc">
         <name>_lseek</name>
         <value>0x21915</value>
         <object_component_ref idref="oc-77"/>
      </symbol>
      <symbol id="sm-1dd">
         <name>_close</name>
         <value>0x21984</value>
         <object_component_ref idref="oc-77"/>
      </symbol>
      <symbol id="sm-1de">
         <name>_write</name>
         <value>0x215a4</value>
         <object_component_ref idref="oc-77"/>
      </symbol>
      <symbol id="sm-1e6">
         <name>_memcpy</name>
         <value>0x24f38</value>
         <object_component_ref idref="oc-7d"/>
      </symbol>
      <symbol id="sm-1f6">
         <name>__sys_memory</name>
         <value>0x30c0</value>
         <object_component_ref idref="oc-85"/>
      </symbol>
      <symbol id="sm-1f7">
         <name>_chkheap</name>
         <value>0x22496</value>
         <object_component_ref idref="oc-81"/>
      </symbol>
      <symbol id="sm-1f8">
         <name>_realloc</name>
         <value>0x22235</value>
         <object_component_ref idref="oc-81"/>
      </symbol>
      <symbol id="sm-1f9">
         <name>_free_memory</name>
         <value>0x22440</value>
         <object_component_ref idref="oc-81"/>
      </symbol>
      <symbol id="sm-1fa">
         <name>_max_free</name>
         <value>0x223e6</value>
         <object_component_ref idref="oc-81"/>
      </symbol>
      <symbol id="sm-1fb">
         <name>_free</name>
         <value>0x2200f</value>
         <object_component_ref idref="oc-81"/>
      </symbol>
      <symbol id="sm-1fc">
         <name>_calloc</name>
         <value>0x2249e</value>
         <object_component_ref idref="oc-81"/>
      </symbol>
      <symbol id="sm-1fd">
         <name>_malloc</name>
         <value>0x22140</value>
         <object_component_ref idref="oc-81"/>
      </symbol>
      <symbol id="sm-1fe">
         <name>_minit</name>
         <value>0x220db</value>
         <object_component_ref idref="oc-81"/>
      </symbol>
      <symbol id="sm-208">
         <name>__mpyd</name>
         <value>0x23de7</value>
         <object_component_ref idref="oc-88"/>
      </symbol>
      <symbol id="sm-212">
         <name>_printf</name>
         <value>0x24d7c</value>
         <object_component_ref idref="oc-8c"/>
      </symbol>
      <symbol id="sm-21c">
         <name>_remove</name>
         <value>0x250c3</value>
         <object_component_ref idref="oc-90"/>
      </symbol>
      <symbol id="sm-226">
         <name>__subd</name>
         <value>0x2507a</value>
         <object_component_ref idref="oc-94"/>
      </symbol>
      <symbol id="sm-232">
         <name>_HOSTopen</name>
         <value>0x21df2</value>
         <object_component_ref idref="oc-98"/>
      </symbol>
      <symbol id="sm-233">
         <name>_HOSTread</name>
         <value>0x21d65</value>
         <object_component_ref idref="oc-98"/>
      </symbol>
      <symbol id="sm-234">
         <name>_HOSTtime</name>
         <value>0x21c59</value>
         <object_component_ref idref="oc-98"/>
      </symbol>
      <symbol id="sm-235">
         <name>_getenv</name>
         <value>0x21ae7</value>
         <object_component_ref idref="oc-98"/>
      </symbol>
      <symbol id="sm-236">
         <name>_HOSTrename</name>
         <value>0x21cb7</value>
         <object_component_ref idref="oc-98"/>
      </symbol>
      <symbol id="sm-237">
         <name>_HOSTclock</name>
         <value>0x21fb1</value>
         <object_component_ref idref="oc-98"/>
      </symbol>
      <symbol id="sm-238">
         <name>_HOSTwrite</name>
         <value>0x21b62</value>
         <object_component_ref idref="oc-98"/>
      </symbol>
      <symbol id="sm-239">
         <name>_HOSTlseek</name>
         <value>0x21e91</value>
         <object_component_ref idref="oc-98"/>
      </symbol>
      <symbol id="sm-23a">
         <name>_HOSTunlink</name>
         <value>0x21bef</value>
         <object_component_ref idref="oc-98"/>
      </symbol>
      <symbol id="sm-23b">
         <name>_HOSTclose</name>
         <value>0x21f46</value>
         <object_component_ref idref="oc-98"/>
      </symbol>
      <symbol id="sm-24d">
         <name>C$$IO$$</name>
         <value>0x24644</value>
         <object_component_ref idref="oc-a0"/>
      </symbol>
      <symbol id="sm-24e">
         <name>__CIOBUF_</name>
         <value>0x40000</value>
         <object_component_ref idref="oc-9f"/>
      </symbol>
      <symbol id="sm-24f">
         <name>_readmsg</name>
         <value>0x24b8d</value>
         <object_component_ref idref="oc-9d"/>
      </symbol>
      <symbol id="sm-250">
         <name>_writemsg</name>
         <value>0x2458f</value>
         <object_component_ref idref="oc-a0"/>
      </symbol>
      <symbol id="sm-258">
         <name>__remu</name>
         <value>0x25028</value>
         <object_component_ref idref="oc-a3"/>
      </symbol>
      <symbol id="sm-259">
         <name>__divu</name>
         <value>0x25013</value>
         <object_component_ref idref="oc-a3"/>
      </symbol>
      <symbol id="sm-25a">
         <name>I$$UMOD</name>
         <value>0x25028</value>
         <object_component_ref idref="oc-a3"/>
      </symbol>
      <symbol id="sm-25b">
         <name>I$$UDIV</name>
         <value>0x25013</value>
         <object_component_ref idref="oc-a3"/>
      </symbol>
      <symbol id="sm-265">
         <name>_Reset</name>
         <value>0x4fe00</value>
         <object_component_ref idref="oc-12"/>
      </symbol>
      <symbol id="sm-26f">
         <name>__buff_read</name>
         <value>0x24649</value>
         <object_component_ref idref="oc-ab"/>
      </symbol>
      <symbol id="sm-279">
         <name>__rd_ok</name>
         <value>0x2439a</value>
         <object_component_ref idref="oc-af"/>
      </symbol>
      <symbol id="sm-27a">
         <name>__wrt_ok</name>
         <value>0x2431a</value>
         <object_component_ref idref="oc-af"/>
      </symbol>
      <symbol id="sm-288">
         <name>__unlock</name>
         <value>0x68a0</value>
         <object_component_ref idref="oc-b4"/>
      </symbol>
      <symbol id="sm-289">
         <name>__lock</name>
         <value>0x689c</value>
         <object_component_ref idref="oc-b4"/>
      </symbol>
      <symbol id="sm-28a">
         <name>__register_lock</name>
         <value>0x250a9</value>
         <object_component_ref idref="oc-b3"/>
      </symbol>
      <symbol id="sm-28b">
         <name>__nop</name>
         <value>0x250b1</value>
         <object_component_ref idref="oc-b3"/>
      </symbol>
      <symbol id="sm-28c">
         <name>__register_unlock</name>
         <value>0x250a1</value>
         <object_component_ref idref="oc-b3"/>
      </symbol>
      <symbol id="sm-29e">
         <name>__printfi</name>
         <value>0x21362</value>
         <object_component_ref idref="oc-b9"/>
      </symbol>
      <symbol id="sm-2a8">
         <name>__args_main</name>
         <value>0x24e19</value>
         <object_component_ref idref="oc-bf"/>
      </symbol>
      <symbol id="sm-2a9">
         <name>__TI_args_main</name>
         <value>0x1</value>
      </symbol>
      <symbol id="sm-2b3">
         <name>_atoi</name>
         <value>0x24ccc</value>
         <object_component_ref idref="oc-c3"/>
      </symbol>
      <symbol id="sm-2bb">
         <name>_auto_init</name>
         <value>0x24dcc</value>
         <object_component_ref idref="oc-c7"/>
      </symbol>
      <symbol id="sm-2c5">
         <name>__eqld</name>
         <value>0x238d3</value>
         <object_component_ref idref="oc-cb"/>
      </symbol>
      <symbol id="sm-2c6">
         <name>__cmpd</name>
         <value>0x23907</value>
         <object_component_ref idref="oc-cb"/>
      </symbol>
      <symbol id="sm-2c7">
         <name>__neqd</name>
         <value>0x23775</value>
         <object_component_ref idref="oc-cb"/>
      </symbol>
      <symbol id="sm-2c8">
         <name>__gtrd</name>
         <value>0x2383e</value>
         <object_component_ref idref="oc-cb"/>
      </symbol>
      <symbol id="sm-2c9">
         <name>__geqd</name>
         <value>0x23889</value>
         <object_component_ref idref="oc-cb"/>
      </symbol>
      <symbol id="sm-2ca">
         <name>__leqd</name>
         <value>0x237f1</value>
         <object_component_ref idref="oc-cb"/>
      </symbol>
      <symbol id="sm-2cb">
         <name>__lssd</name>
         <value>0x237a9</value>
         <object_component_ref idref="oc-cb"/>
      </symbol>
      <symbol id="sm-2d3">
         <name>__ctypes_</name>
         <value>0x7100</value>
         <object_component_ref idref="oc-128"/>
      </symbol>
      <symbol id="sm-2dd">
         <name>__tmpnams</name>
         <value>0x63b0</value>
         <object_component_ref idref="oc-d1"/>
      </symbol>
      <symbol id="sm-2de">
         <name>__ft_end</name>
         <value>0x64f0</value>
         <object_component_ref idref="oc-d1"/>
      </symbol>
      <symbol id="sm-2df">
         <name>__ftable</name>
         <value>0x62c0</value>
         <object_component_ref idref="oc-d1"/>
      </symbol>
      <symbol id="sm-2eb">
         <name>__divd</name>
         <value>0x224c4</value>
         <object_component_ref idref="oc-d5"/>
      </symbol>
      <symbol id="sm-2f6">
         <name>__divul</name>
         <value>0x2479d</value>
         <object_component_ref idref="oc-d9"/>
      </symbol>
      <symbol id="sm-300">
         <name>__fixdi</name>
         <value>0x24fe9</value>
         <object_component_ref idref="oc-dd"/>
      </symbol>
      <symbol id="sm-30a">
         <name>__fixdli</name>
         <value>0x24b1e</value>
         <object_component_ref idref="oc-e1"/>
      </symbol>
      <symbol id="sm-316">
         <name>__fltlid</name>
         <value>0x24c65</value>
         <object_component_ref idref="oc-e5"/>
      </symbol>
      <symbol id="sm-320">
         <name>_putchar</name>
         <value>0x2478e</value>
         <object_component_ref idref="oc-ea"/>
      </symbol>
      <symbol id="sm-321">
         <name>_putc</name>
         <value>0x246f7</value>
         <object_component_ref idref="oc-ea"/>
      </symbol>
      <symbol id="sm-322">
         <name>_fputc</name>
         <value>0x246f7</value>
         <object_component_ref idref="oc-ea"/>
      </symbol>
      <symbol id="sm-330">
         <name>_puts</name>
         <value>0x23c67</value>
         <object_component_ref idref="oc-ee"/>
      </symbol>
      <symbol id="sm-331">
         <name>_fputs</name>
         <value>0x23b32</value>
         <object_component_ref idref="oc-ee"/>
      </symbol>
      <symbol id="sm-33b">
         <name>__frcmpyd</name>
         <value>0x249c3</value>
         <object_component_ref idref="oc-f3"/>
      </symbol>
      <symbol id="sm-345">
         <name>__frcmpyd_div</name>
         <value>0x24a39</value>
         <object_component_ref idref="oc-f7"/>
      </symbol>
      <symbol id="sm-34f">
         <name>_fseek</name>
         <value>0x24bfa</value>
         <object_component_ref idref="oc-fb"/>
      </symbol>
      <symbol id="sm-359">
         <name>___isinf</name>
         <value>0x25060</value>
         <object_component_ref idref="oc-ff"/>
      </symbol>
      <symbol id="sm-363">
         <name>__divull</name>
         <value>0x22ff4</value>
         <object_component_ref idref="oc-103"/>
      </symbol>
      <symbol id="sm-364">
         <name>__mpylli</name>
         <value>0x22f3c</value>
         <object_component_ref idref="oc-103"/>
      </symbol>
      <symbol id="sm-365">
         <name>__remlli</name>
         <value>0x22f0d</value>
         <object_component_ref idref="oc-103"/>
      </symbol>
      <symbol id="sm-366">
         <name>__divlli</name>
         <value>0x230e8</value>
         <object_component_ref idref="oc-103"/>
      </symbol>
      <symbol id="sm-367">
         <name>__remull</name>
         <value>0x22ebf</value>
         <object_component_ref idref="oc-103"/>
      </symbol>
      <symbol id="sm-36f">
         <name>__mpyli</name>
         <value>0x2508e</value>
         <object_component_ref idref="oc-107"/>
      </symbol>
      <symbol id="sm-370">
         <name>I$$LMPY</name>
         <value>0x2508e</value>
         <object_component_ref idref="oc-107"/>
      </symbol>
      <symbol id="sm-37a">
         <name>_ltoa</name>
         <value>0x248cb</value>
         <object_component_ref idref="oc-10b"/>
      </symbol>
      <symbol id="sm-385">
         <name>_memccpy</name>
         <value>0x2503d</value>
         <object_component_ref idref="oc-10f"/>
      </symbol>
      <symbol id="sm-38f">
         <name>__negd</name>
         <value>0x250b3</value>
         <object_component_ref idref="oc-113"/>
      </symbol>
      <symbol id="sm-399">
         <name>__remli</name>
         <value>0x24e64</value>
         <object_component_ref idref="oc-117"/>
      </symbol>
      <symbol id="sm-3a4">
         <name>__remul</name>
         <value>0x24aac</value>
         <object_component_ref idref="oc-11b"/>
      </symbol>
      <symbol id="sm-3ae">
         <name>_setvbuf</name>
         <value>0x24234</value>
         <object_component_ref idref="oc-11f"/>
      </symbol>
      <symbol id="sm-3b8">
         <name>__divli</name>
         <value>0x24eaf</value>
         <object_component_ref idref="oc-123"/>
      </symbol>
   </symbol_table>
</link_info>
