<?xml version="1.0"?>
<link_info>
   <banner>TMS320C55x Linker PC v4.4.1</banner>
   <copyright>Copyright (c) 1996-2012 Texas Instruments Incorporated</copyright>
   <link_time>0x5a50f7ff</link_time>
   <output_file>NoiseRemoval Sim.out</output_file>
   <entry_point>
      <name>_c_int00</name>
      <address>0x250bb</address>
   </entry_point>
   <input_file_list>
      <input_file id="fl-2">
         <path>.\</path>
         <kind>object</kind>
         <file>aic3204.obj</file>
         <name>aic3204.obj</name>
      </input_file>
      <input_file id="fl-3">
         <path>.\</path>
         <kind>object</kind>
         <file>aic3204_init.obj</file>
         <name>aic3204_init.obj</name>
      </input_file>
      <input_file id="fl-4">
         <path>.\</path>
         <kind>object</kind>
         <file>ezdsp5535_aic3204_dma.obj</file>
         <name>ezdsp5535_aic3204_dma.obj</name>
      </input_file>
      <input_file id="fl-5">
         <path>.\</path>
         <kind>object</kind>
         <file>iir.obj</file>
         <name>iir.obj</name>
      </input_file>
      <input_file id="fl-6">
         <path>.\</path>
         <kind>object</kind>
         <file>main.obj</file>
         <name>main.obj</name>
      </input_file>
      <input_file id="fl-7">
         <path>.\</path>
         <kind>object</kind>
         <file>print_number.obj</file>
         <name>print_number.obj</name>
      </input_file>
      <input_file id="fl-8">
         <path>.\</path>
         <kind>object</kind>
         <file>window.obj</file>
         <name>window.obj</name>
      </input_file>
      <input_file id="fl-13">
         <path>..\c55xx_csl\lib\</path>
         <kind>archive</kind>
         <file>55xdspx_r3.lib</file>
         <name>cbrev.obj</name>
      </input_file>
      <input_file id="fl-14">
         <path>..\c55xx_csl\lib\</path>
         <kind>archive</kind>
         <file>55xdspx_r3.lib</file>
         <name>cfft_scale.obj</name>
      </input_file>
      <input_file id="fl-15">
         <path>..\c55xx_csl\lib\</path>
         <kind>archive</kind>
         <file>55xdspx_r3.lib</file>
         <name>twiddle.obj</name>
      </input_file>
      <input_file id="fl-16">
         <path>..\c55xx_csl\lib\</path>
         <kind>archive</kind>
         <file>55xdspx_r3.lib</file>
         <name>unpack.obj</name>
      </input_file>
      <input_file id="fl-17">
         <path>..\lib\</path>
         <kind>archive</kind>
         <file>ezdsp5535bsl.lib</file>
         <name>ezdsp5535.obj</name>
      </input_file>
      <input_file id="fl-2b">
         <path>C:\ti\ccsv6\tools\compiler\c5500_4.4.1\lib\</path>
         <kind>archive</kind>
         <file>rts55x.lib</file>
         <name>addd.obj</name>
      </input_file>
      <input_file id="fl-2c">
         <path>C:\ti\ccsv6\tools\compiler\c5500_4.4.1\lib\</path>
         <kind>archive</kind>
         <file>rts55x.lib</file>
         <name>boot.obj</name>
      </input_file>
      <input_file id="fl-2d">
         <path>C:\ti\ccsv6\tools\compiler\c5500_4.4.1\lib\</path>
         <kind>archive</kind>
         <file>rts55x.lib</file>
         <name>exit.obj</name>
      </input_file>
      <input_file id="fl-2e">
         <path>C:\ti\ccsv6\tools\compiler\c5500_4.4.1\lib\</path>
         <kind>archive</kind>
         <file>rts55x.lib</file>
         <name>fclose.obj</name>
      </input_file>
      <input_file id="fl-2f">
         <path>C:\ti\ccsv6\tools\compiler\c5500_4.4.1\lib\</path>
         <kind>archive</kind>
         <file>rts55x.lib</file>
         <name>fflush.obj</name>
      </input_file>
      <input_file id="fl-30">
         <path>C:\ti\ccsv6\tools\compiler\c5500_4.4.1\lib\</path>
         <kind>archive</kind>
         <file>rts55x.lib</file>
         <name>fopen.obj</name>
      </input_file>
      <input_file id="fl-31">
         <path>C:\ti\ccsv6\tools\compiler\c5500_4.4.1\lib\</path>
         <kind>archive</kind>
         <file>rts55x.lib</file>
         <name>fread.obj</name>
      </input_file>
      <input_file id="fl-32">
         <path>C:\ti\ccsv6\tools\compiler\c5500_4.4.1\lib\</path>
         <kind>archive</kind>
         <file>rts55x.lib</file>
         <name>fwrite.obj</name>
      </input_file>
      <input_file id="fl-33">
         <path>C:\ti\ccsv6\tools\compiler\c5500_4.4.1\lib\</path>
         <kind>archive</kind>
         <file>rts55x.lib</file>
         <name>lowlev.obj</name>
      </input_file>
      <input_file id="fl-34">
         <path>C:\ti\ccsv6\tools\compiler\c5500_4.4.1\lib\</path>
         <kind>archive</kind>
         <file>rts55x.lib</file>
         <name>memcpy.obj</name>
      </input_file>
      <input_file id="fl-35">
         <path>C:\ti\ccsv6\tools\compiler\c5500_4.4.1\lib\</path>
         <kind>archive</kind>
         <file>rts55x.lib</file>
         <name>memory.obj</name>
      </input_file>
      <input_file id="fl-36">
         <path>C:\ti\ccsv6\tools\compiler\c5500_4.4.1\lib\</path>
         <kind>archive</kind>
         <file>rts55x.lib</file>
         <name>mpyd.obj</name>
      </input_file>
      <input_file id="fl-37">
         <path>C:\ti\ccsv6\tools\compiler\c5500_4.4.1\lib\</path>
         <kind>archive</kind>
         <file>rts55x.lib</file>
         <name>printf.obj</name>
      </input_file>
      <input_file id="fl-38">
         <path>C:\ti\ccsv6\tools\compiler\c5500_4.4.1\lib\</path>
         <kind>archive</kind>
         <file>rts55x.lib</file>
         <name>remove.obj</name>
      </input_file>
      <input_file id="fl-39">
         <path>C:\ti\ccsv6\tools\compiler\c5500_4.4.1\lib\</path>
         <kind>archive</kind>
         <file>rts55x.lib</file>
         <name>subd.obj</name>
      </input_file>
      <input_file id="fl-3a">
         <path>C:\ti\ccsv6\tools\compiler\c5500_4.4.1\lib\</path>
         <kind>archive</kind>
         <file>rts55x.lib</file>
         <name>trgdrv.obj</name>
      </input_file>
      <input_file id="fl-3b">
         <path>C:\ti\ccsv6\tools\compiler\c5500_4.4.1\lib\</path>
         <kind>archive</kind>
         <file>rts55x.lib</file>
         <name>trgmsg.obj</name>
      </input_file>
      <input_file id="fl-3c">
         <path>C:\ti\ccsv6\tools\compiler\c5500_4.4.1\lib\</path>
         <kind>archive</kind>
         <file>rts55x.lib</file>
         <name>udiv.obj</name>
      </input_file>
      <input_file id="fl-3d">
         <path>C:\ti\ccsv6\tools\compiler\c5500_4.4.1\lib\</path>
         <kind>archive</kind>
         <file>rts55x.lib</file>
         <name>vectors.obj</name>
      </input_file>
      <input_file id="fl-3e">
         <path>C:\ti\ccsv6\tools\compiler\c5500_4.4.1\lib\</path>
         <kind>archive</kind>
         <file>rts55x.lib</file>
         <name>_bufread.obj</name>
      </input_file>
      <input_file id="fl-3f">
         <path>C:\ti\ccsv6\tools\compiler\c5500_4.4.1\lib\</path>
         <kind>archive</kind>
         <file>rts55x.lib</file>
         <name>_io_perm.obj</name>
      </input_file>
      <input_file id="fl-40">
         <path>C:\ti\ccsv6\tools\compiler\c5500_4.4.1\lib\</path>
         <kind>archive</kind>
         <file>rts55x.lib</file>
         <name>_lock.obj</name>
      </input_file>
      <input_file id="fl-41">
         <path>C:\ti\ccsv6\tools\compiler\c5500_4.4.1\lib\</path>
         <kind>archive</kind>
         <file>rts55x.lib</file>
         <name>_printfi.obj</name>
      </input_file>
      <input_file id="fl-42">
         <path>C:\ti\ccsv6\tools\compiler\c5500_4.4.1\lib\</path>
         <kind>archive</kind>
         <file>rts55x.lib</file>
         <name>args_main.obj</name>
      </input_file>
      <input_file id="fl-43">
         <path>C:\ti\ccsv6\tools\compiler\c5500_4.4.1\lib\</path>
         <kind>archive</kind>
         <file>rts55x.lib</file>
         <name>atoi.obj</name>
      </input_file>
      <input_file id="fl-44">
         <path>C:\ti\ccsv6\tools\compiler\c5500_4.4.1\lib\</path>
         <kind>archive</kind>
         <file>rts55x.lib</file>
         <name>autoinit.obj</name>
      </input_file>
      <input_file id="fl-45">
         <path>C:\ti\ccsv6\tools\compiler\c5500_4.4.1\lib\</path>
         <kind>archive</kind>
         <file>rts55x.lib</file>
         <name>cmpd.obj</name>
      </input_file>
      <input_file id="fl-46">
         <path>C:\ti\ccsv6\tools\compiler\c5500_4.4.1\lib\</path>
         <kind>archive</kind>
         <file>rts55x.lib</file>
         <name>ctype.obj</name>
      </input_file>
      <input_file id="fl-47">
         <path>C:\ti\ccsv6\tools\compiler\c5500_4.4.1\lib\</path>
         <kind>archive</kind>
         <file>rts55x.lib</file>
         <name>defs.obj</name>
      </input_file>
      <input_file id="fl-48">
         <path>C:\ti\ccsv6\tools\compiler\c5500_4.4.1\lib\</path>
         <kind>archive</kind>
         <file>rts55x.lib</file>
         <name>divd.obj</name>
      </input_file>
      <input_file id="fl-49">
         <path>C:\ti\ccsv6\tools\compiler\c5500_4.4.1\lib\</path>
         <kind>archive</kind>
         <file>rts55x.lib</file>
         <name>divul.obj</name>
      </input_file>
      <input_file id="fl-4a">
         <path>C:\ti\ccsv6\tools\compiler\c5500_4.4.1\lib\</path>
         <kind>archive</kind>
         <file>rts55x.lib</file>
         <name>fixdi.obj</name>
      </input_file>
      <input_file id="fl-4b">
         <path>C:\ti\ccsv6\tools\compiler\c5500_4.4.1\lib\</path>
         <kind>archive</kind>
         <file>rts55x.lib</file>
         <name>fixdli.obj</name>
      </input_file>
      <input_file id="fl-4c">
         <path>C:\ti\ccsv6\tools\compiler\c5500_4.4.1\lib\</path>
         <kind>archive</kind>
         <file>rts55x.lib</file>
         <name>fltlid.obj</name>
      </input_file>
      <input_file id="fl-4d">
         <path>C:\ti\ccsv6\tools\compiler\c5500_4.4.1\lib\</path>
         <kind>archive</kind>
         <file>rts55x.lib</file>
         <name>fputc.obj</name>
      </input_file>
      <input_file id="fl-4e">
         <path>C:\ti\ccsv6\tools\compiler\c5500_4.4.1\lib\</path>
         <kind>archive</kind>
         <file>rts55x.lib</file>
         <name>fputs.obj</name>
      </input_file>
      <input_file id="fl-4f">
         <path>C:\ti\ccsv6\tools\compiler\c5500_4.4.1\lib\</path>
         <kind>archive</kind>
         <file>rts55x.lib</file>
         <name>frcmpyd.obj</name>
      </input_file>
      <input_file id="fl-50">
         <path>C:\ti\ccsv6\tools\compiler\c5500_4.4.1\lib\</path>
         <kind>archive</kind>
         <file>rts55x.lib</file>
         <name>frcmpyd_div.obj</name>
      </input_file>
      <input_file id="fl-51">
         <path>C:\ti\ccsv6\tools\compiler\c5500_4.4.1\lib\</path>
         <kind>archive</kind>
         <file>rts55x.lib</file>
         <name>fseek.obj</name>
      </input_file>
      <input_file id="fl-52">
         <path>C:\ti\ccsv6\tools\compiler\c5500_4.4.1\lib\</path>
         <kind>archive</kind>
         <file>rts55x.lib</file>
         <name>isinf.obj</name>
      </input_file>
      <input_file id="fl-53">
         <path>C:\ti\ccsv6\tools\compiler\c5500_4.4.1\lib\</path>
         <kind>archive</kind>
         <file>rts55x.lib</file>
         <name>llmpy.obj</name>
      </input_file>
      <input_file id="fl-54">
         <path>C:\ti\ccsv6\tools\compiler\c5500_4.4.1\lib\</path>
         <kind>archive</kind>
         <file>rts55x.lib</file>
         <name>lmpy.obj</name>
      </input_file>
      <input_file id="fl-55">
         <path>C:\ti\ccsv6\tools\compiler\c5500_4.4.1\lib\</path>
         <kind>archive</kind>
         <file>rts55x.lib</file>
         <name>ltoa.obj</name>
      </input_file>
      <input_file id="fl-56">
         <path>C:\ti\ccsv6\tools\compiler\c5500_4.4.1\lib\</path>
         <kind>archive</kind>
         <file>rts55x.lib</file>
         <name>memccpy.obj</name>
      </input_file>
      <input_file id="fl-57">
         <path>C:\ti\ccsv6\tools\compiler\c5500_4.4.1\lib\</path>
         <kind>archive</kind>
         <file>rts55x.lib</file>
         <name>negd.obj</name>
      </input_file>
      <input_file id="fl-58">
         <path>C:\ti\ccsv6\tools\compiler\c5500_4.4.1\lib\</path>
         <kind>archive</kind>
         <file>rts55x.lib</file>
         <name>remli.obj</name>
      </input_file>
      <input_file id="fl-59">
         <path>C:\ti\ccsv6\tools\compiler\c5500_4.4.1\lib\</path>
         <kind>archive</kind>
         <file>rts55x.lib</file>
         <name>remul.obj</name>
      </input_file>
      <input_file id="fl-5a">
         <path>C:\ti\ccsv6\tools\compiler\c5500_4.4.1\lib\</path>
         <kind>archive</kind>
         <file>rts55x.lib</file>
         <name>setvbuf.obj</name>
      </input_file>
      <input_file id="fl-5b">
         <path>C:\ti\ccsv6\tools\compiler\c5500_4.4.1\lib\</path>
         <kind>archive</kind>
         <file>rts55x.lib</file>
         <name>divli.obj</name>
      </input_file>
   </input_file_list>
   <object_component_list>
      <object_component id="oc-ba">
         <name>.text</name>
         <load_address>0x20000</load_address>
         <run_address>0x20000</run_address>
         <size>0x15a4</size>
         <input_file_ref idref="fl-41"/>
      </object_component>
      <object_component id="oc-78">
         <name>.text</name>
         <load_address>0x215a4</load_address>
         <run_address>0x215a4</run_address>
         <size>0x543</size>
         <input_file_ref idref="fl-33"/>
      </object_component>
      <object_component id="oc-99">
         <name>.text</name>
         <load_address>0x21ae7</load_address>
         <run_address>0x21ae7</run_address>
         <size>0x528</size>
         <input_file_ref idref="fl-3a"/>
      </object_component>
      <object_component id="oc-82">
         <name>.text</name>
         <load_address>0x2200f</load_address>
         <run_address>0x2200f</run_address>
         <size>0x4b5</size>
         <input_file_ref idref="fl-35"/>
      </object_component>
      <object_component id="oc-d6">
         <name>.text</name>
         <load_address>0x224c4</load_address>
         <run_address>0x224c4</run_address>
         <size>0x3cc</size>
         <input_file_ref idref="fl-48"/>
      </object_component>
      <object_component id="oc-28">
         <name>.text</name>
         <load_address>0x22890</load_address>
         <run_address>0x22890</run_address>
         <size>0x3b0</size>
         <input_file_ref idref="fl-5"/>
      </object_component>
      <object_component id="oc-2e">
         <name>.text</name>
         <load_address>0x22c40</load_address>
         <run_address>0x22c40</run_address>
         <size>0x316</size>
         <input_file_ref idref="fl-6"/>
      </object_component>
      <object_component id="oc-6a">
         <name>.text</name>
         <load_address>0x22f56</load_address>
         <run_address>0x22f56</run_address>
         <size>0x27f</size>
         <input_file_ref idref="fl-30"/>
      </object_component>
      <object_component id="oc-104">
         <name>.text</name>
         <load_address>0x231d5</load_address>
         <run_address>0x231d5</run_address>
         <size>0x25e</size>
         <input_file_ref idref="fl-53"/>
      </object_component>
      <object_component id="oc-53">
         <name>.text</name>
         <load_address>0x23433</load_address>
         <run_address>0x23433</run_address>
         <size>0x25a</size>
         <input_file_ref idref="fl-2b"/>
      </object_component>
      <object_component id="oc-74">
         <name>.text</name>
         <load_address>0x2368d</load_address>
         <run_address>0x2368d</run_address>
         <size>0x1ee</size>
         <input_file_ref idref="fl-32"/>
      </object_component>
      <object_component id="oc-cc">
         <name>.text</name>
         <load_address>0x2387b</load_address>
         <run_address>0x2387b</run_address>
         <size>0x1ea</size>
         <input_file_ref idref="fl-45"/>
      </object_component>
      <object_component id="oc-45">
         <name>.text</name>
         <load_address>0x23a65</load_address>
         <run_address>0x23a65</run_address>
         <size>0x1d3</size>
         <input_file_ref idref="fl-14"/>
      </object_component>
      <object_component id="oc-ef">
         <name>.text</name>
         <load_address>0x23c38</load_address>
         <run_address>0x23c38</run_address>
         <size>0x163</size>
         <input_file_ref idref="fl-4e"/>
      </object_component>
      <object_component id="oc-22">
         <name>.text</name>
         <load_address>0x23d9b</load_address>
         <run_address>0x23d9b</run_address>
         <size>0x152</size>
         <input_file_ref idref="fl-4"/>
      </object_component>
      <object_component id="oc-89">
         <name>.text</name>
         <load_address>0x23eed</load_address>
         <run_address>0x23eed</run_address>
         <size>0x14c</size>
         <input_file_ref idref="fl-36"/>
      </object_component>
      <object_component id="oc-70">
         <name>.text</name>
         <load_address>0x24039</load_address>
         <run_address>0x24039</run_address>
         <size>0x10f</size>
         <input_file_ref idref="fl-31"/>
      </object_component>
      <object_component id="oc-13">
         <name>.text</name>
         <load_address>0x24148</load_address>
         <run_address>0x24148</run_address>
         <size>0xfc</size>
         <input_file_ref idref="fl-2"/>
      </object_component>
      <object_component id="oc-1a">
         <name>.text</name>
         <load_address>0x24244</load_address>
         <run_address>0x24244</run_address>
         <size>0xf6</size>
         <input_file_ref idref="fl-3"/>
      </object_component>
      <object_component id="oc-120">
         <name>.text</name>
         <load_address>0x2433a</load_address>
         <run_address>0x2433a</run_address>
         <size>0xe6</size>
         <input_file_ref idref="fl-5a"/>
      </object_component>
      <object_component id="oc-b0">
         <name>.text</name>
         <load_address>0x24420</load_address>
         <run_address>0x24420</run_address>
         <size>0xdd</size>
         <input_file_ref idref="fl-3f"/>
      </object_component>
      <object_component id="oc-41">
         <name>.text</name>
         <load_address>0x244fd</load_address>
         <run_address>0x244fd</run_address>
         <size>0xd6</size>
         <input_file_ref idref="fl-13"/>
      </object_component>
      <object_component id="oc-66">
         <name>.text</name>
         <load_address>0x245d3</load_address>
         <run_address>0x245d3</run_address>
         <size>0xc2</size>
         <input_file_ref idref="fl-2f"/>
      </object_component>
      <object_component id="oc-a1">
         <name>.text:CIO_breakpoint</name>
         <load_address>0x24695</load_address>
         <run_address>0x24695</run_address>
         <size>0xba</size>
         <input_file_ref idref="fl-3b"/>
      </object_component>
      <object_component id="oc-ac">
         <name>.text</name>
         <load_address>0x2474f</load_address>
         <run_address>0x2474f</run_address>
         <size>0xae</size>
         <input_file_ref idref="fl-3e"/>
      </object_component>
      <object_component id="oc-eb">
         <name>.text</name>
         <load_address>0x247fd</load_address>
         <run_address>0x247fd</run_address>
         <size>0xa6</size>
         <input_file_ref idref="fl-4d"/>
      </object_component>
      <object_component id="oc-da">
         <name>.text</name>
         <load_address>0x248a3</load_address>
         <run_address>0x248a3</run_address>
         <size>0xa1</size>
         <input_file_ref idref="fl-49"/>
      </object_component>
      <object_component id="oc-4a">
         <name>.text</name>
         <load_address>0x24944</load_address>
         <run_address>0x24944</run_address>
         <size>0x8d</size>
         <input_file_ref idref="fl-16"/>
      </object_component>
      <object_component id="oc-10c">
         <name>.text</name>
         <load_address>0x249d1</load_address>
         <run_address>0x249d1</run_address>
         <size>0x7d</size>
         <input_file_ref idref="fl-55"/>
      </object_component>
      <object_component id="oc-62">
         <name>.text</name>
         <load_address>0x24a4e</load_address>
         <run_address>0x24a4e</run_address>
         <size>0x7b</size>
         <input_file_ref idref="fl-2e"/>
      </object_component>
      <object_component id="oc-f4">
         <name>.text</name>
         <load_address>0x24ac9</load_address>
         <run_address>0x24ac9</run_address>
         <size>0x76</size>
         <input_file_ref idref="fl-4f"/>
      </object_component>
      <object_component id="oc-f8">
         <name>.text</name>
         <load_address>0x24b3f</load_address>
         <run_address>0x24b3f</run_address>
         <size>0x73</size>
         <input_file_ref idref="fl-50"/>
      </object_component>
      <object_component id="oc-11c">
         <name>.text</name>
         <load_address>0x24bb2</load_address>
         <run_address>0x24bb2</run_address>
         <size>0x72</size>
         <input_file_ref idref="fl-59"/>
      </object_component>
      <object_component id="oc-e2">
         <name>.text</name>
         <load_address>0x24c24</load_address>
         <run_address>0x24c24</run_address>
         <size>0x6f</size>
         <input_file_ref idref="fl-4b"/>
      </object_component>
      <object_component id="oc-9e">
         <name>.text</name>
         <load_address>0x24c93</load_address>
         <run_address>0x24c93</run_address>
         <size>0x6d</size>
         <input_file_ref idref="fl-3b"/>
      </object_component>
      <object_component id="oc-fc">
         <name>.text</name>
         <load_address>0x24d00</load_address>
         <run_address>0x24d00</run_address>
         <size>0x6b</size>
         <input_file_ref idref="fl-51"/>
      </object_component>
      <object_component id="oc-e6">
         <name>.text</name>
         <load_address>0x24d6b</load_address>
         <run_address>0x24d6b</run_address>
         <size>0x67</size>
         <input_file_ref idref="fl-4c"/>
      </object_component>
      <object_component id="oc-c4">
         <name>.text</name>
         <load_address>0x24dd2</load_address>
         <run_address>0x24dd2</run_address>
         <size>0x5c</size>
         <input_file_ref idref="fl-43"/>
      </object_component>
      <object_component id="oc-4e">
         <name>.text</name>
         <load_address>0x24e2e</load_address>
         <run_address>0x24e2e</run_address>
         <size>0x54</size>
         <input_file_ref idref="fl-17"/>
      </object_component>
      <object_component id="oc-8d">
         <name>.text</name>
         <load_address>0x24e82</load_address>
         <run_address>0x24e82</run_address>
         <size>0x50</size>
         <input_file_ref idref="fl-37"/>
      </object_component>
      <object_component id="oc-c8">
         <name>.text</name>
         <load_address>0x24ed2</load_address>
         <run_address>0x24ed2</run_address>
         <size>0x4d</size>
         <input_file_ref idref="fl-44"/>
      </object_component>
      <object_component id="oc-c0">
         <name>.text</name>
         <load_address>0x24f1f</load_address>
         <run_address>0x24f1f</run_address>
         <size>0x4b</size>
         <input_file_ref idref="fl-42"/>
      </object_component>
      <object_component id="oc-118">
         <name>.text</name>
         <load_address>0x24f6a</load_address>
         <run_address>0x24f6a</run_address>
         <size>0x4b</size>
         <input_file_ref idref="fl-58"/>
      </object_component>
      <object_component id="oc-124">
         <name>.text</name>
         <load_address>0x24fb5</load_address>
         <run_address>0x24fb5</run_address>
         <size>0x48</size>
         <input_file_ref idref="fl-5b"/>
      </object_component>
      <object_component id="oc-36">
         <name>.text</name>
         <load_address>0x24ffd</load_address>
         <run_address>0x24ffd</run_address>
         <size>0x41</size>
         <input_file_ref idref="fl-7"/>
      </object_component>
      <object_component id="oc-7e">
         <name>.text</name>
         <load_address>0x2503e</load_address>
         <run_address>0x2503e</run_address>
         <size>0x3f</size>
         <input_file_ref idref="fl-34"/>
      </object_component>
      <object_component id="oc-5b">
         <name>.text</name>
         <load_address>0x2507d</load_address>
         <run_address>0x2507d</run_address>
         <size>0x3e</size>
         <input_file_ref idref="fl-2d"/>
      </object_component>
      <object_component id="oc-11">
         <name>.text</name>
         <load_address>0x250bb</load_address>
         <run_address>0x250bb</run_address>
         <size>0x34</size>
         <input_file_ref idref="fl-2c"/>
      </object_component>
      <object_component id="oc-de">
         <name>.text</name>
         <load_address>0x250ef</load_address>
         <run_address>0x250ef</run_address>
         <size>0x2a</size>
         <input_file_ref idref="fl-4a"/>
      </object_component>
      <object_component id="oc-a4">
         <name>.text</name>
         <load_address>0x25119</load_address>
         <run_address>0x25119</run_address>
         <size>0x2a</size>
         <input_file_ref idref="fl-3c"/>
      </object_component>
      <object_component id="oc-110">
         <name>.text</name>
         <load_address>0x25143</load_address>
         <run_address>0x25143</run_address>
         <size>0x23</size>
         <input_file_ref idref="fl-56"/>
      </object_component>
      <object_component id="oc-100">
         <name>.text</name>
         <load_address>0x25166</load_address>
         <run_address>0x25166</run_address>
         <size>0x1a</size>
         <input_file_ref idref="fl-52"/>
      </object_component>
      <object_component id="oc-95">
         <name>.text</name>
         <load_address>0x25180</load_address>
         <run_address>0x25180</run_address>
         <size>0x14</size>
         <input_file_ref idref="fl-39"/>
      </object_component>
      <object_component id="oc-108">
         <name>.text</name>
         <load_address>0x25194</load_address>
         <run_address>0x25194</run_address>
         <size>0x13</size>
         <input_file_ref idref="fl-54"/>
      </object_component>
      <object_component id="oc-b4">
         <name>.text</name>
         <load_address>0x251a7</load_address>
         <run_address>0x251a7</run_address>
         <size>0x12</size>
         <input_file_ref idref="fl-40"/>
      </object_component>
      <object_component id="oc-114">
         <name>.text</name>
         <load_address>0x251b9</load_address>
         <run_address>0x251b9</run_address>
         <size>0x10</size>
         <input_file_ref idref="fl-57"/>
      </object_component>
      <object_component id="oc-91">
         <name>.text</name>
         <load_address>0x251c9</load_address>
         <run_address>0x251c9</run_address>
         <size>0xa</size>
         <input_file_ref idref="fl-38"/>
      </object_component>
      <object_component id="oc-5f">
         <name>.text:CIO_breakpoint</name>
         <load_address>0x251d3</load_address>
         <run_address>0x251d3</run_address>
         <size>0x7</size>
         <input_file_ref idref="fl-2d"/>
      </object_component>
      <object_component id="oc-a8">
         <name>.text</name>
         <load_address>0x251da</load_address>
         <run_address>0x251da</run_address>
         <size>0x2</size>
         <input_file_ref idref="fl-3d"/>
      </object_component>
      <object_component id="oc-57">
         <name>.stack</name>
         <uninitialized>true</uninitialized>
         <run_address>0xc0</run_address>
         <size>0x0</size>
         <input_file_ref idref="fl-2c"/>
      </object_component>
      <object_component id="oc-143">
         <name>.stack</name>
         <uninitialized>true</uninitialized>
         <run_address>0xc0</run_address>
         <size>0x0</size>
      </object_component>
      <object_component id="oc-128">
         <name>.sysstack</name>
         <uninitialized>true</uninitialized>
         <run_address>0x20c0</run_address>
         <size>0x0</size>
         <input_file_ref idref="fl-2c"/>
      </object_component>
      <object_component id="oc-145">
         <name>.sysstack</name>
         <uninitialized>true</uninitialized>
         <run_address>0x20c0</run_address>
         <size>0x0</size>
      </object_component>
      <object_component id="oc-2f">
         <name>.bss</name>
         <uninitialized>true</uninitialized>
         <run_address>0x50c0</run_address>
         <size>0xc2c</size>
         <input_file_ref idref="fl-6"/>
      </object_component>
      <object_component id="oc-6b">
         <name>.bss</name>
         <uninitialized>true</uninitialized>
         <run_address>0x5cec</run_address>
         <size>0x2</size>
         <input_file_ref idref="fl-30"/>
      </object_component>
      <object_component id="oc-23">
         <name>.bss</name>
         <uninitialized>true</uninitialized>
         <run_address>0x5cf0</run_address>
         <size>0x800</size>
         <input_file_ref idref="fl-4"/>
      </object_component>
      <object_component id="oc-d2">
         <name>.bss</name>
         <uninitialized>true</uninitialized>
         <run_address>0x64f0</run_address>
         <size>0x232</size>
         <input_file_ref idref="fl-47"/>
      </object_component>
      <object_component id="oc-9a">
         <name>.bss</name>
         <uninitialized>true</uninitialized>
         <run_address>0x6722</run_address>
         <size>0x1a0</size>
         <input_file_ref idref="fl-3a"/>
      </object_component>
      <object_component id="oc-3d">
         <name>.bss</name>
         <uninitialized>true</uninitialized>
         <run_address>0x68c4</run_address>
         <size>0x104</size>
         <input_file_ref idref="fl-8"/>
      </object_component>
      <object_component id="oc-79">
         <name>.bss</name>
         <uninitialized>true</uninitialized>
         <run_address>0x69c8</run_address>
         <size>0xe2</size>
         <input_file_ref idref="fl-33"/>
      </object_component>
      <object_component id="oc-83">
         <name>.bss</name>
         <uninitialized>true</uninitialized>
         <run_address>0x6aac</run_address>
         <size>0xc</size>
         <input_file_ref idref="fl-35"/>
      </object_component>
      <object_component id="oc-14">
         <name>.bss</name>
         <uninitialized>true</uninitialized>
         <run_address>0x6ab8</run_address>
         <size>0xa</size>
         <input_file_ref idref="fl-2"/>
      </object_component>
      <object_component id="oc-1b">
         <name>.bss</name>
         <uninitialized>true</uninitialized>
         <run_address>0x6ac4</run_address>
         <size>0x8</size>
         <input_file_ref idref="fl-3"/>
      </object_component>
      <object_component id="oc-b5">
         <name>.bss</name>
         <uninitialized>true</uninitialized>
         <run_address>0x6acc</run_address>
         <size>0x8</size>
         <input_file_ref idref="fl-40"/>
      </object_component>
      <object_component id="oc-5c">
         <name>.bss</name>
         <uninitialized>true</uninitialized>
         <run_address>0x6ad4</run_address>
         <size>0x8</size>
         <input_file_ref idref="fl-2d"/>
      </object_component>
      <object_component id="oc-49">
         <name>.const:twiddle</name>
         <load_address>0x6b00</load_address>
         <run_address>0x6b00</run_address>
         <size>0x800</size>
         <input_file_ref idref="fl-15"/>
      </object_component>
      <object_component id="oc-129">
         <name>.const:__ctypes_</name>
         <load_address>0x7300</load_address>
         <run_address>0x7300</run_address>
         <size>0x202</size>
         <input_file_ref idref="fl-46"/>
      </object_component>
      <object_component id="oc-38">
         <name>.const</name>
         <load_address>0x7502</load_address>
         <run_address>0x7502</run_address>
         <size>0x2</size>
         <input_file_ref idref="fl-7"/>
      </object_component>
      <object_component id="oc-1e">
         <name>.const:.string</name>
         <load_address>0x7504</load_address>
         <run_address>0x7504</run_address>
         <size>0x12e</size>
         <input_file_ref idref="fl-3"/>
      </object_component>
      <object_component id="oc-32">
         <name>.const:.string</name>
         <load_address>0x7634</load_address>
         <run_address>0x7634</run_address>
         <size>0xd8</size>
         <input_file_ref idref="fl-6"/>
      </object_component>
      <object_component id="oc-bd">
         <name>.const:.string</name>
         <load_address>0x770c</load_address>
         <run_address>0x770c</run_address>
         <size>0x48</size>
         <input_file_ref idref="fl-41"/>
      </object_component>
      <object_component id="oc-bc">
         <name>.const</name>
         <load_address>0x7754</load_address>
         <run_address>0x7754</run_address>
         <size>0x18</size>
         <input_file_ref idref="fl-41"/>
      </object_component>
      <object_component id="oc-12a">
         <name>.const:_initial_approx$1</name>
         <load_address>0x776c</load_address>
         <run_address>0x776c</run_address>
         <size>0x10</size>
         <input_file_ref idref="fl-48"/>
      </object_component>
      <object_component id="oc-39">
         <name>.const:.string</name>
         <load_address>0x777c</load_address>
         <run_address>0x777c</run_address>
         <size>0xa</size>
         <input_file_ref idref="fl-7"/>
      </object_component>
      <object_component id="oc-f1">
         <name>.const:.string</name>
         <load_address>0x7788</load_address>
         <run_address>0x7788</run_address>
         <size>0x4</size>
         <input_file_ref idref="fl-4e"/>
      </object_component>
      <object_component id="oc-2a">
         <name>.const</name>
         <load_address>0x778c</load_address>
         <run_address>0x778c</run_address>
         <size>0x4</size>
         <input_file_ref idref="fl-5"/>
      </object_component>
      <object_component id="oc-e8">
         <name>.const</name>
         <load_address>0x7790</load_address>
         <run_address>0x7790</run_address>
         <size>0x4</size>
         <input_file_ref idref="fl-4c"/>
      </object_component>
      <object_component id="oc-86">
         <name>.sysmem</name>
         <uninitialized>true</uninitialized>
         <run_address>0x30c0</run_address>
         <size>0x0</size>
         <input_file_ref idref="fl-35"/>
      </object_component>
      <object_component id="oc-144">
         <name>.sysmem</name>
         <uninitialized>true</uninitialized>
         <run_address>0x30c0</run_address>
         <size>0x0</size>
      </object_component>
      <object_component id="oc-3f">
         <name>.cinit</name>
         <load_address>0x40240</load_address>
         <run_address>0x40240</run_address>
         <size>0x110</size>
         <input_file_ref idref="fl-8"/>
      </object_component>
      <object_component id="oc-7b">
         <name>.cinit</name>
         <load_address>0x40350</load_address>
         <run_address>0x40350</run_address>
         <size>0x5a</size>
         <input_file_ref idref="fl-33"/>
      </object_component>
      <object_component id="oc-d4">
         <name>.cinit</name>
         <load_address>0x403aa</load_address>
         <run_address>0x403aa</run_address>
         <size>0x54</size>
         <input_file_ref idref="fl-47"/>
      </object_component>
      <object_component id="oc-1d">
         <name>.cinit</name>
         <load_address>0x403fe</load_address>
         <run_address>0x403fe</run_address>
         <size>0x14</size>
         <input_file_ref idref="fl-3"/>
      </object_component>
      <object_component id="oc-b7">
         <name>.cinit</name>
         <load_address>0x40412</load_address>
         <run_address>0x40412</run_address>
         <size>0x14</size>
         <input_file_ref idref="fl-40"/>
      </object_component>
      <object_component id="oc-5e">
         <name>.cinit</name>
         <load_address>0x40426</load_address>
         <run_address>0x40426</run_address>
         <size>0x14</size>
         <input_file_ref idref="fl-2d"/>
      </object_component>
      <object_component id="oc-31">
         <name>.cinit</name>
         <load_address>0x4043a</load_address>
         <run_address>0x4043a</run_address>
         <size>0x12</size>
         <input_file_ref idref="fl-6"/>
      </object_component>
      <object_component id="oc-16">
         <name>.cinit</name>
         <load_address>0x4044c</load_address>
         <run_address>0x4044c</run_address>
         <size>0x8</size>
         <input_file_ref idref="fl-2"/>
      </object_component>
      <object_component id="oc-6d">
         <name>.cinit</name>
         <load_address>0x40454</load_address>
         <run_address>0x40454</run_address>
         <size>0x8</size>
         <input_file_ref idref="fl-30"/>
      </object_component>
      <object_component id="oc-85">
         <name>.cinit</name>
         <load_address>0x4045c</load_address>
         <run_address>0x4045c</run_address>
         <size>0x8</size>
         <input_file_ref idref="fl-35"/>
      </object_component>
      <object_component id="oc-a0">
         <name>.cio</name>
         <uninitialized>true</uninitialized>
         <run_address>0x40000</run_address>
         <size>0x240</size>
         <input_file_ref idref="fl-3b"/>
      </object_component>
      <object_component id="oc-12">
         <name>vectors</name>
         <load_address>0x4fe00</load_address>
         <run_address>0x4fe00</run_address>
         <size>0x100</size>
         <input_file_ref idref="fl-3d"/>
      </object_component>
      <object_component id="oc-15">
         <name>.debug_info</name>
         <load_address>0x0</load_address>
         <run_address>0x0</run_address>
         <size>0x94b</size>
         <input_file_ref idref="fl-2"/>
      </object_component>
      <object_component id="oc-1c">
         <name>.debug_info</name>
         <load_address>0x94b</load_address>
         <run_address>0x94b</run_address>
         <size>0x933</size>
         <input_file_ref idref="fl-3"/>
      </object_component>
      <object_component id="oc-24">
         <name>.debug_info</name>
         <load_address>0x127e</load_address>
         <run_address>0x127e</run_address>
         <size>0x9e5</size>
         <input_file_ref idref="fl-4"/>
      </object_component>
      <object_component id="oc-29">
         <name>.debug_info</name>
         <load_address>0x1c63</load_address>
         <run_address>0x1c63</run_address>
         <size>0xd45</size>
         <input_file_ref idref="fl-5"/>
      </object_component>
      <object_component id="oc-30">
         <name>.debug_info</name>
         <load_address>0x29a8</load_address>
         <run_address>0x29a8</run_address>
         <size>0xf31</size>
         <input_file_ref idref="fl-6"/>
      </object_component>
      <object_component id="oc-37">
         <name>.debug_info</name>
         <load_address>0x38d9</load_address>
         <run_address>0x38d9</run_address>
         <size>0x6ad</size>
         <input_file_ref idref="fl-7"/>
      </object_component>
      <object_component id="oc-3e">
         <name>.debug_info</name>
         <load_address>0x3f86</load_address>
         <run_address>0x3f86</run_address>
         <size>0x4ce</size>
         <input_file_ref idref="fl-8"/>
      </object_component>
      <object_component id="oc-42">
         <name>.debug_info</name>
         <load_address>0x4454</load_address>
         <run_address>0x4454</run_address>
         <size>0xcf</size>
         <input_file_ref idref="fl-13"/>
      </object_component>
      <object_component id="oc-46">
         <name>.debug_info</name>
         <load_address>0x4523</load_address>
         <run_address>0x4523</run_address>
         <size>0xda</size>
         <input_file_ref idref="fl-14"/>
      </object_component>
      <object_component id="oc-4b">
         <name>.debug_info</name>
         <load_address>0x45fd</load_address>
         <run_address>0x45fd</run_address>
         <size>0xd1</size>
         <input_file_ref idref="fl-16"/>
      </object_component>
      <object_component id="oc-4f">
         <name>.debug_info</name>
         <load_address>0x46ce</load_address>
         <run_address>0x46ce</run_address>
         <size>0x5896</size>
         <input_file_ref idref="fl-17"/>
      </object_component>
      <object_component id="oc-54">
         <name>.debug_info</name>
         <load_address>0x9f64</load_address>
         <run_address>0x9f64</run_address>
         <size>0x5ab</size>
         <input_file_ref idref="fl-2b"/>
      </object_component>
      <object_component id="oc-58">
         <name>.debug_info</name>
         <load_address>0xa50f</load_address>
         <run_address>0xa50f</run_address>
         <size>0xe8</size>
         <input_file_ref idref="fl-2c"/>
      </object_component>
      <object_component id="oc-5d">
         <name>.debug_info</name>
         <load_address>0xa5f7</load_address>
         <run_address>0xa5f7</run_address>
         <size>0x5fb</size>
         <input_file_ref idref="fl-2d"/>
      </object_component>
      <object_component id="oc-63">
         <name>.debug_info</name>
         <load_address>0xabf2</load_address>
         <run_address>0xabf2</run_address>
         <size>0x64f</size>
         <input_file_ref idref="fl-2e"/>
      </object_component>
      <object_component id="oc-67">
         <name>.debug_info</name>
         <load_address>0xb241</load_address>
         <run_address>0xb241</run_address>
         <size>0x706</size>
         <input_file_ref idref="fl-2f"/>
      </object_component>
      <object_component id="oc-6c">
         <name>.debug_info</name>
         <load_address>0xb947</load_address>
         <run_address>0xb947</run_address>
         <size>0xa1c</size>
         <input_file_ref idref="fl-30"/>
      </object_component>
      <object_component id="oc-71">
         <name>.debug_info</name>
         <load_address>0xc363</load_address>
         <run_address>0xc363</run_address>
         <size>0x762</size>
         <input_file_ref idref="fl-31"/>
      </object_component>
      <object_component id="oc-75">
         <name>.debug_info</name>
         <load_address>0xcac5</load_address>
         <run_address>0xcac5</run_address>
         <size>0x8f7</size>
         <input_file_ref idref="fl-32"/>
      </object_component>
      <object_component id="oc-7a">
         <name>.debug_info</name>
         <load_address>0xd3bc</load_address>
         <run_address>0xd3bc</run_address>
         <size>0x144b</size>
         <input_file_ref idref="fl-33"/>
      </object_component>
      <object_component id="oc-7f">
         <name>.debug_info</name>
         <load_address>0xe807</load_address>
         <run_address>0xe807</run_address>
         <size>0xd1</size>
         <input_file_ref idref="fl-34"/>
      </object_component>
      <object_component id="oc-84">
         <name>.debug_info</name>
         <load_address>0xe8d8</load_address>
         <run_address>0xe8d8</run_address>
         <size>0xb97</size>
         <input_file_ref idref="fl-35"/>
      </object_component>
      <object_component id="oc-8a">
         <name>.debug_info</name>
         <load_address>0xf46f</load_address>
         <run_address>0xf46f</run_address>
         <size>0x55b</size>
         <input_file_ref idref="fl-36"/>
      </object_component>
      <object_component id="oc-8e">
         <name>.debug_info</name>
         <load_address>0xf9ca</load_address>
         <run_address>0xf9ca</run_address>
         <size>0x76c</size>
         <input_file_ref idref="fl-37"/>
      </object_component>
      <object_component id="oc-92">
         <name>.debug_info</name>
         <load_address>0x10136</load_address>
         <run_address>0x10136</run_address>
         <size>0x510</size>
         <input_file_ref idref="fl-38"/>
      </object_component>
      <object_component id="oc-96">
         <name>.debug_info</name>
         <load_address>0x10646</load_address>
         <run_address>0x10646</run_address>
         <size>0x4de</size>
         <input_file_ref idref="fl-39"/>
      </object_component>
      <object_component id="oc-9b">
         <name>.debug_info</name>
         <load_address>0x10b24</load_address>
         <run_address>0x10b24</run_address>
         <size>0xed4</size>
         <input_file_ref idref="fl-3a"/>
      </object_component>
      <object_component id="oc-9f">
         <name>.debug_info</name>
         <load_address>0x119f8</load_address>
         <run_address>0x119f8</run_address>
         <size>0x744</size>
         <input_file_ref idref="fl-3b"/>
      </object_component>
      <object_component id="oc-a5">
         <name>.debug_info</name>
         <load_address>0x1213c</load_address>
         <run_address>0x1213c</run_address>
         <size>0xef</size>
         <input_file_ref idref="fl-3c"/>
      </object_component>
      <object_component id="oc-a9">
         <name>.debug_info</name>
         <load_address>0x1222b</load_address>
         <run_address>0x1222b</run_address>
         <size>0xbc</size>
         <input_file_ref idref="fl-3d"/>
      </object_component>
      <object_component id="oc-ad">
         <name>.debug_info</name>
         <load_address>0x122e7</load_address>
         <run_address>0x122e7</run_address>
         <size>0x6b8</size>
         <input_file_ref idref="fl-3e"/>
      </object_component>
      <object_component id="oc-b1">
         <name>.debug_info</name>
         <load_address>0x1299f</load_address>
         <run_address>0x1299f</run_address>
         <size>0x662</size>
         <input_file_ref idref="fl-3f"/>
      </object_component>
      <object_component id="oc-b6">
         <name>.debug_info</name>
         <load_address>0x13001</load_address>
         <run_address>0x13001</run_address>
         <size>0x5bc</size>
         <input_file_ref idref="fl-40"/>
      </object_component>
      <object_component id="oc-bb">
         <name>.debug_info</name>
         <load_address>0x135bd</load_address>
         <run_address>0x135bd</run_address>
         <size>0x27bd</size>
         <input_file_ref idref="fl-41"/>
      </object_component>
      <object_component id="oc-c1">
         <name>.debug_info</name>
         <load_address>0x15d7a</load_address>
         <run_address>0x15d7a</run_address>
         <size>0x586</size>
         <input_file_ref idref="fl-42"/>
      </object_component>
      <object_component id="oc-c5">
         <name>.debug_info</name>
         <load_address>0x16300</load_address>
         <run_address>0x16300</run_address>
         <size>0x5a4</size>
         <input_file_ref idref="fl-43"/>
      </object_component>
      <object_component id="oc-c9">
         <name>.debug_info</name>
         <load_address>0x168a4</load_address>
         <run_address>0x168a4</run_address>
         <size>0xcd</size>
         <input_file_ref idref="fl-44"/>
      </object_component>
      <object_component id="oc-cd">
         <name>.debug_info</name>
         <load_address>0x16971</load_address>
         <run_address>0x16971</run_address>
         <size>0x81f</size>
         <input_file_ref idref="fl-45"/>
      </object_component>
      <object_component id="oc-d0">
         <name>.debug_info</name>
         <load_address>0x17190</load_address>
         <run_address>0x17190</run_address>
         <size>0x498</size>
         <input_file_ref idref="fl-46"/>
      </object_component>
      <object_component id="oc-d3">
         <name>.debug_info</name>
         <load_address>0x17628</load_address>
         <run_address>0x17628</run_address>
         <size>0x57e</size>
         <input_file_ref idref="fl-47"/>
      </object_component>
      <object_component id="oc-d7">
         <name>.debug_info</name>
         <load_address>0x17ba6</load_address>
         <run_address>0x17ba6</run_address>
         <size>0x7e8</size>
         <input_file_ref idref="fl-48"/>
      </object_component>
      <object_component id="oc-db">
         <name>.debug_info</name>
         <load_address>0x1838e</load_address>
         <run_address>0x1838e</run_address>
         <size>0x534</size>
         <input_file_ref idref="fl-49"/>
      </object_component>
      <object_component id="oc-df">
         <name>.debug_info</name>
         <load_address>0x188c2</load_address>
         <run_address>0x188c2</run_address>
         <size>0x4cf</size>
         <input_file_ref idref="fl-4a"/>
      </object_component>
      <object_component id="oc-e3">
         <name>.debug_info</name>
         <load_address>0x18d91</load_address>
         <run_address>0x18d91</run_address>
         <size>0x534</size>
         <input_file_ref idref="fl-4b"/>
      </object_component>
      <object_component id="oc-e7">
         <name>.debug_info</name>
         <load_address>0x192c5</load_address>
         <run_address>0x192c5</run_address>
         <size>0x549</size>
         <input_file_ref idref="fl-4c"/>
      </object_component>
      <object_component id="oc-ec">
         <name>.debug_info</name>
         <load_address>0x1980e</load_address>
         <run_address>0x1980e</run_address>
         <size>0x6aa</size>
         <input_file_ref idref="fl-4d"/>
      </object_component>
      <object_component id="oc-f0">
         <name>.debug_info</name>
         <load_address>0x19eb8</load_address>
         <run_address>0x19eb8</run_address>
         <size>0x942</size>
         <input_file_ref idref="fl-4e"/>
      </object_component>
      <object_component id="oc-f5">
         <name>.debug_info</name>
         <load_address>0x1a7fa</load_address>
         <run_address>0x1a7fa</run_address>
         <size>0x4d2</size>
         <input_file_ref idref="fl-4f"/>
      </object_component>
      <object_component id="oc-f9">
         <name>.debug_info</name>
         <load_address>0x1accc</load_address>
         <run_address>0x1accc</run_address>
         <size>0x53e</size>
         <input_file_ref idref="fl-50"/>
      </object_component>
      <object_component id="oc-fd">
         <name>.debug_info</name>
         <load_address>0x1b20a</load_address>
         <run_address>0x1b20a</run_address>
         <size>0x5f7</size>
         <input_file_ref idref="fl-51"/>
      </object_component>
      <object_component id="oc-101">
         <name>.debug_info</name>
         <load_address>0x1b801</load_address>
         <run_address>0x1b801</run_address>
         <size>0x680</size>
         <input_file_ref idref="fl-52"/>
      </object_component>
      <object_component id="oc-105">
         <name>.debug_info</name>
         <load_address>0x1be81</load_address>
         <run_address>0x1be81</run_address>
         <size>0x7d4</size>
         <input_file_ref idref="fl-53"/>
      </object_component>
      <object_component id="oc-109">
         <name>.debug_info</name>
         <load_address>0x1c655</load_address>
         <run_address>0x1c655</run_address>
         <size>0xbd</size>
         <input_file_ref idref="fl-54"/>
      </object_component>
      <object_component id="oc-10d">
         <name>.debug_info</name>
         <load_address>0x1c712</load_address>
         <run_address>0x1c712</run_address>
         <size>0x5ad</size>
         <input_file_ref idref="fl-55"/>
      </object_component>
      <object_component id="oc-111">
         <name>.debug_info</name>
         <load_address>0x1ccbf</load_address>
         <run_address>0x1ccbf</run_address>
         <size>0x574</size>
         <input_file_ref idref="fl-56"/>
      </object_component>
      <object_component id="oc-115">
         <name>.debug_info</name>
         <load_address>0x1d233</load_address>
         <run_address>0x1d233</run_address>
         <size>0x4b7</size>
         <input_file_ref idref="fl-57"/>
      </object_component>
      <object_component id="oc-119">
         <name>.debug_info</name>
         <load_address>0x1d6ea</load_address>
         <run_address>0x1d6ea</run_address>
         <size>0x4f2</size>
         <input_file_ref idref="fl-58"/>
      </object_component>
      <object_component id="oc-11d">
         <name>.debug_info</name>
         <load_address>0x1dbdc</load_address>
         <run_address>0x1dbdc</run_address>
         <size>0x534</size>
         <input_file_ref idref="fl-59"/>
      </object_component>
      <object_component id="oc-121">
         <name>.debug_info</name>
         <load_address>0x1e110</load_address>
         <run_address>0x1e110</run_address>
         <size>0x64a</size>
         <input_file_ref idref="fl-5a"/>
      </object_component>
      <object_component id="oc-125">
         <name>.debug_info</name>
         <load_address>0x1e75a</load_address>
         <run_address>0x1e75a</run_address>
         <size>0x4f2</size>
         <input_file_ref idref="fl-5b"/>
      </object_component>
      <object_component id="oc-150">
         <name>.debug_info</name>
         <load_address>0x1ec4c</load_address>
         <run_address>0x1ec4c</run_address>
         <size>0x6e</size>
      </object_component>
      <object_component id="oc-17">
         <name>.debug_frame</name>
         <load_address>0x0</load_address>
         <run_address>0x0</run_address>
         <size>0x132</size>
         <input_file_ref idref="fl-2"/>
      </object_component>
      <object_component id="oc-1f">
         <name>.debug_frame</name>
         <load_address>0x132</load_address>
         <run_address>0x132</run_address>
         <size>0x139</size>
         <input_file_ref idref="fl-3"/>
      </object_component>
      <object_component id="oc-25">
         <name>.debug_frame</name>
         <load_address>0x26b</load_address>
         <run_address>0x26b</run_address>
         <size>0x118</size>
         <input_file_ref idref="fl-4"/>
      </object_component>
      <object_component id="oc-2b">
         <name>.debug_frame</name>
         <load_address>0x383</load_address>
         <run_address>0x383</run_address>
         <size>0x175</size>
         <input_file_ref idref="fl-5"/>
      </object_component>
      <object_component id="oc-33">
         <name>.debug_frame</name>
         <load_address>0x4f8</load_address>
         <run_address>0x4f8</run_address>
         <size>0xed</size>
         <input_file_ref idref="fl-6"/>
      </object_component>
      <object_component id="oc-3a">
         <name>.debug_frame</name>
         <load_address>0x5e5</load_address>
         <run_address>0x5e5</run_address>
         <size>0x132</size>
         <input_file_ref idref="fl-7"/>
      </object_component>
      <object_component id="oc-50">
         <name>.debug_frame</name>
         <load_address>0x717</load_address>
         <run_address>0x717</run_address>
         <size>0x116</size>
         <input_file_ref idref="fl-17"/>
      </object_component>
      <object_component id="oc-18">
         <name>.debug_line</name>
         <load_address>0x0</load_address>
         <run_address>0x0</run_address>
         <size>0xad</size>
         <input_file_ref idref="fl-2"/>
      </object_component>
      <object_component id="oc-20">
         <name>.debug_line</name>
         <load_address>0xad</load_address>
         <run_address>0xad</run_address>
         <size>0xb8</size>
         <input_file_ref idref="fl-3"/>
      </object_component>
      <object_component id="oc-26">
         <name>.debug_line</name>
         <load_address>0x165</load_address>
         <run_address>0x165</run_address>
         <size>0xbe</size>
         <input_file_ref idref="fl-4"/>
      </object_component>
      <object_component id="oc-2c">
         <name>.debug_line</name>
         <load_address>0x223</load_address>
         <run_address>0x223</run_address>
         <size>0x162</size>
         <input_file_ref idref="fl-5"/>
      </object_component>
      <object_component id="oc-34">
         <name>.debug_line</name>
         <load_address>0x385</load_address>
         <run_address>0x385</run_address>
         <size>0x11c</size>
         <input_file_ref idref="fl-6"/>
      </object_component>
      <object_component id="oc-3b">
         <name>.debug_line</name>
         <load_address>0x4a1</load_address>
         <run_address>0x4a1</run_address>
         <size>0x86</size>
         <input_file_ref idref="fl-7"/>
      </object_component>
      <object_component id="oc-43">
         <name>.debug_line</name>
         <load_address>0x527</load_address>
         <run_address>0x527</run_address>
         <size>0x83</size>
         <input_file_ref idref="fl-13"/>
      </object_component>
      <object_component id="oc-47">
         <name>.debug_line</name>
         <load_address>0x5aa</load_address>
         <run_address>0x5aa</run_address>
         <size>0xfe</size>
         <input_file_ref idref="fl-14"/>
      </object_component>
      <object_component id="oc-4c">
         <name>.debug_line</name>
         <load_address>0x6a8</load_address>
         <run_address>0x6a8</run_address>
         <size>0x65</size>
         <input_file_ref idref="fl-16"/>
      </object_component>
      <object_component id="oc-51">
         <name>.debug_line</name>
         <load_address>0x70d</load_address>
         <run_address>0x70d</run_address>
         <size>0x59c</size>
         <input_file_ref idref="fl-17"/>
      </object_component>
      <object_component id="oc-55">
         <name>.debug_line</name>
         <load_address>0xca9</load_address>
         <run_address>0xca9</run_address>
         <size>0x5c</size>
         <input_file_ref idref="fl-2b"/>
      </object_component>
      <object_component id="oc-59">
         <name>.debug_line</name>
         <load_address>0xd05</load_address>
         <run_address>0xd05</run_address>
         <size>0x54</size>
         <input_file_ref idref="fl-2c"/>
      </object_component>
      <object_component id="oc-60">
         <name>.debug_line</name>
         <load_address>0xd59</load_address>
         <run_address>0xd59</run_address>
         <size>0x51</size>
         <input_file_ref idref="fl-2d"/>
      </object_component>
      <object_component id="oc-64">
         <name>.debug_line</name>
         <load_address>0xdaa</load_address>
         <run_address>0xdaa</run_address>
         <size>0x3d</size>
         <input_file_ref idref="fl-2e"/>
      </object_component>
      <object_component id="oc-68">
         <name>.debug_line</name>
         <load_address>0xde7</load_address>
         <run_address>0xde7</run_address>
         <size>0x5b</size>
         <input_file_ref idref="fl-2f"/>
      </object_component>
      <object_component id="oc-6e">
         <name>.debug_line</name>
         <load_address>0xe42</load_address>
         <run_address>0xe42</run_address>
         <size>0xd7</size>
         <input_file_ref idref="fl-30"/>
      </object_component>
      <object_component id="oc-72">
         <name>.debug_line</name>
         <load_address>0xf19</load_address>
         <run_address>0xf19</run_address>
         <size>0x4d</size>
         <input_file_ref idref="fl-31"/>
      </object_component>
      <object_component id="oc-76">
         <name>.debug_line</name>
         <load_address>0xf66</load_address>
         <run_address>0xf66</run_address>
         <size>0x97</size>
         <input_file_ref idref="fl-32"/>
      </object_component>
      <object_component id="oc-7c">
         <name>.debug_line</name>
         <load_address>0xffd</load_address>
         <run_address>0xffd</run_address>
         <size>0x1b0</size>
         <input_file_ref idref="fl-33"/>
      </object_component>
      <object_component id="oc-80">
         <name>.debug_line</name>
         <load_address>0x11ad</load_address>
         <run_address>0x11ad</run_address>
         <size>0x4d</size>
         <input_file_ref idref="fl-34"/>
      </object_component>
      <object_component id="oc-87">
         <name>.debug_line</name>
         <load_address>0x11fa</load_address>
         <run_address>0x11fa</run_address>
         <size>0x112</size>
         <input_file_ref idref="fl-35"/>
      </object_component>
      <object_component id="oc-8b">
         <name>.debug_line</name>
         <load_address>0x130c</load_address>
         <run_address>0x130c</run_address>
         <size>0x3c</size>
         <input_file_ref idref="fl-36"/>
      </object_component>
      <object_component id="oc-8f">
         <name>.debug_line</name>
         <load_address>0x1348</load_address>
         <run_address>0x1348</run_address>
         <size>0x69</size>
         <input_file_ref idref="fl-37"/>
      </object_component>
      <object_component id="oc-93">
         <name>.debug_line</name>
         <load_address>0x13b1</load_address>
         <run_address>0x13b1</run_address>
         <size>0x39</size>
         <input_file_ref idref="fl-38"/>
      </object_component>
      <object_component id="oc-97">
         <name>.debug_line</name>
         <load_address>0x13ea</load_address>
         <run_address>0x13ea</run_address>
         <size>0x37</size>
         <input_file_ref idref="fl-39"/>
      </object_component>
      <object_component id="oc-9c">
         <name>.debug_line</name>
         <load_address>0x1421</load_address>
         <run_address>0x1421</run_address>
         <size>0x15d</size>
         <input_file_ref idref="fl-3a"/>
      </object_component>
      <object_component id="oc-a2">
         <name>.debug_line</name>
         <load_address>0x157e</load_address>
         <run_address>0x157e</run_address>
         <size>0x6a</size>
         <input_file_ref idref="fl-3b"/>
      </object_component>
      <object_component id="oc-a6">
         <name>.debug_line</name>
         <load_address>0x15e8</load_address>
         <run_address>0x15e8</run_address>
         <size>0x58</size>
         <input_file_ref idref="fl-3c"/>
      </object_component>
      <object_component id="oc-aa">
         <name>.debug_line</name>
         <load_address>0x1640</load_address>
         <run_address>0x1640</run_address>
         <size>0x37</size>
         <input_file_ref idref="fl-3d"/>
      </object_component>
      <object_component id="oc-ae">
         <name>.debug_line</name>
         <load_address>0x1677</load_address>
         <run_address>0x1677</run_address>
         <size>0x4c</size>
         <input_file_ref idref="fl-3e"/>
      </object_component>
      <object_component id="oc-b2">
         <name>.debug_line</name>
         <load_address>0x16c3</load_address>
         <run_address>0x16c3</run_address>
         <size>0x57</size>
         <input_file_ref idref="fl-3f"/>
      </object_component>
      <object_component id="oc-b8">
         <name>.debug_line</name>
         <load_address>0x171a</load_address>
         <run_address>0x171a</run_address>
         <size>0x57</size>
         <input_file_ref idref="fl-40"/>
      </object_component>
      <object_component id="oc-be">
         <name>.debug_line</name>
         <load_address>0x1771</load_address>
         <run_address>0x1771</run_address>
         <size>0x328</size>
         <input_file_ref idref="fl-41"/>
      </object_component>
      <object_component id="oc-c2">
         <name>.debug_line</name>
         <load_address>0x1a99</load_address>
         <run_address>0x1a99</run_address>
         <size>0x41</size>
         <input_file_ref idref="fl-42"/>
      </object_component>
      <object_component id="oc-c6">
         <name>.debug_line</name>
         <load_address>0x1ada</load_address>
         <run_address>0x1ada</run_address>
         <size>0x46</size>
         <input_file_ref idref="fl-43"/>
      </object_component>
      <object_component id="oc-ca">
         <name>.debug_line</name>
         <load_address>0x1b20</load_address>
         <run_address>0x1b20</run_address>
         <size>0x55</size>
         <input_file_ref idref="fl-44"/>
      </object_component>
      <object_component id="oc-ce">
         <name>.debug_line</name>
         <load_address>0x1b75</load_address>
         <run_address>0x1b75</run_address>
         <size>0xad</size>
         <input_file_ref idref="fl-45"/>
      </object_component>
      <object_component id="oc-d8">
         <name>.debug_line</name>
         <load_address>0x1c22</load_address>
         <run_address>0x1c22</run_address>
         <size>0x5b</size>
         <input_file_ref idref="fl-48"/>
      </object_component>
      <object_component id="oc-dc">
         <name>.debug_line</name>
         <load_address>0x1c7d</load_address>
         <run_address>0x1c7d</run_address>
         <size>0x44</size>
         <input_file_ref idref="fl-49"/>
      </object_component>
      <object_component id="oc-e0">
         <name>.debug_line</name>
         <load_address>0x1cc1</load_address>
         <run_address>0x1cc1</run_address>
         <size>0x3d</size>
         <input_file_ref idref="fl-4a"/>
      </object_component>
      <object_component id="oc-e4">
         <name>.debug_line</name>
         <load_address>0x1cfe</load_address>
         <run_address>0x1cfe</run_address>
         <size>0x3d</size>
         <input_file_ref idref="fl-4b"/>
      </object_component>
      <object_component id="oc-e9">
         <name>.debug_line</name>
         <load_address>0x1d3b</load_address>
         <run_address>0x1d3b</run_address>
         <size>0x44</size>
         <input_file_ref idref="fl-4c"/>
      </object_component>
      <object_component id="oc-ed">
         <name>.debug_line</name>
         <load_address>0x1d7f</load_address>
         <run_address>0x1d7f</run_address>
         <size>0x56</size>
         <input_file_ref idref="fl-4d"/>
      </object_component>
      <object_component id="oc-f2">
         <name>.debug_line</name>
         <load_address>0x1dd5</load_address>
         <run_address>0x1dd5</run_address>
         <size>0xa8</size>
         <input_file_ref idref="fl-4e"/>
      </object_component>
      <object_component id="oc-f6">
         <name>.debug_line</name>
         <load_address>0x1e7d</load_address>
         <run_address>0x1e7d</run_address>
         <size>0x3a</size>
         <input_file_ref idref="fl-4f"/>
      </object_component>
      <object_component id="oc-fa">
         <name>.debug_line</name>
         <load_address>0x1eb7</load_address>
         <run_address>0x1eb7</run_address>
         <size>0x40</size>
         <input_file_ref idref="fl-50"/>
      </object_component>
      <object_component id="oc-fe">
         <name>.debug_line</name>
         <load_address>0x1ef7</load_address>
         <run_address>0x1ef7</run_address>
         <size>0x3c</size>
         <input_file_ref idref="fl-51"/>
      </object_component>
      <object_component id="oc-102">
         <name>.debug_line</name>
         <load_address>0x1f33</load_address>
         <run_address>0x1f33</run_address>
         <size>0x38</size>
         <input_file_ref idref="fl-52"/>
      </object_component>
      <object_component id="oc-106">
         <name>.debug_line</name>
         <load_address>0x1f6b</load_address>
         <run_address>0x1f6b</run_address>
         <size>0xa8</size>
         <input_file_ref idref="fl-53"/>
      </object_component>
      <object_component id="oc-10a">
         <name>.debug_line</name>
         <load_address>0x2013</load_address>
         <run_address>0x2013</run_address>
         <size>0x3c</size>
         <input_file_ref idref="fl-54"/>
      </object_component>
      <object_component id="oc-10e">
         <name>.debug_line</name>
         <load_address>0x204f</load_address>
         <run_address>0x204f</run_address>
         <size>0x40</size>
         <input_file_ref idref="fl-55"/>
      </object_component>
      <object_component id="oc-112">
         <name>.debug_line</name>
         <load_address>0x208f</load_address>
         <run_address>0x208f</run_address>
         <size>0x3c</size>
         <input_file_ref idref="fl-56"/>
      </object_component>
      <object_component id="oc-116">
         <name>.debug_line</name>
         <load_address>0x20cb</load_address>
         <run_address>0x20cb</run_address>
         <size>0x37</size>
         <input_file_ref idref="fl-57"/>
      </object_component>
      <object_component id="oc-11a">
         <name>.debug_line</name>
         <load_address>0x2102</load_address>
         <run_address>0x2102</run_address>
         <size>0x3c</size>
         <input_file_ref idref="fl-58"/>
      </object_component>
      <object_component id="oc-11e">
         <name>.debug_line</name>
         <load_address>0x213e</load_address>
         <run_address>0x213e</run_address>
         <size>0x44</size>
         <input_file_ref idref="fl-59"/>
      </object_component>
      <object_component id="oc-122">
         <name>.debug_line</name>
         <load_address>0x2182</load_address>
         <run_address>0x2182</run_address>
         <size>0x3f</size>
         <input_file_ref idref="fl-5a"/>
      </object_component>
      <object_component id="oc-126">
         <name>.debug_line</name>
         <load_address>0x21c1</load_address>
         <run_address>0x21c1</run_address>
         <size>0x3c</size>
         <input_file_ref idref="fl-5b"/>
      </object_component>
      <object_component id="oc-19">
         <name>.debug_abbrev</name>
         <load_address>0x0</load_address>
         <run_address>0x0</run_address>
         <size>0x10c</size>
         <input_file_ref idref="fl-2"/>
      </object_component>
      <object_component id="oc-21">
         <name>.debug_abbrev</name>
         <load_address>0x10c</load_address>
         <run_address>0x10c</run_address>
         <size>0x121</size>
         <input_file_ref idref="fl-3"/>
      </object_component>
      <object_component id="oc-27">
         <name>.debug_abbrev</name>
         <load_address>0x22d</load_address>
         <run_address>0x22d</run_address>
         <size>0x139</size>
         <input_file_ref idref="fl-4"/>
      </object_component>
      <object_component id="oc-2d">
         <name>.debug_abbrev</name>
         <load_address>0x366</load_address>
         <run_address>0x366</run_address>
         <size>0xef</size>
         <input_file_ref idref="fl-5"/>
      </object_component>
      <object_component id="oc-35">
         <name>.debug_abbrev</name>
         <load_address>0x455</load_address>
         <run_address>0x455</run_address>
         <size>0x13f</size>
         <input_file_ref idref="fl-6"/>
      </object_component>
      <object_component id="oc-3c">
         <name>.debug_abbrev</name>
         <load_address>0x594</load_address>
         <run_address>0x594</run_address>
         <size>0xf5</size>
         <input_file_ref idref="fl-7"/>
      </object_component>
      <object_component id="oc-40">
         <name>.debug_abbrev</name>
         <load_address>0x689</load_address>
         <run_address>0x689</run_address>
         <size>0x6c</size>
         <input_file_ref idref="fl-8"/>
      </object_component>
      <object_component id="oc-44">
         <name>.debug_abbrev</name>
         <load_address>0x6f5</load_address>
         <run_address>0x6f5</run_address>
         <size>0x2c</size>
         <input_file_ref idref="fl-13"/>
      </object_component>
      <object_component id="oc-48">
         <name>.debug_abbrev</name>
         <load_address>0x721</load_address>
         <run_address>0x721</run_address>
         <size>0x2c</size>
         <input_file_ref idref="fl-14"/>
      </object_component>
      <object_component id="oc-4d">
         <name>.debug_abbrev</name>
         <load_address>0x74d</load_address>
         <run_address>0x74d</run_address>
         <size>0x2c</size>
         <input_file_ref idref="fl-16"/>
      </object_component>
      <object_component id="oc-52">
         <name>.debug_abbrev</name>
         <load_address>0x779</load_address>
         <run_address>0x779</run_address>
         <size>0x198</size>
         <input_file_ref idref="fl-17"/>
      </object_component>
      <object_component id="oc-56">
         <name>.debug_abbrev</name>
         <load_address>0x911</load_address>
         <run_address>0x911</run_address>
         <size>0xd4</size>
         <input_file_ref idref="fl-2b"/>
      </object_component>
      <object_component id="oc-5a">
         <name>.debug_abbrev</name>
         <load_address>0x9e5</load_address>
         <run_address>0x9e5</run_address>
         <size>0x3a</size>
         <input_file_ref idref="fl-2c"/>
      </object_component>
      <object_component id="oc-61">
         <name>.debug_abbrev</name>
         <load_address>0xa1f</load_address>
         <run_address>0xa1f</run_address>
         <size>0xf7</size>
         <input_file_ref idref="fl-2d"/>
      </object_component>
      <object_component id="oc-65">
         <name>.debug_abbrev</name>
         <load_address>0xb16</load_address>
         <run_address>0xb16</run_address>
         <size>0x118</size>
         <input_file_ref idref="fl-2e"/>
      </object_component>
      <object_component id="oc-69">
         <name>.debug_abbrev</name>
         <load_address>0xc2e</load_address>
         <run_address>0xc2e</run_address>
         <size>0x136</size>
         <input_file_ref idref="fl-2f"/>
      </object_component>
      <object_component id="oc-6f">
         <name>.debug_abbrev</name>
         <load_address>0xd64</load_address>
         <run_address>0xd64</run_address>
         <size>0x1a2</size>
         <input_file_ref idref="fl-30"/>
      </object_component>
      <object_component id="oc-73">
         <name>.debug_abbrev</name>
         <load_address>0xf06</load_address>
         <run_address>0xf06</run_address>
         <size>0x111</size>
         <input_file_ref idref="fl-31"/>
      </object_component>
      <object_component id="oc-77">
         <name>.debug_abbrev</name>
         <load_address>0x1017</load_address>
         <run_address>0x1017</run_address>
         <size>0x11e</size>
         <input_file_ref idref="fl-32"/>
      </object_component>
      <object_component id="oc-7d">
         <name>.debug_abbrev</name>
         <load_address>0x1135</load_address>
         <run_address>0x1135</run_address>
         <size>0x225</size>
         <input_file_ref idref="fl-33"/>
      </object_component>
      <object_component id="oc-81">
         <name>.debug_abbrev</name>
         <load_address>0x135a</load_address>
         <run_address>0x135a</run_address>
         <size>0x38</size>
         <input_file_ref idref="fl-34"/>
      </object_component>
      <object_component id="oc-88">
         <name>.debug_abbrev</name>
         <load_address>0x1392</load_address>
         <run_address>0x1392</run_address>
         <size>0x1de</size>
         <input_file_ref idref="fl-35"/>
      </object_component>
      <object_component id="oc-8c">
         <name>.debug_abbrev</name>
         <load_address>0x1570</load_address>
         <run_address>0x1570</run_address>
         <size>0xdc</size>
         <input_file_ref idref="fl-36"/>
      </object_component>
      <object_component id="oc-90">
         <name>.debug_abbrev</name>
         <load_address>0x164c</load_address>
         <run_address>0x164c</run_address>
         <size>0x145</size>
         <input_file_ref idref="fl-37"/>
      </object_component>
      <object_component id="oc-94">
         <name>.debug_abbrev</name>
         <load_address>0x1791</load_address>
         <run_address>0x1791</run_address>
         <size>0xbf</size>
         <input_file_ref idref="fl-38"/>
      </object_component>
      <object_component id="oc-98">
         <name>.debug_abbrev</name>
         <load_address>0x1850</load_address>
         <run_address>0x1850</run_address>
         <size>0x8f</size>
         <input_file_ref idref="fl-39"/>
      </object_component>
      <object_component id="oc-9d">
         <name>.debug_abbrev</name>
         <load_address>0x18df</load_address>
         <run_address>0x18df</run_address>
         <size>0x15a</size>
         <input_file_ref idref="fl-3a"/>
      </object_component>
      <object_component id="oc-a3">
         <name>.debug_abbrev</name>
         <load_address>0x1a39</load_address>
         <run_address>0x1a39</run_address>
         <size>0xde</size>
         <input_file_ref idref="fl-3b"/>
      </object_component>
      <object_component id="oc-a7">
         <name>.debug_abbrev</name>
         <load_address>0x1b17</load_address>
         <run_address>0x1b17</run_address>
         <size>0x38</size>
         <input_file_ref idref="fl-3c"/>
      </object_component>
      <object_component id="oc-ab">
         <name>.debug_abbrev</name>
         <load_address>0x1b4f</load_address>
         <run_address>0x1b4f</run_address>
         <size>0x26</size>
         <input_file_ref idref="fl-3d"/>
      </object_component>
      <object_component id="oc-af">
         <name>.debug_abbrev</name>
         <load_address>0x1b75</load_address>
         <run_address>0x1b75</run_address>
         <size>0x124</size>
         <input_file_ref idref="fl-3e"/>
      </object_component>
      <object_component id="oc-b3">
         <name>.debug_abbrev</name>
         <load_address>0x1c99</load_address>
         <run_address>0x1c99</run_address>
         <size>0xd1</size>
         <input_file_ref idref="fl-3f"/>
      </object_component>
      <object_component id="oc-b9">
         <name>.debug_abbrev</name>
         <load_address>0x1d6a</load_address>
         <run_address>0x1d6a</run_address>
         <size>0x9f</size>
         <input_file_ref idref="fl-40"/>
      </object_component>
      <object_component id="oc-bf">
         <name>.debug_abbrev</name>
         <load_address>0x1e09</load_address>
         <run_address>0x1e09</run_address>
         <size>0x1f8</size>
         <input_file_ref idref="fl-41"/>
      </object_component>
      <object_component id="oc-c3">
         <name>.debug_abbrev</name>
         <load_address>0x2001</load_address>
         <run_address>0x2001</run_address>
         <size>0xec</size>
         <input_file_ref idref="fl-42"/>
      </object_component>
      <object_component id="oc-c7">
         <name>.debug_abbrev</name>
         <load_address>0x20ed</load_address>
         <run_address>0x20ed</run_address>
         <size>0xd5</size>
         <input_file_ref idref="fl-43"/>
      </object_component>
      <object_component id="oc-cb">
         <name>.debug_abbrev</name>
         <load_address>0x21c2</load_address>
         <run_address>0x21c2</run_address>
         <size>0x44</size>
         <input_file_ref idref="fl-44"/>
      </object_component>
      <object_component id="oc-cf">
         <name>.debug_abbrev</name>
         <load_address>0x2206</load_address>
         <run_address>0x2206</run_address>
         <size>0xb7</size>
         <input_file_ref idref="fl-45"/>
      </object_component>
      <object_component id="oc-d1">
         <name>.debug_abbrev</name>
         <load_address>0x22bd</load_address>
         <run_address>0x22bd</run_address>
         <size>0x68</size>
         <input_file_ref idref="fl-46"/>
      </object_component>
      <object_component id="oc-d5">
         <name>.debug_abbrev</name>
         <load_address>0x2325</load_address>
         <run_address>0x2325</run_address>
         <size>0x83</size>
         <input_file_ref idref="fl-47"/>
      </object_component>
      <object_component id="oc-d9">
         <name>.debug_abbrev</name>
         <load_address>0x23a8</load_address>
         <run_address>0x23a8</run_address>
         <size>0x112</size>
         <input_file_ref idref="fl-48"/>
      </object_component>
      <object_component id="oc-dd">
         <name>.debug_abbrev</name>
         <load_address>0x24ba</load_address>
[...]
      </symbol>
      <symbol id="sm-106">
         <name>_inputHistoryR</name>
         <value>0x5ce0</value>
         <object_component_ref idref="oc-2f"/>
      </symbol>
      <symbol id="sm-107">
         <name>_inputHistoryL</name>
         <value>0x5cd0</value>
         <object_component_ref idref="oc-2f"/>
      </symbol>
      <symbol id="sm-108">
         <name>_fftSpectrumR</name>
         <value>0x5ac0</value>
         <object_component_ref idref="oc-2f"/>
      </symbol>
      <symbol id="sm-109">
         <name>_fftSpectrumL</name>
         <value>0x58c0</value>
         <object_component_ref idref="oc-2f"/>
      </symbol>
      <symbol id="sm-119">
         <name>_setWritePointerToFirstChar</name>
         <value>0x25012</value>
         <object_component_ref idref="oc-36"/>
      </symbol>
      <symbol id="sm-11a">
         <name>_clearLCD</name>
         <value>0x24fff</value>
         <object_component_ref idref="oc-36"/>
      </symbol>
      <symbol id="sm-11b">
         <name>_initPrintNumber</name>
         <value>0x24ffd</value>
         <object_component_ref idref="oc-36"/>
      </symbol>
      <symbol id="sm-11c">
         <name>_sign_width</name>
         <value>0x7502</value>
         <object_component_ref idref="oc-38"/>
      </symbol>
      <symbol id="sm-11d">
         <name>_printChar</name>
         <value>0x25025</value>
         <object_component_ref idref="oc-36"/>
      </symbol>
      <symbol id="sm-127">
         <name>_p_window</name>
         <value>0x69c4</value>
         <object_component_ref idref="oc-3d"/>
      </symbol>
      <symbol id="sm-128">
         <name>_window</name>
         <value>0x68c4</value>
         <object_component_ref idref="oc-3d"/>
      </symbol>
      <symbol id="sm-143">
         <name>_cbrev</name>
         <value>0x244fd</value>
         <object_component_ref idref="oc-41"/>
      </symbol>
      <symbol id="sm-160">
         <name>_cfft_SCALE</name>
         <value>0x23a65</value>
         <object_component_ref idref="oc-45"/>
      </symbol>
      <symbol id="sm-164">
         <name>twiddle</name>
         <value>0x6b00</value>
         <object_component_ref idref="oc-49"/>
      </symbol>
      <symbol id="sm-16f">
         <name>_unpack</name>
         <value>0x24944</value>
         <object_component_ref idref="oc-4a"/>
      </symbol>
      <symbol id="sm-17d">
         <name>_EZDSP5535_waitusec</name>
         <value>0x24e62</value>
         <object_component_ref idref="oc-4e"/>
      </symbol>
      <symbol id="sm-17e">
         <name>_EZDSP5535_init</name>
         <value>0x24e74</value>
         <object_component_ref idref="oc-4e"/>
      </symbol>
      <symbol id="sm-17f">
         <name>_EZDSP5535_wait</name>
         <value>0x24e2e</value>
         <object_component_ref idref="oc-4e"/>
      </symbol>
      <symbol id="sm-189">
         <name>__addd</name>
         <value>0x23433</value>
         <object_component_ref idref="oc-53"/>
      </symbol>
      <symbol id="sm-195">
         <name>__sysstack</name>
         <value>0x20c0</value>
         <object_component_ref idref="oc-128"/>
      </symbol>
      <symbol id="sm-196">
         <name>_c_int00</name>
         <value>0x250bb</value>
         <object_component_ref idref="oc-11"/>
      </symbol>
      <symbol id="sm-197">
         <name>__stack</name>
         <value>0xc0</value>
         <object_component_ref idref="oc-57"/>
      </symbol>
      <symbol id="sm-1a7">
         <name>C$$EXIT</name>
         <value>0x251d4</value>
         <object_component_ref idref="oc-5f"/>
      </symbol>
      <symbol id="sm-1a8">
         <name>_exit</name>
         <value>0x2507d</value>
         <object_component_ref idref="oc-5b"/>
      </symbol>
      <symbol id="sm-1a9">
         <name>_abort</name>
         <value>0x251d3</value>
         <object_component_ref idref="oc-5f"/>
      </symbol>
      <symbol id="sm-1aa">
         <name>__cleanup_ptr</name>
         <value>0x6ad4</value>
         <object_component_ref idref="oc-5c"/>
      </symbol>
      <symbol id="sm-1ab">
         <name>__dtors_ptr</name>
         <value>0x6ad8</value>
         <object_component_ref idref="oc-5c"/>
      </symbol>
      <symbol id="sm-1b5">
         <name>_fclose</name>
         <value>0x24a4e</value>
         <object_component_ref idref="oc-62"/>
      </symbol>
      <symbol id="sm-1bf">
         <name>__doflush</name>
         <value>0x245d3</value>
         <object_component_ref idref="oc-66"/>
      </symbol>
      <symbol id="sm-1c0">
         <name>_fflush</name>
         <value>0x2463c</value>
         <object_component_ref idref="oc-66"/>
      </symbol>
      <symbol id="sm-1cf">
         <name>__cleanup</name>
         <value>0x23077</value>
         <object_component_ref idref="oc-6a"/>
      </symbol>
      <symbol id="sm-1d0">
         <name>_fopen</name>
         <value>0x2319a</value>
         <object_component_ref idref="oc-6a"/>
      </symbol>
      <symbol id="sm-1d1">
         <name>_freopen</name>
         <value>0x230d1</value>
         <object_component_ref idref="oc-6a"/>
      </symbol>
      <symbol id="sm-1db">
         <name>_fread</name>
         <value>0x24039</value>
         <object_component_ref idref="oc-70"/>
      </symbol>
      <symbol id="sm-1e7">
         <name>_fwrite</name>
         <value>0x2368d</value>
         <object_component_ref idref="oc-74"/>
      </symbol>
      <symbol id="sm-1f9">
         <name>_add_device</name>
         <value>0x219f7</value>
         <object_component_ref idref="oc-78"/>
      </symbol>
      <symbol id="sm-1fa">
         <name>_rename</name>
         <value>0x21719</value>
         <object_component_ref idref="oc-78"/>
      </symbol>
      <symbol id="sm-1fb">
         <name>_read</name>
         <value>0x217a8</value>
         <object_component_ref idref="oc-78"/>
      </symbol>
      <symbol id="sm-1fc">
         <name>_unlink</name>
         <value>0x216e6</value>
         <object_component_ref idref="oc-78"/>
      </symbol>
      <symbol id="sm-1fd">
         <name>_remove_device</name>
         <value>0x21772</value>
         <object_component_ref idref="oc-78"/>
      </symbol>
      <symbol id="sm-1fe">
         <name>_open</name>
         <value>0x21856</value>
         <object_component_ref idref="oc-78"/>
      </symbol>
      <symbol id="sm-1ff">
         <name>_find_registered_device</name>
         <value>0x2197b</value>
         <object_component_ref idref="oc-78"/>
      </symbol>
      <symbol id="sm-200">
         <name>_lseek</name>
         <value>0x21915</value>
         <object_component_ref idref="oc-78"/>
      </symbol>
      <symbol id="sm-201">
         <name>_close</name>
         <value>0x21984</value>
         <object_component_ref idref="oc-78"/>
      </symbol>
      <symbol id="sm-202">
         <name>_write</name>
         <value>0x215a4</value>
         <object_component_ref idref="oc-78"/>
      </symbol>
      <symbol id="sm-20a">
         <name>_memcpy</name>
         <value>0x2503e</value>
         <object_component_ref idref="oc-7e"/>
      </symbol>
      <symbol id="sm-21a">
         <name>__sys_memory</name>
         <value>0x30c0</value>
         <object_component_ref idref="oc-86"/>
      </symbol>
      <symbol id="sm-21b">
         <name>_chkheap</name>
         <value>0x22496</value>
         <object_component_ref idref="oc-82"/>
      </symbol>
      <symbol id="sm-21c">
         <name>_realloc</name>
         <value>0x22235</value>
         <object_component_ref idref="oc-82"/>
      </symbol>
      <symbol id="sm-21d">
         <name>_free_memory</name>
         <value>0x22440</value>
         <object_component_ref idref="oc-82"/>
      </symbol>
      <symbol id="sm-21e">
         <name>_max_free</name>
         <value>0x223e6</value>
         <object_component_ref idref="oc-82"/>
      </symbol>
      <symbol id="sm-21f">
         <name>_free</name>
         <value>0x2200f</value>
         <object_component_ref idref="oc-82"/>
      </symbol>
      <symbol id="sm-220">
         <name>_calloc</name>
         <value>0x2249e</value>
         <object_component_ref idref="oc-82"/>
      </symbol>
      <symbol id="sm-221">
         <name>_malloc</name>
         <value>0x22140</value>
         <object_component_ref idref="oc-82"/>
      </symbol>
      <symbol id="sm-222">
         <name>_minit</name>
         <value>0x220db</value>
         <object_component_ref idref="oc-82"/>
      </symbol>
      <symbol id="sm-22c">
         <name>__mpyd</name>
         <value>0x23eed</value>
         <object_component_ref idref="oc-89"/>
      </symbol>
      <symbol id="sm-236">
         <name>_printf</name>
         <value>0x24e82</value>
         <object_component_ref idref="oc-8d"/>
      </symbol>
      <symbol id="sm-240">
         <name>_remove</name>
         <value>0x251c9</value>
         <object_component_ref idref="oc-91"/>
      </symbol>
      <symbol id="sm-24a">
         <name>__subd</name>
         <value>0x25180</value>
         <object_component_ref idref="oc-95"/>
      </symbol>
      <symbol id="sm-256">
         <name>_HOSTopen</name>
         <value>0x21df2</value>
         <object_component_ref idref="oc-99"/>
      </symbol>
      <symbol id="sm-257">
         <name>_HOSTread</name>
         <value>0x21d65</value>
         <object_component_ref idref="oc-99"/>
      </symbol>
      <symbol id="sm-258">
         <name>_HOSTtime</name>
         <value>0x21c59</value>
         <object_component_ref idref="oc-99"/>
      </symbol>
      <symbol id="sm-259">
         <name>_getenv</name>
         <value>0x21ae7</value>
         <object_component_ref idref="oc-99"/>
      </symbol>
      <symbol id="sm-25a">
         <name>_HOSTrename</name>
         <value>0x21cb7</value>
         <object_component_ref idref="oc-99"/>
      </symbol>
      <symbol id="sm-25b">
         <name>_HOSTclock</name>
         <value>0x21fb1</value>
         <object_component_ref idref="oc-99"/>
      </symbol>
      <symbol id="sm-25c">
         <name>_HOSTwrite</name>
         <value>0x21b62</value>
         <object_component_ref idref="oc-99"/>
      </symbol>
      <symbol id="sm-25d">
         <name>_HOSTlseek</name>
         <value>0x21e91</value>
         <object_component_ref idref="oc-99"/>
      </symbol>
      <symbol id="sm-25e">
         <name>_HOSTunlink</name>
         <value>0x21bef</value>
         <object_component_ref idref="oc-99"/>
      </symbol>
      <symbol id="sm-25f">
         <name>_HOSTclose</name>
         <value>0x21f46</value>
         <object_component_ref idref="oc-99"/>
      </symbol>
      <symbol id="sm-271">
         <name>C$$IO$$</name>
         <value>0x2474a</value>
         <object_component_ref idref="oc-a1"/>
      </symbol>
      <symbol id="sm-272">
         <name>__CIOBUF_</name>
         <value>0x40000</value>
         <object_component_ref idref="oc-a0"/>
      </symbol>
      <symbol id="sm-273">
         <name>_readmsg</name>
         <value>0x24c93</value>
         <object_component_ref idref="oc-9e"/>
      </symbol>
      <symbol id="sm-274">
         <name>_writemsg</name>
         <value>0x24695</value>
         <object_component_ref idref="oc-a1"/>
      </symbol>
      <symbol id="sm-27c">
         <name>__remu</name>
         <value>0x2512e</value>
         <object_component_ref idref="oc-a4"/>
      </symbol>
      <symbol id="sm-27d">
         <name>__divu</name>
         <value>0x25119</value>
         <object_component_ref idref="oc-a4"/>
      </symbol>
      <symbol id="sm-27e">
         <name>I$$UMOD</name>
         <value>0x2512e</value>
         <object_component_ref idref="oc-a4"/>
      </symbol>
      <symbol id="sm-27f">
         <name>I$$UDIV</name>
         <value>0x25119</value>
         <object_component_ref idref="oc-a4"/>
      </symbol>
      <symbol id="sm-289">
         <name>_Reset</name>
         <value>0x4fe00</value>
         <object_component_ref idref="oc-12"/>
      </symbol>
      <symbol id="sm-293">
         <name>__buff_read</name>
         <value>0x2474f</value>
         <object_component_ref idref="oc-ac"/>
      </symbol>
      <symbol id="sm-29d">
         <name>__rd_ok</name>
         <value>0x244a0</value>
         <object_component_ref idref="oc-b0"/>
      </symbol>
      <symbol id="sm-29e">
         <name>__wrt_ok</name>
         <value>0x24420</value>
         <object_component_ref idref="oc-b0"/>
      </symbol>
      <symbol id="sm-2ac">
         <name>__unlock</name>
         <value>0x6ad0</value>
         <object_component_ref idref="oc-b5"/>
      </symbol>
      <symbol id="sm-2ad">
         <name>__lock</name>
         <value>0x6acc</value>
         <object_component_ref idref="oc-b5"/>
      </symbol>
      <symbol id="sm-2ae">
         <name>__register_lock</name>
         <value>0x251af</value>
         <object_component_ref idref="oc-b4"/>
      </symbol>
      <symbol id="sm-2af">
         <name>__nop</name>
         <value>0x251b7</value>
         <object_component_ref idref="oc-b4"/>
      </symbol>
      <symbol id="sm-2b0">
         <name>__register_unlock</name>
         <value>0x251a7</value>
         <object_component_ref idref="oc-b4"/>
      </symbol>
      <symbol id="sm-2c2">
         <name>__printfi</name>
         <value>0x21362</value>
         <object_component_ref idref="oc-ba"/>
      </symbol>
      <symbol id="sm-2cc">
         <name>__args_main</name>
         <value>0x24f1f</value>
         <object_component_ref idref="oc-c0"/>
      </symbol>
      <symbol id="sm-2cd">
         <name>__TI_args_main</name>
         <value>0x1</value>
      </symbol>
      <symbol id="sm-2d7">
         <name>_atoi</name>
         <value>0x24dd2</value>
         <object_component_ref idref="oc-c4"/>
      </symbol>
      <symbol id="sm-2df">
         <name>_auto_init</name>
         <value>0x24ed2</value>
         <object_component_ref idref="oc-c8"/>
      </symbol>
      <symbol id="sm-2e9">
         <name>__eqld</name>
         <value>0x239d9</value>
         <object_component_ref idref="oc-cc"/>
      </symbol>
      <symbol id="sm-2ea">
         <name>__cmpd</name>
         <value>0x23a0d</value>
         <object_component_ref idref="oc-cc"/>
      </symbol>
      <symbol id="sm-2eb">
         <name>__neqd</name>
         <value>0x2387b</value>
         <object_component_ref idref="oc-cc"/>
      </symbol>
      <symbol id="sm-2ec">
         <name>__gtrd</name>
         <value>0x23944</value>
         <object_component_ref idref="oc-cc"/>
      </symbol>
      <symbol id="sm-2ed">
         <name>__geqd</name>
         <value>0x2398f</value>
         <object_component_ref idref="oc-cc"/>
      </symbol>
      <symbol id="sm-2ee">
         <name>__leqd</name>
         <value>0x238f7</value>
         <object_component_ref idref="oc-cc"/>
      </symbol>
      <symbol id="sm-2ef">
         <name>__lssd</name>
         <value>0x238af</value>
         <object_component_ref idref="oc-cc"/>
      </symbol>
      <symbol id="sm-2f7">
         <name>__ctypes_</name>
         <value>0x7300</value>
         <object_component_ref idref="oc-129"/>
      </symbol>
      <symbol id="sm-301">
         <name>__tmpnams</name>
         <value>0x65e0</value>
         <object_component_ref idref="oc-d2"/>
      </symbol>
      <symbol id="sm-302">
         <name>__ft_end</name>
         <value>0x6720</value>
         <object_component_ref idref="oc-d2"/>
      </symbol>
      <symbol id="sm-303">
         <name>__ftable</name>
         <value>0x64f0</value>
         <object_component_ref idref="oc-d2"/>
      </symbol>
      <symbol id="sm-30f">
         <name>__divd</name>
         <value>0x224c4</value>
         <object_component_ref idref="oc-d6"/>
      </symbol>
      <symbol id="sm-31a">
         <name>__divul</name>
         <value>0x248a3</value>
         <object_component_ref idref="oc-da"/>
      </symbol>
      <symbol id="sm-324">
         <name>__fixdi</name>
         <value>0x250ef</value>
         <object_component_ref idref="oc-de"/>
      </symbol>
      <symbol id="sm-32e">
         <name>__fixdli</name>
         <value>0x24c24</value>
         <object_component_ref idref="oc-e2"/>
      </symbol>
      <symbol id="sm-33a">
         <name>__fltlid</name>
         <value>0x24d6b</value>
         <object_component_ref idref="oc-e6"/>
      </symbol>
      <symbol id="sm-344">
         <name>_putchar</name>
         <value>0x24894</value>
         <object_component_ref idref="oc-eb"/>
      </symbol>
      <symbol id="sm-345">
         <name>_putc</name>
         <value>0x247fd</value>
         <object_component_ref idref="oc-eb"/>
      </symbol>
      <symbol id="sm-346">
         <name>_fputc</name>
         <value>0x247fd</value>
         <object_component_ref idref="oc-eb"/>
      </symbol>
      <symbol id="sm-354">
         <name>_puts</name>
         <value>0x23d6d</value>
         <object_component_ref idref="oc-ef"/>
      </symbol>
      <symbol id="sm-355">
         <name>_fputs</name>
         <value>0x23c38</value>
         <object_component_ref idref="oc-ef"/>
      </symbol>
      <symbol id="sm-35f">
         <name>__frcmpyd</name>
         <value>0x24ac9</value>
         <object_component_ref idref="oc-f4"/>
      </symbol>
      <symbol id="sm-369">
         <name>__frcmpyd_div</name>
         <value>0x24b3f</value>
         <object_component_ref idref="oc-f8"/>
      </symbol>
      <symbol id="sm-373">
         <name>_fseek</name>
         <value>0x24d00</value>
         <object_component_ref idref="oc-fc"/>
      </symbol>
      <symbol id="sm-37d">
         <name>___isinf</name>
         <value>0x25166</value>
         <object_component_ref idref="oc-100"/>
      </symbol>
      <symbol id="sm-387">
         <name>__divull</name>
         <value>0x2330a</value>
         <object_component_ref idref="oc-104"/>
      </symbol>
      <symbol id="sm-388">
         <name>__mpylli</name>
         <value>0x23252</value>
         <object_component_ref idref="oc-104"/>
      </symbol>
      <symbol id="sm-389">
         <name>__remlli</name>
         <value>0x23223</value>
         <object_component_ref idref="oc-104"/>
      </symbol>
      <symbol id="sm-38a">
         <name>__divlli</name>
         <value>0x233fe</value>
         <object_component_ref idref="oc-104"/>
      </symbol>
      <symbol id="sm-38b">
         <name>__remull</name>
         <value>0x231d5</value>
         <object_component_ref idref="oc-104"/>
      </symbol>
      <symbol id="sm-393">
         <name>__mpyli</name>
         <value>0x25194</value>
         <object_component_ref idref="oc-108"/>
      </symbol>
      <symbol id="sm-394">
         <name>I$$LMPY</name>
         <value>0x25194</value>
         <object_component_ref idref="oc-108"/>
      </symbol>
      <symbol id="sm-39e">
         <name>_ltoa</name>
         <value>0x249d1</value>
         <object_component_ref idref="oc-10c"/>
      </symbol>
      <symbol id="sm-3a9">
         <name>_memccpy</name>
         <value>0x25143</value>
         <object_component_ref idref="oc-110"/>
      </symbol>
      <symbol id="sm-3b3">
         <name>__negd</name>
         <value>0x251b9</value>
         <object_component_ref idref="oc-114"/>
      </symbol>
      <symbol id="sm-3bd">
         <name>__remli</name>
         <value>0x24f6a</value>
         <object_component_ref idref="oc-118"/>
      </symbol>
      <symbol id="sm-3c8">
         <name>__remul</name>
         <value>0x24bb2</value>
         <object_component_ref idref="oc-11c"/>
      </symbol>
      <symbol id="sm-3d2">
         <name>_setvbuf</name>
         <value>0x2433a</value>
         <object_component_ref idref="oc-120"/>
      </symbol>
      <symbol id="sm-3dc">
         <name>__divli</name>
         <value>0x24fb5</value>
         <object_component_ref idref="oc-124"/>
      </symbol>
   </symbol_table>
</link_info>
