******************************************************************************
              TMS320C55x Linker PC v4.4.1                      
******************************************************************************
>> Linked Sat Jan 06 17:23:27 2018

OUTPUT FILE NAME:   <NoiseRemoval Sim.out>
ENTRY POINT SYMBOL: "_c_int00"  address: 000250bb


MEMORY CONFIGURATION

         name            origin    length      used     unused   attr    fill
                        (bytes)   (bytes)    (bytes)   (bytes)
----------------------  --------  ---------  --------  --------  ----  --------
PAGE 0:
  MMR                   00000000   000000c0  00000000  000000c0  RWIX
  DARAM0                000000c0   0000ff40  000076a4  0000889c  RWIX
  SARAM0                00010000   00010000  00000000  00010000  RWIX
  SARAM1                00020000   00020000  000051dd  0001ae23  RWIX
  SARAM2                00040000   0000fe00  00000466  0000f99a  RWIX
  VECS                  0004fe00   00000200  00000100  00000100  RWIX
  PDROM                 00ff8000   00008000  00000000  00008000  R IX

PAGE 2:
  IOPORT                00000000   00020000  00000000  00020000  RWI 


SECTION ALLOCATION MAP
(Addresses surrounded by []'s are displayed for convenience only!)

output                                                          attributes/
section   page  orgn(bytes) orgn(words) len(bytes) len(words)   input sections
--------  ----  ----------- ----------- ---------- ----------   --------------
.pinit       0   [ 00040000 ]  00020000          *   00000000   UNINITIALIZED

.stack       0   [ 000000c0 ]  00000060          *   00001000   UNINITIALIZED
                 [ 000000c0 ]  00000060          *   00001000   --HOLE--

.data        0   [ 000000c0 ]  00000060          *   00000000   UNINITIALIZED

.sysstack 
*            0   [ 000020c0 ]  00001060          *   00000800   UNINITIALIZED
                 [ 000020c0 ]  00001060          *   00000800   --HOLE--

.sysmem      0   [ 000030c0 ]  00001860          *   00001000   UNINITIALIZED
                 [ 000030c0 ]  00001860          *   00001000   --HOLE--

.bss.1       0   [ 000050c0 ]  00002860          *   00000617   UNINITIALIZED
                 [ 000050c0 ]  00002860          *   00000616   main.obj (.bss)
                 [ 00005cec ]  00002e76          *   00000001   rts55x.lib : fopen.obj (.bss)

.bss.2       0   [ 00005cf0 ]  00002e78          *   000005e9   UNINITIALIZED
                 [ 00005cf0 ]  00002e78          *   00000400   ezdsp5535_aic3204_dma.obj (.bss)
                 [ 000064f0 ]  00003278          *   00000119   rts55x.lib : defs.obj (.bss)
                 [ 00006722 ]  00003391          *   000000d0              : trgdrv.obj (.bss)

.bss.3       0   [ 000068c4 ]  00003462          *   000000f3   UNINITIALIZED
                 [ 000068c4 ]  00003462          *   00000082   window.obj (.bss)
                 [ 000069c8 ]  000034e4          *   00000071   rts55x.lib : lowlev.obj (.bss)

.bss.4       0   [ 00006aac ]  00003556          *   0000000b   UNINITIALIZED
                 [ 00006aac ]  00003556          *   00000006   rts55x.lib : memory.obj (.bss)
                 [ 00006ab8 ]  0000355c          *   00000005   aic3204.obj (.bss)

.bss.5       0   [ 00006ac4 ]  00003562          *   0000000c   UNINITIALIZED
                 [ 00006ac4 ]  00003562          *   00000004   aic3204_init.obj (.bss)
                 [ 00006acc ]  00003566          *   00000004   rts55x.lib : _lock.obj (.bss)
                 [ 00006ad4 ]  0000356a          *   00000004              : exit.obj (.bss)

.const.1     0   [ 00006b00 ]  00003580          *   00000599   
                 [ 00006b00 ]  00003580          *   00000400   55xdspx_r3.lib : twiddle.obj (.const:twiddle)
                 [ 00007300 ]  00003980          *   00000101   rts55x.lib : ctype.obj (.const:__ctypes_)
                 [ 00007502 ]  00003a81          *   00000001   print_number.obj (.const)
                 [ 00007504 ]  00003a82          *   00000097   aic3204_init.obj (.const:.string)

.const.2     0   [ 00007634 ]  00003b1a          *   000000a9   
                 [ 00007634 ]  00003b1a          *   0000006c   main.obj (.const:.string)
                 [ 0000770c ]  00003b86          *   00000024   rts55x.lib : _printfi.obj (.const:.string)
                 [ 00007754 ]  00003baa          *   0000000c              : _printfi.obj (.const)
                 [ 0000776c ]  00003bb6          *   00000008              : divd.obj (.const:_initial_approx$1)
                 [ 0000777c ]  00003bbe          *   00000005   print_number.obj (.const:.string)

.const.3     0   [ 00007788 ]  00003bc4          *   00000006   
                 [ 00007788 ]  00003bc4          *   00000002   rts55x.lib : fputs.obj (.const:.string)
                 [ 0000778c ]  00003bc6          *   00000002   iir.obj (.const)
                 [ 00007790 ]  00003bc8          *   00000002   rts55x.lib : fltlid.obj (.const)

.text        0     00020000  [ 00010000 ] 000051dd          *   
                   00020000  [ 00010000 ] 000015a4          *   rts55x.lib : _printfi.obj (.text)
                   000215a4  [ 00010ad2 ] 00000543          *              : lowlev.obj (.text)
                   00021ae7  [ 00010d73+] 00000528          *              : trgdrv.obj (.text)
                   0002200f  [ 00011007+] 000004b5          *              : memory.obj (.text)
                   000224c4  [ 00011262 ] 000003cc          *              : divd.obj (.text)
                   00022890  [ 00011448 ] 000003b0          *   iir.obj (.text)
                   00022c40  [ 00011620 ] 00000316          *   main.obj (.text)
                   00022f56  [ 000117ab ] 0000027f          *   rts55x.lib : fopen.obj (.text)
                   000231d5  [ 000118ea+] 0000025e          *              : llmpy.obj (.text)
                   00023433  [ 00011a19+] 0000025a          *              : addd.obj (.text)
                   0002368d  [ 00011b46+] 000001ee          *              : fwrite.obj (.text)
                   0002387b  [ 00011c3d+] 000001ea          *              : cmpd.obj (.text)
                   00023a65  [ 00011d32+] 000001d3          *   55xdspx_r3.lib : cfft_scale.obj (.text)
                   00023c38  [ 00011e1c ] 00000163          *   rts55x.lib : fputs.obj (.text)
                   00023d9b  [ 00011ecd+] 00000152          *   ezdsp5535_aic3204_dma.obj (.text)
                   00023eed  [ 00011f76+] 0000014c          *   rts55x.lib : mpyd.obj (.text)
                   00024039  [ 0001201c+] 0000010f          *              : fread.obj (.text)
                   00024148  [ 000120a4 ] 000000fc          *   aic3204.obj (.text)
                   00024244  [ 00012122 ] 000000f6          *   aic3204_init.obj (.text)
                   0002433a  [ 0001219d ] 000000e6          *   rts55x.lib : setvbuf.obj (.text)
                   00024420  [ 00012210 ] 000000dd          *              : _io_perm.obj (.text)
                   000244fd  [ 0001227e+] 000000d6          *   55xdspx_r3.lib : cbrev.obj (.text)
                   000245d3  [ 000122e9+] 000000c2          *   rts55x.lib : fflush.obj (.text)
                   00024695  [ 0001234a+] 000000ba          *              : trgmsg.obj (.text:CIO_breakpoint)
                   0002474f  [ 000123a7+] 000000ae          *              : _bufread.obj (.text)
                   000247fd  [ 000123fe+] 000000a6          *              : fputc.obj (.text)
                   000248a3  [ 00012451+] 000000a1          *              : divul.obj (.text)
                   00024944  [ 000124a2 ] 0000008d          *   55xdspx_r3.lib : unpack.obj (.text)
                   000249d1  [ 000124e8+] 0000007d          *   rts55x.lib : ltoa.obj (.text)
                   00024a4e  [ 00012527 ] 0000007b          *              : fclose.obj (.text)
                   00024ac9  [ 00012564+] 00000076          *              : frcmpyd.obj (.text)
                   00024b3f  [ 0001259f+] 00000073          *              : frcmpyd_div.obj (.text)
                   00024bb2  [ 000125d9 ] 00000072          *              : remul.obj (.text)
                   00024c24  [ 00012612 ] 0000006f          *              : fixdli.obj (.text)
                   00024c93  [ 00012649+] 0000006d          *              : trgmsg.obj (.text)
                   00024d00  [ 00012680 ] 0000006b          *              : fseek.obj (.text)
                   00024d6b  [ 000126b5+] 00000067          *              : fltlid.obj (.text)
                   00024dd2  [ 000126e9 ] 0000005c          *              : atoi.obj (.text)
                   00024e2e  [ 00012717 ] 00000054          *   ezdsp5535bsl.lib : ezdsp5535.obj (.text)
                   00024e82  [ 00012741 ] 00000050          *   rts55x.lib : printf.obj (.text)
                   00024ed2  [ 00012769 ] 0000004d          *              : autoinit.obj (.text)
                   00024f1f  [ 0001278f+] 0000004b          *              : args_main.obj (.text)
                   00024f6a  [ 000127b5 ] 0000004b          *              : remli.obj (.text)
                   00024fb5  [ 000127da+] 00000048          *              : divli.obj (.text)
                   00024ffd  [ 000127fe+] 00000041          *   print_number.obj (.text)
                   0002503e  [ 0001281f ] 0000003f          *   rts55x.lib : memcpy.obj (.text)
                   0002507d  [ 0001283e+] 0000003e          *              : exit.obj (.text)
                   000250bb  [ 0001285d+] 00000034          *              : boot.obj (.text)
                   000250ef  [ 00012877+] 0000002a          *              : fixdi.obj (.text)
                   00025119  [ 0001288c+] 0000002a          *              : udiv.obj (.text)
                   00025143  [ 000128a1+] 00000023          *              : memccpy.obj (.text)
                   00025166  [ 000128b3 ] 0000001a          *              : isinf.obj (.text)
                   00025180  [ 000128c0 ] 00000014          *              : subd.obj (.text)
                   00025194  [ 000128ca ] 00000013          *              : lmpy.obj (.text)
                   000251a7  [ 000128d3+] 00000012          *              : _lock.obj (.text)
                   000251b9  [ 000128dc+] 00000010          *              : negd.obj (.text)
                   000251c9  [ 000128e4+] 0000000a          *              : remove.obj (.text)
                   000251d3  [ 000128e9+] 00000007          *              : exit.obj (.text:CIO_breakpoint)
                   000251da  [ 000128ed ] 00000002          *              : vectors.obj (.text)
                   000251dc  [ 000128ee ] 00000001          *   --HOLE-- [fill = 20]

.cio         0   [ 00040000 ]  00020000          *   00000120   UNINITIALIZED
                 [ 00040000 ]  00020000          *   00000120   rts55x.lib : trgmsg.obj (.cio)

.cinit       0   [ 00040240 ]  00020120          *   00000113   
                 [ 00040240 ]  00020120          *   00000088   window.obj (.cinit)
                 [ 00040350 ]  000201a8          *   0000002d   rts55x.lib : lowlev.obj (.cinit)
                 [ 000403aa ]  000201d5          *   0000002a              : defs.obj (.cinit)
                 [ 000403fe ]  000201ff          *   0000000a   aic3204_init.obj (.cinit)
                 [ 00040412 ]  00020209          *   0000000a   rts55x.lib : _lock.obj (.cinit)
                 [ 00040426 ]  00020213          *   0000000a              : exit.obj (.cinit)
                 [ 0004043a ]  0002021d          *   00000009   main.obj (.cinit)
                 [ 0004044c ]  00020226          *   00000004   aic3204.obj (.cinit)
                 [ 00040454 ]  0002022a          *   00000004   rts55x.lib : fopen.obj (.cinit)
                 [ 0004045c ]  0002022e          *   00000004              : memory.obj (.cinit)
                 [ 00040464 ]  00020232          *   00000001   --HOLE-- [fill = 0]

vectors      0     0004fe00  [ 00027f00 ] 00000100          *   
                   0004fe00  [ 00027f00 ] 00000100          *   rts55x.lib : vectors.obj (vectors)


GLOBAL SYMBOLS: SORTED ALPHABETICALLY BY Name 

abs. value/
byte addr   word addr   name
---------   ---------   ----
00000002                $TI_capability$C5500$CallingConvention
00000002                $TI_capability$C5500$MemoryModel
00000001                $TI_capability_requires_rev3
ffffffff                .bss
ffffffff                .data
ffffffff                .text
000251d4                C$$EXIT
0002474a                C$$IO$$
00025194                I$$LMPY
00025119                I$$UDIV
0002512e                I$$UMOD
00024e74                _EZDSP5535_init
00024e2e                _EZDSP5535_wait
00024e62                _EZDSP5535_waitusec
00021fb1                _HOSTclock
00021f46                _HOSTclose
00021e91                _HOSTlseek
00021df2                _HOSTopen
00021d65                _HOSTread
00021cb7                _HOSTrename
00021c59                _HOSTtime
00021bef                _HOSTunlink
00021b62                _HOSTwrite
            00002860    _InputBufferL
            000028e0    _InputBufferR
00022b58                _Nth_order_IIR
            00002960    _OutputBufferL
            000029e0    _OutputBufferR
0004fe00                _Reset
            00002e78    _SimulatorInput
            00003078    _SimulatorOutput
            00020000    __CIOBUF_
            00001060    __STACK_END
00002000                __STACK_SIZE
00002000                __SYSMEM_SIZE
00001000                __SYSSTACK_SIZE
00000001                __TI_args_main
ffffffff                ___binit__
ffffffff                ___bss__
ffffffff                ___c_args__
            00020120    ___cinit__
ffffffff                ___data__
ffffffff                ___edata__
ffffffff                ___end__
ffffffff                ___etext__
00025166                ___isinf
ffffffff                ___pinit__
ffffffff                ___text__
00023433                __addd
00024f1f                __args_main
0002474f                __buff_read
00023077                __cleanup
            0000356a    __cleanup_ptr
00023a0d                __cmpd
            00003980    __ctypes_
000224c4                __divd
00024fb5                __divli
000233fe                __divlli
00025119                __divu
000248a3                __divul
0002330a                __divull
000245d3                __doflush
            0000356c    __dtors_ptr
000239d9                __eqld
000250ef                __fixdi
00024c24                __fixdli
00024d6b                __fltlid
00024ac9                __frcmpyd
00024b3f                __frcmpyd_div
            00003390    __ft_end
            00003278    __ftable
0002398f                __geqd
00023944                __gtrd
000238f7                __leqd
            00003566    __lock
000238af                __lssd
00023eed                __mpyd
00025194                __mpyli
00023252                __mpylli
000251b9                __negd
0002387b                __neqd
000251b7                __nop
00021362                __printfi
000244a0                __rd_ok
000251af                __register_lock
000251a7                __register_unlock
00024f6a                __remli
00023223                __remlli
0002512e                __remu
00024bb2                __remul
000231d5                __remull
            00000060    __stack
00025180                __subd
            00001860    __sys_memory
            00001060    __sysstack
            000032f0    __tmpnams
            00003568    __unlock
00024420                __wrt_ok
000251d3                _abort
000219f7                _add_device
0002417e                _aic3204_codec_read
000241ee                _aic3204_codec_write
0002414a                _aic3204_disable
00023d9b                _aic3204_dma_init
            00003560    _aic3204_enabled
00024148                _aic3204_hardware_init
00024268                _aic3204_init
00023d9d                _aic3204_read_block
00024244                _aic3204_set_input_filename
00024256                _aic3204_set_output_filename
00023e4e                _aic3204_write_block
00024dd2                _atoi
00024ed2                _auto_init
000250bb                _c_int00
0002249e                _calloc
000244fd                _cbrev
00023a65                _cfft_SCALE
00022496                _chkheap
00024fff                _clearLCD
00021984                _close
            00002e60    _coefficients1070
0002507d                _exit
00024a4e                _fclose
0002463c                _fflush
            00002c60    _fftSpectrumL
            00002d60    _fftSpectrumR
0002197b                _find_registered_device
00022890                _first_order_IIR
0002319a                _fopen
000229d0                _fourth_order_IIR
000247fd                _fputc
00023c38                _fputs
00024039                _fread
0002200f                _free
00022440                _free_memory
000230d1                _freopen
00024d00                _fseek
0002368d                _fwrite
00021ae7                _getenv
00022b6d                _halfband
00024ffd                _initPrintNumber
            00002a60    _inputCopyL
            00002b60    _inputCopyR
            00002e68    _inputHistoryL
            00002e70    _inputHistoryR
            0000355c    _input_file
00021915                _lseek
000249d1                _ltoa
00022c40                _main
00022140                _malloc
000223e6                _max_free
00025143                _memccpy
0002503e                _memcpy
000220db                _minit
00021856                _open
            00002e6c    _outputHistoryL
            00002e74    _outputHistoryR
            0000355e    _output_file
            000034e2    _p_window
00025025                _printChar
00024e82                _printf
000247fd                _putc
00024894                _putchar
00023d6d                _puts
000217a8                _read
00024c93                _readmsg
00022235                _realloc
000251c9                _remove
00021772                _remove_device
00021719                _rename
00022917                _second_order_IIR
00022b7f                _second_order_IIR_Direct_Form_II_f
00025012                _setWritePointerToFirstChar
0002432d                _set_sampling_frequency_and_gain
0002433a                _setvbuf
            00003a81    _sign_width
000216e6                _unlink
00024944                _unpack
            00003462    _window
000215a4                _write
00024695                _writemsg
ffffffff                binit
            00020120    cinit
ffffffff                edata
ffffffff                end
ffffffff                etext
ffffffff                pinit
            00003580    twiddle


GLOBAL SYMBOLS: SORTED BY Symbol Address 

abs. value/
byte addr   word addr   name
---------   ---------   ----
00000001                $TI_capability_requires_rev3
00000001                __TI_args_main
00000002                $TI_capability$C5500$CallingConvention
00000002                $TI_capability$C5500$MemoryModel
            00000060    __stack
00001000                __SYSSTACK_SIZE
00002000                __STACK_SIZE
00002000                __SYSMEM_SIZE
            00001060    __STACK_END
            00001060    __sysstack
            00001860    __sys_memory
            00002860    _InputBufferL
            000028e0    _InputBufferR
            00002960    _OutputBufferL
            000029e0    _OutputBufferR
            00002a60    _inputCopyL
            00002b60    _inputCopyR
            00002c60    _fftSpectrumL
            00002d60    _fftSpectrumR
            00002e60    _coefficients1070
            00002e68    _inputHistoryL
            00002e6c    _outputHistoryL
            00002e70    _inputHistoryR
            00002e74    _outputHistoryR
            00002e78    _SimulatorInput
            00003078    _SimulatorOutput
            00003278    __ftable
            000032f0    __tmpnams
            00003390    __ft_end
            00003462    _window
            000034e2    _p_window
            0000355c    _input_file
            0000355e    _output_file
            00003560    _aic3204_enabled
            00003566    __lock
            00003568    __unlock
            0000356a    __cleanup_ptr
            0000356c    __dtors_ptr
            00003580    twiddle
            00003980    __ctypes_
            00003a81    _sign_width
00021362                __printfi
000215a4                _write
000216e6                _unlink
00021719                _rename
00021772                _remove_device
000217a8                _read
00021856                _open
00021915                _lseek
0002197b                _find_registered_device
00021984                _close
000219f7                _add_device
00021ae7                _getenv
00021b62                _HOSTwrite
00021bef                _HOSTunlink
00021c59                _HOSTtime
00021cb7                _HOSTrename
00021d65                _HOSTread
00021df2                _HOSTopen
00021e91                _HOSTlseek
00021f46                _HOSTclose
00021fb1                _HOSTclock
0002200f                _free
000220db                _minit
00022140                _malloc
00022235                _realloc
000223e6                _max_free
00022440                _free_memory
00022496                _chkheap
0002249e                _calloc
000224c4                __divd
00022890                _first_order_IIR
00022917                _second_order_IIR
000229d0                _fourth_order_IIR
00022b58                _Nth_order_IIR
00022b6d                _halfband
00022b7f                _second_order_IIR_Direct_Form_II_f
00022c40                _main
00023077                __cleanup
000230d1                _freopen
0002319a                _fopen
000231d5                __remull
00023223                __remlli
00023252                __mpylli
0002330a                __divull
000233fe                __divlli
00023433                __addd
0002368d                _fwrite
0002387b                __neqd
000238af                __lssd
000238f7                __leqd
00023944                __gtrd
0002398f                __geqd
000239d9                __eqld
00023a0d                __cmpd
00023a65                _cfft_SCALE
00023c38                _fputs
00023d6d                _puts
00023d9b                _aic3204_dma_init
00023d9d                _aic3204_read_block
00023e4e                _aic3204_write_block
00023eed                __mpyd
00024039                _fread
00024148                _aic3204_hardware_init
0002414a                _aic3204_disable
0002417e                _aic3204_codec_read
000241ee                _aic3204_codec_write
00024244                _aic3204_set_input_filename
00024256                _aic3204_set_output_filename
00024268                _aic3204_init
0002432d                _set_sampling_frequency_and_gain
0002433a                _setvbuf
00024420                __wrt_ok
000244a0                __rd_ok
000244fd                _cbrev
000245d3                __doflush
0002463c                _fflush
00024695                _writemsg
0002474a                C$$IO$$
0002474f                __buff_read
000247fd                _fputc
000247fd                _putc
00024894                _putchar
000248a3                __divul
00024944                _unpack
000249d1                _ltoa
00024a4e                _fclose
00024ac9                __frcmpyd
00024b3f                __frcmpyd_div
00024bb2                __remul
00024c24                __fixdli
00024c93                _readmsg
00024d00                _fseek
00024d6b                __fltlid
00024dd2                _atoi
00024e2e                _EZDSP5535_wait
00024e62                _EZDSP5535_waitusec
00024e74                _EZDSP5535_init
00024e82                _printf
00024ed2                _auto_init
00024f1f                __args_main
00024f6a                __remli
00024fb5                __divli
00024ffd                _initPrintNumber
00024fff                _clearLCD
00025012                _setWritePointerToFirstChar
00025025                _printChar
0002503e                _memcpy
0002507d                _exit
000250bb                _c_int00
000250ef                __fixdi
00025119                I$$UDIV
00025119                __divu
0002512e                I$$UMOD
0002512e                __remu
00025143                _memccpy
00025166                ___isinf
00025180                __subd
00025194                I$$LMPY
00025194                __mpyli
000251a7                __register_unlock
000251af                __register_lock
000251b7                __nop
000251b9                __negd
000251c9                _remove
000251d3                _abort
000251d4                C$$EXIT
            00020000    __CIOBUF_
            00020120    ___cinit__
            00020120    cinit
0004fe00                _Reset
ffffffff                .bss
ffffffff                .data
ffffffff                .text
ffffffff                ___binit__
ffffffff                ___bss__
ffffffff                ___c_args__
ffffffff                ___data__
ffffffff                ___edata__
ffffffff                ___end__
ffffffff                ___etext__
ffffffff                ___pinit__
ffffffff                ___text__
ffffffff                binit
ffffffff                edata
ffffffff                end
ffffffff                etext
ffffffff                pinit

[188 symbols]
