******************************************************************************
              TMS320C55x Linker PC v4.4.1                      
******************************************************************************
>> Linked Wed Jan 10 21:14:42 2018

OUTPUT FILE NAME:   <NoiseGenerator.out>
ENTRY POINT SYMBOL: "_c_int00"  address: 000289c9


MEMORY CONFIGURATION

         name            origin    length      used     unused   attr    fill
                        (bytes)   (bytes)    (bytes)   (bytes)
----------------------  --------  ---------  --------  --------  ----  --------
PAGE 0:
  MMR                   00000000   000000c0  00000000  000000c0  RWIX
  DARAM0                000000c0   0000ff40  00006c7a  000092c6  RWIX
  SARAM0                00010000   00010000  00000000  00010000  RWIX
  SARAM1                00020000   00020000  00008af7  00017509  RWIX
  SARAM2                00040000   0000fe00  00000790  0000f670  RWIX
  VECS                  0004fe00   00000200  00000200  00000000  RWIX
  PDROM                 00ff8000   00008000  00000000  00008000  R IX

PAGE 2:
  IOPORT                00000000   00020000  00000000  00020000  RWI 


SECTION ALLOCATION MAP
(Addresses surrounded by []'s are displayed for convenience only!)

output                                                          attributes/
section   page  orgn(bytes) orgn(words) len(bytes) len(words)   input sections
--------  ----  ----------- ----------- ---------- ----------   --------------
.pinit       0   [ 00040000 ]  00020000          *   00000000   UNINITIALIZED

.stack       0   [ 000000c0 ]  00000060          *   00001000   UNINITIALIZED
                 [ 000000c0 ]  00000060          *   00001000   --HOLE--

.data        0   [ 000000c0 ]  00000060          *   00000000   UNINITIALIZED

.sysstack 
*            0   [ 000020c0 ]  00001060          *   00000800   UNINITIALIZED
                 [ 000020c0 ]  00001060          *   00000800   --HOLE--

.sysmem      0   [ 000030c0 ]  00001860          *   00001000   UNINITIALIZED
                 [ 000030c0 ]  00001860          *   00001000   --HOLE--

.bss.1       0   [ 000050c0 ]  00002860          *   00000a97   UNINITIALIZED
                 [ 000050c0 ]  00002860          *   00000408   ezdsp5535_aic3204_dma.obj (.bss)
                 [ 000058d0 ]  00002c68          *   00000202   sine_table.obj (.bss)
                 [ 00005cd4 ]  00002e6a          *   00000002   aic3204.obj (.bss)
                 [ 00005cd8 ]  00002e6c          *   00000181   main.obj (.bss)
                 [ 00005fda ]  00002fed          *   00000001   rts55x.lib : errno.obj (.bss)
                 [ 00005fdc ]  00002fee          *   00000119              : defs.obj (.bss)
                 [ 0000620e ]  00003107          *   000000d0              : trgdrv.obj (.bss)
                 [ 000063ae ]  000031d7          *   00000001              : fopen.obj (.bss)
                 [ 000063b0 ]  000031d8          *   00000084   cslVC5505.lib : csl_intc.obj (.bss)
                 [ 000064b8 ]  0000325c          *   00000071   rts55x.lib : lowlev.obj (.bss)
                 [ 0000659a ]  000032cd          *   0000002a   cslVC5505.lib : csl_i2s.obj (.bss)

.bss.2       0   [ 000065f0 ]  000032f8          *   0000002e   UNINITIALIZED
                 [ 000065f0 ]  000032f8          *   00000012   cslVC5505.lib : csl_i2c.obj (.bss)
                 [ 00006614 ]  0000330a          *   00000008   ezdsp5535bsl.lib : ezdsp5535_sar.obj (.bss)
                 [ 00006624 ]  00003312          *   00000006   rts55x.lib : memory.obj (.bss)
                 [ 00006630 ]  00003318          *   00000004   ezdsp5535bsl.lib : ezdsp5535_gpio.obj (.bss)
                 [ 00006638 ]  0000331c          *   00000004   rts55x.lib : _lock.obj (.bss)
                 [ 00006640 ]  00003320          *   00000004              : exit.obj (.bss)
                 [ 00006648 ]  00003324          *   00000002   ezdsp5535bsl.lib : ezdsp5535_i2s.obj (.bss)

.const       0   [ 0000664c ]  00003326          *   00000378   
                 [ 0000664c ]  00003326          *   00000174   aic3204_init.obj (.const:.string)
                 [ 00006934 ]  0000349a          *   00000101   rts55x.lib : ctype.obj (.const:__ctypes_)
                 [ 00006b36 ]  0000359b          *   00000060   print_number.obj (.const:_consolas_8ptBitmaps)
                 [ 00006bf6 ]  000035fb          *   00000001   print_number.obj (.const)
                 [ 00006bf8 ]  000035fc          *   00000024   rts55x.lib : _printfi.obj (.const:.string)
                 [ 00006c40 ]  00003620          *   0000001c   main.obj (.const:.string)
                 [ 00006c78 ]  0000363c          *   00000014   main.obj (.const)
                 [ 00006ca0 ]  00003650          *   0000000c   rts55x.lib : _printfi.obj (.const)
                 [ 00006cb8 ]  0000365c          *   0000000c              : fmod.obj (.const)
                 [ 00006cd0 ]  00003668          *   0000000a              : ldexp.obj (.const)
                 [ 00006ce4 ]  00003672          *   00000008              : divd.obj (.const:_initial_approx$1)
                 [ 00006cf4 ]  0000367a          *   00000008              : frexp.obj (.const)
                 [ 00006d04 ]  00003682          *   00000008              : round.obj (.const)
                 [ 00006d14 ]  0000368a          *   00000006   gen_sinus.obj (.const)
                 [ 00006d20 ]  00003690          *   00000006   rts55x.lib : modf.obj (.const)
                 [ 00006d2c ]  00003696          *   00000004              : trunc.obj (.const)
                 [ 00006d34 ]  0000369a          *   00000002              : fputs.obj (.const:.string)
                 [ 00006d38 ]  0000369c          *   00000002              : fltlid.obj (.const)

.text        0     00020000  [ 00010000 ] 00008af7          *   
                   00020000  [ 00010000 ] 000015a4          *   rts55x.lib : _printfi.obj (.text)
                   000215a4  [ 00010ad2 ] 00000c3c          *   cslVC5505.lib : csl_i2c.obj (.text)
                   000221e0  [ 000110f0 ] 00000b18          *                 : csl_sar.obj (.text)
                   00022cf8  [ 0001167c ] 000009f3          *                 : csl_i2s.obj (.text)
                   000236eb  [ 00011b75+] 0000068d          *                 : csl_gpio.obj (.text)
                   00023d78  [ 00011ebc ] 000005b5          *   aic3204_init.obj (.text)
                   0002432d  [ 00012196+] 00000554          *   cslVC5505.lib : csl_intc.obj (.text)
                   00024881  [ 00012440+] 00000543          *   rts55x.lib : lowlev.obj (.text)
                   00024dc4  [ 000126e2 ] 00000528          *              : trgdrv.obj (.text)
                   000252ec  [ 00012976 ] 000004b5          *              : memory.obj (.text)
                   000257a1  [ 00012bd0+] 000003cc          *              : divd.obj (.text)
                   00025b6d  [ 00012db6+] 00000321          *   main.obj (.text)
                   00025e8e  [ 00012f47 ] 0000031b          *   ezdsp5535_aic3204_dma.obj (.text)
                   000261a9  [ 000130d4+] 000002d2          *   print_number.obj (.text)
                   0002647b  [ 0001323d+] 0000027f          *   rts55x.lib : fopen.obj (.text)
                   000266fa  [ 0001337d ] 0000025e          *              : llmpy.obj (.text)
                   00026958  [ 000134ac ] 0000025a          *              : addd.obj (.text)
                   00026bb2  [ 000135d9 ] 0000023b          *              : fmod.obj (.text)
                   00026ded  [ 000136f6+] 000001ea          *              : cmpd.obj (.text)
                   00026fd7  [ 000137eb+] 00000192          *   ezdsp5535bsl.lib : ezdsp5535_lcd.obj (.text)
                   00027169  [ 000138b4+] 0000017a          *                    : ezdsp5535_sar.obj (.text)
                   000272e3  [ 00013971+] 00000163          *   rts55x.lib : fputs.obj (.text)
                   00027446  [ 00013a23 ] 0000014c          *              : mpyd.obj (.text)
                   00027592  [ 00013ac9 ] 00000147          *   gen_sinus.obj (.text)
                   000276d9  [ 00013b6c+] 00000107          *   ezdsp5535bsl.lib : ezdsp5535_i2s.obj (.text)
                   000277e0  [ 00013bf0 ] 000000f2          *   rts55x.lib : ldexp.obj (.text)
                   000278d2  [ 00013c69 ] 000000e6          *              : setvbuf.obj (.text)
                   000279b8  [ 00013cdc ] 000000dd          *              : _io_perm.obj (.text)
                   00027a95  [ 00013d4a+] 000000cc          *   ezdsp5535_aic3204_dma.obj (.text:retain)
                   00027b61  [ 00013db0+] 000000cc          *   rts55x.lib : frexp.obj (.text)
                   00027c2d  [ 00013e16+] 000000c3          *   aic3204.obj (.text)
                   00027cf0  [ 00013e78 ] 000000c2          *   rts55x.lib : fflush.obj (.text)
                   00027db2  [ 00013ed9 ] 000000bf          *              : modf.obj (.text)
                   00027e71  [ 00013f38+] 000000ba          *              : trgmsg.obj (.text:CIO_breakpoint)
                   00027f2b  [ 00013f95+] 000000a6          *              : fputc.obj (.text)
                   00027fd1  [ 00013fe8+] 000000a1          *              : divul.obj (.text)
                   00028072  [ 00014039 ] 0000008e          *   ezdsp5535bsl.lib : ezdsp5535_i2c.obj (.text)
                   00028100  [ 00014080 ] 0000008c          *   cslVC5505.lib : csl_irqplug.obj (.text)
                   0002818c  [ 000140c6 ] 00000087          *   ezdsp5535bsl.lib : ezdsp5535_gpio.obj (.text)
                   00028213  [ 00014109+] 0000007d          *   rts55x.lib : ltoa.obj (.text)
                   00028290  [ 00014148 ] 0000007b          *              : fclose.obj (.text)
                   0002830b  [ 00014185+] 00000076          *              : frcmpyd.obj (.text)
                   00028381  [ 000141c0+] 00000073          *              : frcmpyd_div.obj (.text)
                   000283f4  [ 000141fa ] 00000072          *              : remul.obj (.text)
                   00028466  [ 00014233 ] 0000006f          *              : fixdli.obj (.text)
                   000284d5  [ 0001426a+] 0000006d          *   cslVC5505.lib : vectors.obj (.text)
                   00028542  [ 000142a1 ] 0000006d          *   rts55x.lib : trgmsg.obj (.text)
                   000285af  [ 000142d7+] 0000006b          *              : fseek.obj (.text)
                   0002861a  [ 0001430d ] 00000067          *              : fltlid.obj (.text)
                   00028681  [ 00014340+] 0000005f          *              : round.obj (.text)
                   000286e0  [ 00014370 ] 0000005c          *              : atoi.obj (.text)
                   0002873c  [ 0001439e ] 00000054          *   ezdsp5535bsl.lib : ezdsp5535.obj (.text)
                   00028790  [ 000143c8 ] 00000050          *   rts55x.lib : printf.obj (.text)
                   000287e0  [ 000143f0 ] 0000004d          *              : autoinit.obj (.text)
                   0002882d  [ 00014416+] 0000004b          *              : args_main.obj (.text)
                   00028878  [ 0001443c ] 0000004b          *              : remli.obj (.text)
                   000288c3  [ 00014461+] 00000048          *              : divli.obj (.text)
                   0002890b  [ 00014485+] 00000041          *              : trunc.obj (.text)
                   0002894c  [ 000144a6 ] 0000003f          *              : memcpy.obj (.text)
                   0002898b  [ 000144c5+] 0000003e          *              : exit.obj (.text)
                   000289c9  [ 000144e4+] 00000034          *              : boot.obj (.text)
                   000289fd  [ 000144fe+] 0000002a          *              : fixdi.obj (.text)
                   00028a27  [ 00014513+] 0000002a          *              : udiv.obj (.text)
                   00028a51  [ 00014528+] 00000023          *              : memccpy.obj (.text)
                   00028a74  [ 0001453a ] 0000001a          *              : isinf.obj (.text)
                   00028a8e  [ 00014547 ] 00000014          *              : subd.obj (.text)
                   00028aa2  [ 00014551 ] 00000013          *              : lmpy.obj (.text)
                   00028ab5  [ 0001455a+] 00000012          *              : _lock.obj (.text)
                   00028ac7  [ 00014563+] 00000010          *              : negd.obj (.text)
                   00028ad7  [ 0001456b+] 0000000c          *              : fltid.obj (.text)
                   00028ae3  [ 00014571+] 0000000a          *              : remove.obj (.text)
                   00028aed  [ 00014576+] 00000007          *              : exit.obj (.text:CIO_breakpoint)
                   00028af4  [ 0001457a ] 00000002          *              : vectors.obj (.text)
                   00028af6  [ 0001457b ] 00000001          *   --HOLE-- [fill = 20]

.cinit       0   [ 00040000 ]  00020000          *   00000294   
                 [ 00040000 ]  00020000          *   00000208   sine_table.obj (.cinit)
                 [ 00040410 ]  00020208          *   0000002d   rts55x.lib : lowlev.obj (.cinit)
                 [ 0004046a ]  00020235          *   0000002a              : defs.obj (.cinit)
                 [ 000404be ]  0002025f          *   0000000c   ezdsp5535bsl.lib : ezdsp5535_sar.obj (.cinit)
                 [ 000404d6 ]  0002026b          *   0000000a   rts55x.lib : _lock.obj (.cinit)
                 [ 000404ea ]  00020275          *   0000000a              : exit.obj (.cinit)
                 [ 000404fe ]  0002027f          *   00000008   cslVC5505.lib : csl_i2s.obj (.cinit)
                 [ 0004050e ]  00020287          *   00000004   rts55x.lib : errno.obj (.cinit)
                 [ 00040516 ]  0002028b          *   00000004              : fopen.obj (.cinit)
                 [ 0004051e ]  0002028f          *   00000004              : memory.obj (.cinit)
                 [ 00040526 ]  00020293          *   00000001   --HOLE-- [fill = 0]

.cio         0   [ 00040528 ]  00020294          *   00000120   UNINITIALIZED
                 [ 00040528 ]  00020294          *   00000120   rts55x.lib : trgmsg.obj (.cio)

.switch      0   [ 00040768 ]  000203b4          *   00000014   
                 [ 00040768 ]  000203b4          *   00000014   print_number.obj (.switch:_printChar)

vectors      0     0004fe00  [ 00027f00 ] 00000200          *   
                   0004fe00  [ 00027f00 ] 00000100          *   cslVC5505.lib : vectors.obj (vectors)
                   0004ff00  [ 00027f80 ] 00000100          *   rts55x.lib : vectors.obj (vectors)


GLOBAL SYMBOLS: SORTED ALPHABETICALLY BY Name 

abs. value/
byte addr   word addr   name
---------   ---------   ----
00000002                $TI_capability$C5500$CallingConvention
00000002                $TI_capability$C5500$MemoryModel
00000001                $TI_capability_requires_rev3
ffffffff                .bss
ffffffff                .data
ffffffff                .text
00028aee                C$$EXIT
00027f26                C$$IO$$
00028aa2                I$$LMPY
00028a27                I$$UDIV
00028a3c                I$$UMOD
0004fe00                RST
00027c2d                _AIC3204_rget
00027c78                _AIC3204_rset
            00002868    _DMA_InputL
            00002968    _DMA_InputR
            00002a68    _DMA_OutputL
            00002b68    _DMA_OutputR
000281f5                _EZDSP5535_GPIO_getInput
0002818c                _EZDSP5535_GPIO_init
000281b7                _EZDSP5535_GPIO_setDirection
000281db                _EZDSP5535_GPIO_setOutput
00028072                _EZDSP5535_I2C_init
000280d8                _EZDSP5535_I2C_read
000280a7                _EZDSP5535_I2C_reset
000280b2                _EZDSP5535_I2C_write
000277ce                _EZDSP5535_I2S_close
000276d9                _EZDSP5535_I2S_init
00027732                _EZDSP5535_I2S_readLeft
00027791                _EZDSP5535_I2S_readRight
00027764                _EZDSP5535_I2S_writeLeft
000277b2                _EZDSP5535_I2S_writeRight
0002704a                _EZDSP5535_OSD9616_init
00026fff                _EZDSP5535_OSD9616_multiSend
0002712c                _EZDSP5535_OSD9616_printLetter
00026fd7                _EZDSP5535_OSD9616_send
0002722f                _EZDSP5535_SAR_getKey
00027169                _EZDSP5535_SAR_init
00028782                _EZDSP5535_init
0002873c                _EZDSP5535_wait
00028770                _EZDSP5535_waitusec
00023bd6                _GPIO_clearInt
0002372f                _GPIO_close
00023753                _GPIO_config
00023986                _GPIO_configBit
00023ace                _GPIO_disableInt
00023b4c                _GPIO_enableInt
000237d8                _GPIO_getConfig
000236eb                _GPIO_open
00023860                _GPIO_read
00023ce9                _GPIO_reset
00023c62                _GPIO_statusBit
000238e3                _GPIO_write
            00003318    _GpioObj
0002528e                _HOSTclock
00025223                _HOSTclose
0002516e                _HOSTlseek
000250cf                _HOSTopen
00025042                _HOSTread
00024f94                _HOSTrename
00024f36                _HOSTtime
00024ecc                _HOSTunlink
00024e3f                _HOSTwrite
0002164d                _I2C_config
00022018                _I2C_eventDisable
00021ee4                _I2C_eventEnable
000217b2                _I2C_getConfig
000221c4                _I2C_getEventId
000215a4                _I2C_init
00021cc6                _I2C_read
00022137                _I2C_setCallback
00021888                _I2C_setup
00021a82                _I2C_write
0002312d                _I2S_close
00022cf8                _I2S_open
000231df                _I2S_read
000235ef                _I2S_reset
00022e3f                _I2S_setup
000236a0                _I2S_transEnable
00023499                _I2S_write
000243c7                _IRQ_clear
00024431                _IRQ_clearAll
00024441                _IRQ_config
00024567                _IRQ_disable
000245e5                _IRQ_disableAll
000245f3                _IRQ_enable
000246ed                _IRQ_getArg
000244d4                _IRQ_getConfig
0002483b                _IRQ_globalDisable
00024854                _IRQ_globalEnable
0002486d                _IRQ_globalRestore
0002432d                _IRQ_init
00024766                _IRQ_map
00028100                _IRQ_plug
0002467d                _IRQ_restore
00024733                _IRQ_setArg
00024798                _IRQ_setVecs
000247c9                _IRQ_test
0004ff00                _Reset
00022763                _SAR_A2DMeasParamSet
00022bdd                _SAR_GPODirSet
000222da                _SAR_chanClose
0002235e                _SAR_chanConfig
0002265a                _SAR_chanCycSet
0002225d                _SAR_chanInit
00022278                _SAR_chanOpen
00022446                _SAR_chanSetup
0002223d                _SAR_deInit
000223d4                _SAR_getConfig
00022cb9                _SAR_getStatus
000221e0                _SAR_init
00022722                _SAR_readData
000226a9                _SAR_startConversion
000226db                _SAR_stopConversion
            0000330e    _SarHandle
            0000330a    _SarObj
0004fe00                _VECSTART
            00020294    __CIOBUF_
000242d4                __I2S_init
            00001060    __STACK_END
00002000                __STACK_SIZE
00002000                __SYSMEM_SIZE
00001000                __SYSSTACK_SIZE
00000001                __TI_args_main
ffffffff                ___binit__
ffffffff                ___bss__
ffffffff                ___c_args__
            00020000    ___cinit__
ffffffff                ___data__
ffffffff                ___edata__
ffffffff                ___end__
ffffffff                ___etext__
00028a74                ___isinf
ffffffff                ___pinit__
ffffffff                ___text__
00026958                __addd
0002882d                __args_main
0002659c                __cleanup
            00003320    __cleanup_ptr
00026f7f                __cmpd
            0000349a    __ctypes_
000257a1                __divd
000288c3                __divli
00026923                __divlli
00028a27                __divu
00027fd1                __divul
0002682f                __divull
00027cf0                __doflush
            00003322    __dtors_ptr
00026f4b                __eqld
000289fd                __fixdi
00028466                __fixdli
00028ad7                __fltid
0002861a                __fltlid
0002830b                __frcmpyd
00028381                __frcmpyd_div
            00003106    __ft_end
            00002fee    __ftable
00026f01                __geqd
00026eb6                __gtrd
00026e69                __leqd
            0000331c    __lock
00026e21                __lssd
00027446                __mpyd
00028aa2                __mpyli
00026777                __mpylli
00028ac7                __negd
00026ded                __neqd
00028ac5                __nop
00028681                __nround
00021362                __printfi
00027a38                __rd_ok
00028abd                __register_lock
00028ab5                __register_unlock
00028878                __remli
00026748                __remlli
00028a3c                __remu
000283f4                __remul
000266fa                __remull
            00000060    __stack
00028a8e                __subd
            00001860    __sys_memory
            00001060    __sysstack
            00003066    __tmpnams
0002890b                __trunc
            0000331e    __unlock
000279b8                __wrt_ok
00028aed                _abort
00024cd4                _add_device
00027cc5                _aic3204_codec_read
00027cdc                _aic3204_codec_write
00027cb4                _aic3204_disable
00025e8e                _aic3204_dma_init
00027ca2                _aic3204_hardware_init
00023d78                _aic3204_init
00026019                _aic3204_read_block
000260ce                _aic3204_write_block
000286e0                _atoi
000287e0                _auto_init
            00002e6c    _bufferL
            00002eec    _bufferR
000289c9                _c_int00
0002577b                _calloc
00025773                _chkheap
00026247                _clearLCD
00024c61                _close
            0000359b    _consolas_8ptBitmaps
            00002e6a    _counter1
            00002e6b    _counter2
            00002fed    _errno
0002898b                _exit
00028290                _fclose
00027d59                _fflush
00024c58                _find_registered_device
00026bb2                _fmod
000266bf                _fopen
00027f2b                _fputc
000272e3                _fputs
000252ec                _free
0002571d                _free_memory
000265f6                _freopen
00027b61                _frexp
            000032f5    _fsError
000285af                _fseek
            000032f8    _gI2cObj
00027592                _gen_sinus_table
00024dc4                _getenv
            0000331a    _hGpio
            00003324    _hI2s
            00003308    _i2cHandle
000261a9                _initPrintNumber
            00003310    _keyCnt1
            00003311    _keyCnt2
000277e0                _ldexp
00024bf2                _lseek
00028213                _ltoa
00025b6d                _main
0002541d                _malloc
000256c3                _max_free
00028a51                _memccpy
0002894c                _memcpy
000253b8                _minit
00027db2                _modf
            00002f6c    _noiseBuffer
00024b33                _open
            000032f6    _ouError
            00002e68    _p_sine_table
            0000330d    _preKey
00026315                _printChar
00028790                _printf
00027f2b                _putc
00027fc2                _putchar
00027418                _puts
00024a85                _read
00028542                _readmsg
00025512                _realloc
00028ae3                _remove
00024a4f                _remove_device
000249f6                _rename
000262f3                _setWritePointerToFirstChar
00023f69                _set_sampling_frequency_and_gain
000278d2                _setvbuf
            000035fb    _sign_width
            00002c68    _sine_table
000249c3                _unlink
00024881                _write
00027e71                _writemsg
ffffffff                binit
            00020000    cinit
ffffffff                edata
ffffffff                end
ffffffff                etext
ffffffff                pinit


GLOBAL SYMBOLS: SORTED BY Symbol Address 

abs. value/
byte addr   word addr   name
---------   ---------   ----
00000001                $TI_capability_requires_rev3
00000001                __TI_args_main
00000002                $TI_capability$C5500$CallingConvention
00000002                $TI_capability$C5500$MemoryModel
            00000060    __stack
00001000                __SYSSTACK_SIZE
00002000                __STACK_SIZE
00002000                __SYSMEM_SIZE
            00001060    __STACK_END
            00001060    __sysstack
            00001860    __sys_memory
            00002868    _DMA_InputL
            00002968    _DMA_InputR
            00002a68    _DMA_OutputL
            00002b68    _DMA_OutputR
            00002c68    _sine_table
            00002e68    _p_sine_table
            00002e6a    _counter1
            00002e6b    _counter2
            00002e6c    _bufferL
            00002eec    _bufferR
            00002f6c    _noiseBuffer
            00002fed    _errno
            00002fee    __ftable
            00003066    __tmpnams
            00003106    __ft_end
            000032f5    _fsError
            000032f6    _ouError
            000032f8    _gI2cObj
            00003308    _i2cHandle
            0000330a    _SarObj
            0000330d    _preKey
            0000330e    _SarHandle
            00003310    _keyCnt1
            00003311    _keyCnt2
            00003318    _GpioObj
            0000331a    _hGpio
            0000331c    __lock
            0000331e    __unlock
            00003320    __cleanup_ptr
            00003322    __dtors_ptr
            00003324    _hI2s
            0000349a    __ctypes_
            0000359b    _consolas_8ptBitmaps
            000035fb    _sign_width
00021362                __printfi
000215a4                _I2C_init
0002164d                _I2C_config
000217b2                _I2C_getConfig
00021888                _I2C_setup
00021a82                _I2C_write
00021cc6                _I2C_read
00021ee4                _I2C_eventEnable
00022018                _I2C_eventDisable
00022137                _I2C_setCallback
000221c4                _I2C_getEventId
000221e0                _SAR_init
0002223d                _SAR_deInit
0002225d                _SAR_chanInit
00022278                _SAR_chanOpen
000222da                _SAR_chanClose
0002235e                _SAR_chanConfig
000223d4                _SAR_getConfig
00022446                _SAR_chanSetup
0002265a                _SAR_chanCycSet
000226a9                _SAR_startConversion
000226db                _SAR_stopConversion
00022722                _SAR_readData
00022763                _SAR_A2DMeasParamSet
00022bdd                _SAR_GPODirSet
00022cb9                _SAR_getStatus
00022cf8                _I2S_open
00022e3f                _I2S_setup
0002312d                _I2S_close
000231df                _I2S_read
00023499                _I2S_write
000235ef                _I2S_reset
000236a0                _I2S_transEnable
000236eb                _GPIO_open
0002372f                _GPIO_close
00023753                _GPIO_config
000237d8                _GPIO_getConfig
00023860                _GPIO_read
000238e3                _GPIO_write
00023986                _GPIO_configBit
00023ace                _GPIO_disableInt
00023b4c                _GPIO_enableInt
00023bd6                _GPIO_clearInt
00023c62                _GPIO_statusBit
00023ce9                _GPIO_reset
00023d78                _aic3204_init
00023f69                _set_sampling_frequency_and_gain
000242d4                __I2S_init
0002432d                _IRQ_init
000243c7                _IRQ_clear
00024431                _IRQ_clearAll
00024441                _IRQ_config
000244d4                _IRQ_getConfig
00024567                _IRQ_disable
000245e5                _IRQ_disableAll
000245f3                _IRQ_enable
0002467d                _IRQ_restore
000246ed                _IRQ_getArg
00024733                _IRQ_setArg
00024766                _IRQ_map
00024798                _IRQ_setVecs
000247c9                _IRQ_test
0002483b                _IRQ_globalDisable
00024854                _IRQ_globalEnable
0002486d                _IRQ_globalRestore
00024881                _write
000249c3                _unlink
000249f6                _rename
00024a4f                _remove_device
00024a85                _read
00024b33                _open
00024bf2                _lseek
00024c58                _find_registered_device
00024c61                _close
00024cd4                _add_device
00024dc4                _getenv
00024e3f                _HOSTwrite
00024ecc                _HOSTunlink
00024f36                _HOSTtime
00024f94                _HOSTrename
00025042                _HOSTread
000250cf                _HOSTopen
0002516e                _HOSTlseek
00025223                _HOSTclose
0002528e                _HOSTclock
000252ec                _free
000253b8                _minit
0002541d                _malloc
00025512                _realloc
000256c3                _max_free
0002571d                _free_memory
00025773                _chkheap
0002577b                _calloc
000257a1                __divd
00025b6d                _main
00025e8e                _aic3204_dma_init
00026019                _aic3204_read_block
000260ce                _aic3204_write_block
000261a9                _initPrintNumber
00026247                _clearLCD
000262f3                _setWritePointerToFirstChar
00026315                _printChar
0002659c                __cleanup
000265f6                _freopen
000266bf                _fopen
000266fa                __remull
00026748                __remlli
00026777                __mpylli
0002682f                __divull
00026923                __divlli
00026958                __addd
00026bb2                _fmod
00026ded                __neqd
00026e21                __lssd
00026e69                __leqd
00026eb6                __gtrd
00026f01                __geqd
00026f4b                __eqld
00026f7f                __cmpd
00026fd7                _EZDSP5535_OSD9616_send
00026fff                _EZDSP5535_OSD9616_multiSend
0002704a                _EZDSP5535_OSD9616_init
0002712c                _EZDSP5535_OSD9616_printLetter
00027169                _EZDSP5535_SAR_init
0002722f                _EZDSP5535_SAR_getKey
000272e3                _fputs
00027418                _puts
00027446                __mpyd
00027592                _gen_sinus_table
000276d9                _EZDSP5535_I2S_init
00027732                _EZDSP5535_I2S_readLeft
00027764                _EZDSP5535_I2S_writeLeft
00027791                _EZDSP5535_I2S_readRight
000277b2                _EZDSP5535_I2S_writeRight
000277ce                _EZDSP5535_I2S_close
000277e0                _ldexp
000278d2                _setvbuf
000279b8                __wrt_ok
00027a38                __rd_ok
00027b61                _frexp
00027c2d                _AIC3204_rget
00027c78                _AIC3204_rset
00027ca2                _aic3204_hardware_init
00027cb4                _aic3204_disable
00027cc5                _aic3204_codec_read
00027cdc                _aic3204_codec_write
00027cf0                __doflush
00027d59                _fflush
00027db2                _modf
00027e71                _writemsg
00027f26                C$$IO$$
00027f2b                _fputc
00027f2b                _putc
00027fc2                _putchar
00027fd1                __divul
00028072                _EZDSP5535_I2C_init
000280a7                _EZDSP5535_I2C_reset
000280b2                _EZDSP5535_I2C_write
000280d8                _EZDSP5535_I2C_read
00028100                _IRQ_plug
0002818c                _EZDSP5535_GPIO_init
000281b7                _EZDSP5535_GPIO_setDirection
000281db                _EZDSP5535_GPIO_setOutput
000281f5                _EZDSP5535_GPIO_getInput
00028213                _ltoa
00028290                _fclose
0002830b                __frcmpyd
00028381                __frcmpyd_div
000283f4                __remul
00028466                __fixdli
00028542                _readmsg
000285af                _fseek
0002861a                __fltlid
00028681                __nround
000286e0                _atoi
0002873c                _EZDSP5535_wait
00028770                _EZDSP5535_waitusec
00028782                _EZDSP5535_init
00028790                _printf
000287e0                _auto_init
0002882d                __args_main
00028878                __remli
000288c3                __divli
0002890b                __trunc
0002894c                _memcpy
0002898b                _exit
000289c9                _c_int00
000289fd                __fixdi
00028a27                I$$UDIV
00028a27                __divu
00028a3c                I$$UMOD
00028a3c                __remu
00028a51                _memccpy
00028a74                ___isinf
00028a8e                __subd
00028aa2                I$$LMPY
00028aa2                __mpyli
00028ab5                __register_unlock
00028abd                __register_lock
00028ac5                __nop
00028ac7                __negd
00028ad7                __fltid
00028ae3                _remove
00028aed                _abort
00028aee                C$$EXIT
            00020000    ___cinit__
            00020000    cinit
            00020294    __CIOBUF_
0004fe00                RST
0004fe00                _VECSTART
0004ff00                _Reset
ffffffff                .bss
ffffffff                .data
ffffffff                .text
ffffffff                ___binit__
ffffffff                ___bss__
ffffffff                ___c_args__
ffffffff                ___data__
ffffffff                ___edata__
ffffffff                ___end__
ffffffff                ___etext__
ffffffff                ___pinit__
ffffffff                ___text__
ffffffff                binit
ffffffff                edata
ffffffff                end
ffffffff                etext
ffffffff                pinit

[273 symbols]
