******************************************************************************
              TMS320C55x Linker PC v4.4.1                      
******************************************************************************
>> Linked Mon Dec 11 23:29:28 2017

OUTPUT FILE NAME:   <NoiseGenerator.out>
ENTRY POINT SYMBOL: "_c_int00"  address: 0002805c


MEMORY CONFIGURATION

         name            origin    length      used     unused   attr    fill
                        (bytes)   (bytes)    (bytes)   (bytes)
----------------------  --------  ---------  --------  --------  ----  --------
PAGE 0:
  MMR                   00000000   000000c0  00000000  000000c0  RWIX
  DARAM0                000000c0   0000ff40  000066e6  0000985a  RWIX
  SARAM0                00010000   00010000  00000000  00010000  RWIX
  SARAM1                00020000   00020000  00008191  00017e6f  RWIX
  SARAM2                00040000   0000fe00  0000038a  0000fa76  RWIX
  VECS                  0004fe00   00000200  00000200  00000000  RWIX
  PDROM                 00ff8000   00008000  00000000  00008000  R IX

PAGE 2:
  IOPORT                00000000   00020000  00000000  00020000  RWI 


SECTION ALLOCATION MAP
(Addresses surrounded by []'s are displayed for convenience only!)

output                                                          attributes/
section   page  orgn(bytes) orgn(words) len(bytes) len(words)   input sections
--------  ----  ----------- ----------- ---------- ----------   --------------
.pinit       0   [ 00040000 ]  00020000          *   00000000   UNINITIALIZED

.stack       0   [ 000000c0 ]  00000060          *   00001000   UNINITIALIZED
                 [ 000000c0 ]  00000060          *   00001000   --HOLE--

.data        0   [ 000000c0 ]  00000060          *   00000000   UNINITIALIZED

.sysstack 
*            0   [ 000020c0 ]  00001060          *   00000800   UNINITIALIZED
                 [ 000020c0 ]  00001060          *   00000800   --HOLE--

.sysmem      0   [ 000030c0 ]  00001860          *   00001000   UNINITIALIZED
                 [ 000030c0 ]  00001860          *   00001000   --HOLE--

.bss.1       0   [ 000050c0 ]  00002860          *   00000813   UNINITIALIZED
                 [ 000050c0 ]  00002860          *   00000408   ezdsp5535_aic3204_dma.obj (.bss)
                 [ 000058d0 ]  00002c68          *   00000119   rts55x.lib : defs.obj (.bss)
                 [ 00005b02 ]  00002d81          *   00000002   aic3204.obj (.bss)
                 [ 00005b06 ]  00002d83          *   00000001   rts55x.lib : fopen.obj (.bss)
                 [ 00005b08 ]  00002d84          *   00000100   main.obj (.bss)
                 [ 00005d08 ]  00002e84          *   000000d0   rts55x.lib : trgdrv.obj (.bss)
                 [ 00005ea8 ]  00002f54          *   00000084   cslVC5505.lib : csl_intc.obj (.bss)
                 [ 00005fb0 ]  00002fd8          *   00000071   rts55x.lib : lowlev.obj (.bss)
                 [ 00006092 ]  00003049          *   0000002a   cslVC5505.lib : csl_i2s.obj (.bss)

.bss.2       0   [ 000060e8 ]  00003074          *   00000032   UNINITIALIZED
                 [ 000060e8 ]  00003074          *   00000012   cslVC5505.lib : csl_i2c.obj (.bss)
                 [ 0000610c ]  00003086          *   00000008   ezdsp5535bsl.lib : ezdsp5535_sar.obj (.bss)
                 [ 0000611c ]  0000308e          *   00000006   rts55x.lib : memory.obj (.bss)
                 [ 00006128 ]  00003094          *   00000004   ezdsp5535bsl.lib : ezdsp5535_gpio.obj (.bss)
                 [ 00006130 ]  00003098          *   00000004   rts55x.lib : _lock.obj (.bss)
                 [ 00006138 ]  0000309c          *   00000004              : exit.obj (.bss)
                 [ 00006140 ]  000030a0          *   00000004   sine_table.obj (.bss)
                 [ 00006148 ]  000030a4          *   00000002   ezdsp5535bsl.lib : ezdsp5535_i2s.obj (.bss)

.const       0   [ 0000614c ]  000030a6          *   0000032e   
                 [ 0000614c ]  000030a6          *   00000174   aic3204_init.obj (.const:.string)
                 [ 00006434 ]  0000321a          *   00000101   rts55x.lib : ctype.obj (.const:__ctypes_)
                 [ 00006636 ]  0000331b          *   00000060   print_number.obj (.const:_consolas_8ptBitmaps)
                 [ 000066f6 ]  0000337b          *   00000001   print_number.obj (.const)
                 [ 000066f8 ]  0000337c          *   00000024   rts55x.lib : _printfi.obj (.const:.string)
                 [ 00006740 ]  000033a0          *   0000001c   main.obj (.const:.string)
                 [ 00006778 ]  000033bc          *   0000000c   rts55x.lib : _printfi.obj (.const)
                 [ 00006790 ]  000033c8          *   00000008              : divd.obj (.const:_initial_approx$1)
                 [ 000067a0 ]  000033d0          *   00000002              : fputs.obj (.const:.string)
                 [ 000067a4 ]  000033d2          *   00000002              : fltlid.obj (.const)

.text        0     00020000  [ 00010000 ] 00008191          *   
                   00020000  [ 00010000 ] 000015a4          *   rts55x.lib : _printfi.obj (.text)
                   000215a4  [ 00010ad2 ] 00000c3c          *   cslVC5505.lib : csl_i2c.obj (.text)
                   000221e0  [ 000110f0 ] 00000b18          *                 : csl_sar.obj (.text)
                   00022cf8  [ 0001167c ] 000009f3          *                 : csl_i2s.obj (.text)
                   000236eb  [ 00011b75+] 0000068d          *                 : csl_gpio.obj (.text)
                   00023d78  [ 00011ebc ] 000005b5          *   aic3204_init.obj (.text)
                   0002432d  [ 00012196+] 00000554          *   cslVC5505.lib : csl_intc.obj (.text)
                   00024881  [ 00012440+] 00000543          *   rts55x.lib : lowlev.obj (.text)
                   00024dc4  [ 000126e2 ] 00000528          *              : trgdrv.obj (.text)
                   000252ec  [ 00012976 ] 000004b5          *              : memory.obj (.text)
                   000257a1  [ 00012bd0+] 000003cc          *              : divd.obj (.text)
                   00025b6d  [ 00012db6+] 0000031b          *   ezdsp5535_aic3204_dma.obj (.text)
                   00025e88  [ 00012f44 ] 000002d2          *   print_number.obj (.text)
                   0002615a  [ 000130ad ] 0000027f          *   rts55x.lib : fopen.obj (.text)
                   000263d9  [ 000131ec+] 0000025e          *              : llmpy.obj (.text)
                   00026637  [ 0001331b+] 0000025a          *              : addd.obj (.text)
                   00026891  [ 00013448+] 000001ea          *              : cmpd.obj (.text)
                   00026a7b  [ 0001353d+] 00000192          *   ezdsp5535bsl.lib : ezdsp5535_lcd.obj (.text)
                   00026c0d  [ 00013606+] 0000017a          *                    : ezdsp5535_sar.obj (.text)
                   00026d87  [ 000136c3+] 00000163          *   rts55x.lib : fputs.obj (.text)
                   00026eea  [ 00013775 ] 0000014c          *              : mpyd.obj (.text)
                   00027036  [ 0001381b ] 00000107          *   ezdsp5535bsl.lib : ezdsp5535_i2s.obj (.text)
                   0002713d  [ 0001389e+] 000000e6          *   rts55x.lib : setvbuf.obj (.text)
                   00027223  [ 00013911+] 000000dd          *              : _io_perm.obj (.text)
                   00027300  [ 00013980 ] 000000cc          *   ezdsp5535_aic3204_dma.obj (.text:retain)
                   000273cc  [ 000139e6 ] 000000c3          *   aic3204.obj (.text)
                   0002748f  [ 00013a47+] 000000c2          *   rts55x.lib : fflush.obj (.text)
                   00027551  [ 00013aa8+] 000000ba          *              : trgmsg.obj (.text:CIO_breakpoint)
                   0002760b  [ 00013b05+] 000000a6          *              : fputc.obj (.text)
                   000276b1  [ 00013b58+] 000000a1          *              : divul.obj (.text)
                   00027752  [ 00013ba9 ] 0000008e          *   ezdsp5535bsl.lib : ezdsp5535_i2c.obj (.text)
                   000277e0  [ 00013bf0 ] 0000008c          *   cslVC5505.lib : csl_irqplug.obj (.text)
                   0002786c  [ 00013c36 ] 00000087          *   ezdsp5535bsl.lib : ezdsp5535_gpio.obj (.text)
                   000278f3  [ 00013c79+] 0000007d          *   rts55x.lib : ltoa.obj (.text)
                   00027970  [ 00013cb8 ] 0000007b          *              : fclose.obj (.text)
                   000279eb  [ 00013cf5+] 00000076          *              : frcmpyd.obj (.text)
                   00027a61  [ 00013d30+] 00000073          *              : frcmpyd_div.obj (.text)
                   00027ad4  [ 00013d6a ] 00000072          *              : remul.obj (.text)
                   00027b46  [ 00013da3 ] 0000006f          *              : fixdli.obj (.text)
                   00027bb5  [ 00013dda+] 0000006d          *   cslVC5505.lib : vectors.obj (.text)
                   00027c22  [ 00013e11 ] 0000006d          *   rts55x.lib : trgmsg.obj (.text)
                   00027c8f  [ 00013e47+] 0000006b          *              : fseek.obj (.text)
                   00027cfa  [ 00013e7d ] 00000067          *              : fltlid.obj (.text)
                   00027d61  [ 00013eb0+] 0000005c          *              : atoi.obj (.text)
                   00027dbd  [ 00013ede+] 00000054          *   ezdsp5535bsl.lib : ezdsp5535.obj (.text)
                   00027e11  [ 00013f08+] 00000053          *   main.obj (.text)
                   00027e64  [ 00013f32 ] 00000050          *   rts55x.lib : printf.obj (.text)
                   00027eb4  [ 00013f5a ] 0000004d          *              : autoinit.obj (.text)
                   00027f01  [ 00013f80+] 0000004b          *              : args_main.obj (.text)
                   00027f4c  [ 00013fa6 ] 0000004b          *              : remli.obj (.text)
                   00027f97  [ 00013fcb+] 00000048          *              : divli.obj (.text)
                   00027fdf  [ 00013fef+] 0000003f          *              : memcpy.obj (.text)
                   0002801e  [ 0001400f ] 0000003e          *              : exit.obj (.text)
                   0002805c  [ 0001402e ] 00000034          *              : boot.obj (.text)
                   00028090  [ 00014048 ] 0000002a          *              : fixdi.obj (.text)
                   000280ba  [ 0001405d ] 0000002a          *              : udiv.obj (.text)
                   000280e4  [ 00014072 ] 00000023          *              : memccpy.obj (.text)
                   00028107  [ 00014083+] 0000001a          *              : isinf.obj (.text)
                   00028121  [ 00014090+] 00000014          *              : subd.obj (.text)
                   00028135  [ 0001409a+] 00000013          *   gen_sinus.obj (.text)
                   00028148  [ 000140a4 ] 00000013          *   rts55x.lib : lmpy.obj (.text)
                   0002815b  [ 000140ad+] 00000012          *              : _lock.obj (.text)
                   0002816d  [ 000140b6+] 00000010          *              : negd.obj (.text)
                   0002817d  [ 000140be+] 0000000a          *              : remove.obj (.text)
                   00028187  [ 000140c3+] 00000007          *              : exit.obj (.text:CIO_breakpoint)
                   0002818e  [ 000140c7 ] 00000002          *              : vectors.obj (.text)
                   00028190  [ 000140c8 ] 00000001          *   --HOLE-- [fill = 20]

.cio         0   [ 00040000 ]  00020000          *   00000120   UNINITIALIZED
                 [ 00040000 ]  00020000          *   00000120   rts55x.lib : trgmsg.obj (.cio)

.cinit       0   [ 00040240 ]  00020120          *   00000091   
                 [ 00040240 ]  00020120          *   0000002d   rts55x.lib : lowlev.obj (.cinit)
                 [ 0004029a ]  0002014d          *   0000002a              : defs.obj (.cinit)
                 [ 000402ee ]  00020177          *   0000000c   ezdsp5535bsl.lib : ezdsp5535_sar.obj (.cinit)
                 [ 00040306 ]  00020183          *   0000000a   rts55x.lib : _lock.obj (.cinit)
                 [ 0004031a ]  0002018d          *   0000000a              : exit.obj (.cinit)
                 [ 0004032e ]  00020197          *   00000009   sine_table.obj (.cinit)
                 [ 00040340 ]  000201a0          *   00000008   cslVC5505.lib : csl_i2s.obj (.cinit)
                 [ 00040350 ]  000201a8          *   00000004   rts55x.lib : fopen.obj (.cinit)
                 [ 00040358 ]  000201ac          *   00000004              : memory.obj (.cinit)
                 [ 00040360 ]  000201b0          *   00000001   --HOLE-- [fill = 0]

.switch      0   [ 00040364 ]  000201b2          *   00000014   
                 [ 00040364 ]  000201b2          *   00000014   print_number.obj (.switch:_printChar)

vectors      0     0004fe00  [ 00027f00 ] 00000200          *   
                   0004fe00  [ 00027f00 ] 00000100          *   cslVC5505.lib : vectors.obj (vectors)
                   0004ff00  [ 00027f80 ] 00000100          *   rts55x.lib : vectors.obj (vectors)


GLOBAL SYMBOLS: SORTED ALPHABETICALLY BY Name 

abs. value/
byte addr   word addr   name
---------   ---------   ----
00000002                $TI_capability$C5500$CallingConvention
00000002                $TI_capability$C5500$MemoryModel
00000001                $TI_capability_requires_rev3
ffffffff                .bss
ffffffff                .data
ffffffff                .text
00028188                C$$EXIT
00027606                C$$IO$$
00028148                I$$LMPY
000280ba                I$$UDIV
000280cf                I$$UMOD
0004fe00                RST
000273cc                _AIC3204_rget
00027417                _AIC3204_rset
            00002868    _DMA_InputL
            00002968    _DMA_InputR
            00002a68    _DMA_OutputL
            00002b68    _DMA_OutputR
000278d5                _EZDSP5535_GPIO_getInput
0002786c                _EZDSP5535_GPIO_init
00027897                _EZDSP5535_GPIO_setDirection
000278bb                _EZDSP5535_GPIO_setOutput
00027752                _EZDSP5535_I2C_init
000277b8                _EZDSP5535_I2C_read
00027787                _EZDSP5535_I2C_reset
00027792                _EZDSP5535_I2C_write
0002712b                _EZDSP5535_I2S_close
00027036                _EZDSP5535_I2S_init
0002708f                _EZDSP5535_I2S_readLeft
000270ee                _EZDSP5535_I2S_readRight
000270c1                _EZDSP5535_I2S_writeLeft
0002710f                _EZDSP5535_I2S_writeRight
00026aee                _EZDSP5535_OSD9616_init
00026aa3                _EZDSP5535_OSD9616_multiSend
00026bd0                _EZDSP5535_OSD9616_printLetter
00026a7b                _EZDSP5535_OSD9616_send
00026cd3                _EZDSP5535_SAR_getKey
00026c0d                _EZDSP5535_SAR_init
00027e03                _EZDSP5535_init
00027dbd                _EZDSP5535_wait
00027df1                _EZDSP5535_waitusec
00023bd6                _GPIO_clearInt
0002372f                _GPIO_close
00023753                _GPIO_config
00023986                _GPIO_configBit
00023ace                _GPIO_disableInt
00023b4c                _GPIO_enableInt
000237d8                _GPIO_getConfig
000236eb                _GPIO_open
00023860                _GPIO_read
00023ce9                _GPIO_reset
00023c62                _GPIO_statusBit
000238e3                _GPIO_write
            00003094    _GpioObj
0002528e                _HOSTclock
00025223                _HOSTclose
0002516e                _HOSTlseek
000250cf                _HOSTopen
00025042                _HOSTread
00024f94                _HOSTrename
00024f36                _HOSTtime
00024ecc                _HOSTunlink
00024e3f                _HOSTwrite
0002164d                _I2C_config
00022018                _I2C_eventDisable
00021ee4                _I2C_eventEnable
000217b2                _I2C_getConfig
000221c4                _I2C_getEventId
000215a4                _I2C_init
00021cc6                _I2C_read
00022137                _I2C_setCallback
00021888                _I2C_setup
00021a82                _I2C_write
0002312d                _I2S_close
00022cf8                _I2S_open
000231df                _I2S_read
000235ef                _I2S_reset
00022e3f                _I2S_setup
000236a0                _I2S_transEnable
00023499                _I2S_write
000243c7                _IRQ_clear
00024431                _IRQ_clearAll
00024441                _IRQ_config
00024567                _IRQ_disable
000245e5                _IRQ_disableAll
000245f3                _IRQ_enable
000246ed                _IRQ_getArg
000244d4                _IRQ_getConfig
0002483b                _IRQ_globalDisable
00024854                _IRQ_globalEnable
0002486d                _IRQ_globalRestore
0002432d                _IRQ_init
00024766                _IRQ_map
000277e0                _IRQ_plug
0002467d                _IRQ_restore
00024733                _IRQ_setArg
00024798                _IRQ_setVecs
000247c9                _IRQ_test
0004ff00                _Reset
00022763                _SAR_A2DMeasParamSet
00022bdd                _SAR_GPODirSet
000222da                _SAR_chanClose
0002235e                _SAR_chanConfig
0002265a                _SAR_chanCycSet
0002225d                _SAR_chanInit
00022278                _SAR_chanOpen
00022446                _SAR_chanSetup
0002223d                _SAR_deInit
000223d4                _SAR_getConfig
00022cb9                _SAR_getStatus
000221e0                _SAR_init
00022722                _SAR_readData
000226a9                _SAR_startConversion
000226db                _SAR_stopConversion
            0000308a    _SarHandle
            00003086    _SarObj
0004fe00                _VECSTART
            00020000    __CIOBUF_
000242d4                __I2S_init
            00001060    __STACK_END
00002000                __STACK_SIZE
00002000                __SYSMEM_SIZE
00001000                __SYSSTACK_SIZE
00000001                __TI_args_main
ffffffff                ___binit__
ffffffff                ___bss__
ffffffff                ___c_args__
            00020120    ___cinit__
ffffffff                ___data__
ffffffff                ___edata__
ffffffff                ___end__
ffffffff                ___etext__
00028107                ___isinf
ffffffff                ___pinit__
ffffffff                ___text__
00026637                __addd
00027f01                __args_main
0002627b                __cleanup
            0000309c    __cleanup_ptr
00026a23                __cmpd
            0000321a    __ctypes_
000257a1                __divd
00027f97                __divli
00026602                __divlli
000280ba                __divu
000276b1                __divul
0002650e                __divull
0002748f                __doflush
            0000309e    __dtors_ptr
000269ef                __eqld
00028090                __fixdi
00027b46                __fixdli
00027cfa                __fltlid
000279eb                __frcmpyd
00027a61                __frcmpyd_div
            00002d80    __ft_end
            00002c68    __ftable
000269a5                __geqd
0002695a                __gtrd
0002690d                __leqd
            00003098    __lock
000268c5                __lssd
00026eea                __mpyd
00028148                __mpyli
00026456                __mpylli
0002816d                __negd
00026891                __neqd
0002816b                __nop
00021362                __printfi
000272a3                __rd_ok
00028163                __register_lock
0002815b                __register_unlock
00027f4c                __remli
00026427                __remlli
000280cf                __remu
00027ad4                __remul
000263d9                __remull
            00000060    __stack
00028121                __subd
            00001860    __sys_memory
            00001060    __sysstack
            00002ce0    __tmpnams
            0000309a    __unlock
00027223                __wrt_ok
00028187                _abort
00024cd4                _add_device
00027464                _aic3204_codec_read
0002747b                _aic3204_codec_write
00027453                _aic3204_disable
00025b6d                _aic3204_dma_init
00027441                _aic3204_hardware_init
00023d78                _aic3204_init
00025cf8                _aic3204_read_block
00025dad                _aic3204_write_block
00027d61                _atoi
00027eb4                _auto_init
            00002d84    _bufferL
            00002e04    _bufferR
0002805c                _c_int00
0002577b                _calloc
00025773                _chkheap
00025f26                _clearLCD
00024c61                _close
            0000331b    _consolas_8ptBitmaps
            00002d81    _counter1
            00002d82    _counter2
0002801e                _exit
00027970                _fclose
000274f8                _fflush
00024c58                _find_registered_device
0002639e                _fopen
0002760b                _fputc
00026d87                _fputs
000252ec                _free
0002571d                _free_memory
000262d5                _freopen
            00003071    _fsError
00027c8f                _fseek
            00003074    _gI2cObj
00028135                _gen_sinus_table
00024dc4                _getenv
            00003096    _hGpio
            000030a4    _hI2s
            00003084    _i2cHandle
00025e88                _initPrintNumber
            0000308c    _keyCnt1
            0000308d    _keyCnt2
00024bf2                _lseek
000278f3                _ltoa
00027e11                _main
0002541d                _malloc
000256c3                _max_free
000280e4                _memccpy
00027fdf                _memcpy
000253b8                _minit
00024b33                _open
            00003072    _ouError
            000030a2    _p_sine_table
            00003089    _preKey
00025ff4                _printChar
00027e64                _printf
0002760b                _putc
000276a2                _putchar
00026ebc                _puts
00024a85                _read
00027c22                _readmsg
00025512                _realloc
0002817d                _remove
00024a4f                _remove_device
000249f6                _rename
00025fd2                _setWritePointerToFirstChar
00023f69                _set_sampling_frequency_and_gain
0002713d                _setvbuf
            0000337b    _sign_width
            000030a0    _sine_table
000249c3                _unlink
00024881                _write
00027551                _writemsg
ffffffff                binit
            00020120    cinit
ffffffff                edata
ffffffff                end
ffffffff                etext
ffffffff                pinit


GLOBAL SYMBOLS: SORTED BY Symbol Address 

abs. value/
byte addr   word addr   name
---------   ---------   ----
00000001                $TI_capability_requires_rev3
00000001                __TI_args_main
00000002                $TI_capability$C5500$CallingConvention
00000002                $TI_capability$C5500$MemoryModel
            00000060    __stack
00001000                __SYSSTACK_SIZE
00002000                __STACK_SIZE
00002000                __SYSMEM_SIZE
            00001060    __STACK_END
            00001060    __sysstack
            00001860    __sys_memory
            00002868    _DMA_InputL
            00002968    _DMA_InputR
            00002a68    _DMA_OutputL
            00002b68    _DMA_OutputR
            00002c68    __ftable
            00002ce0    __tmpnams
            00002d80    __ft_end
            00002d81    _counter1
            00002d82    _counter2
            00002d84    _bufferL
            00002e04    _bufferR
            00003071    _fsError
            00003072    _ouError
            00003074    _gI2cObj
            00003084    _i2cHandle
            00003086    _SarObj
            00003089    _preKey
            0000308a    _SarHandle
            0000308c    _keyCnt1
            0000308d    _keyCnt2
            00003094    _GpioObj
            00003096    _hGpio
            00003098    __lock
            0000309a    __unlock
            0000309c    __cleanup_ptr
            0000309e    __dtors_ptr
            000030a0    _sine_table
            000030a2    _p_sine_table
            000030a4    _hI2s
            0000321a    __ctypes_
            0000331b    _consolas_8ptBitmaps
            0000337b    _sign_width
00021362                __printfi
000215a4                _I2C_init
0002164d                _I2C_config
000217b2                _I2C_getConfig
00021888                _I2C_setup
00021a82                _I2C_write
00021cc6                _I2C_read
00021ee4                _I2C_eventEnable
00022018                _I2C_eventDisable
00022137                _I2C_setCallback
000221c4                _I2C_getEventId
000221e0                _SAR_init
0002223d                _SAR_deInit
0002225d                _SAR_chanInit
00022278                _SAR_chanOpen
000222da                _SAR_chanClose
0002235e                _SAR_chanConfig
000223d4                _SAR_getConfig
00022446                _SAR_chanSetup
0002265a                _SAR_chanCycSet
000226a9                _SAR_startConversion
000226db                _SAR_stopConversion
00022722                _SAR_readData
00022763                _SAR_A2DMeasParamSet
00022bdd                _SAR_GPODirSet
00022cb9                _SAR_getStatus
00022cf8                _I2S_open
00022e3f                _I2S_setup
0002312d                _I2S_close
000231df                _I2S_read
00023499                _I2S_write
000235ef                _I2S_reset
000236a0                _I2S_transEnable
000236eb                _GPIO_open
0002372f                _GPIO_close
00023753                _GPIO_config
000237d8                _GPIO_getConfig
00023860                _GPIO_read
000238e3                _GPIO_write
00023986                _GPIO_configBit
00023ace                _GPIO_disableInt
00023b4c                _GPIO_enableInt
00023bd6                _GPIO_clearInt
00023c62                _GPIO_statusBit
00023ce9                _GPIO_reset
00023d78                _aic3204_init
00023f69                _set_sampling_frequency_and_gain
000242d4                __I2S_init
0002432d                _IRQ_init
000243c7                _IRQ_clear
00024431                _IRQ_clearAll
00024441                _IRQ_config
000244d4                _IRQ_getConfig
00024567                _IRQ_disable
000245e5                _IRQ_disableAll
000245f3                _IRQ_enable
0002467d                _IRQ_restore
000246ed                _IRQ_getArg
00024733                _IRQ_setArg
00024766                _IRQ_map
00024798                _IRQ_setVecs
000247c9                _IRQ_test
0002483b                _IRQ_globalDisable
00024854                _IRQ_globalEnable
0002486d                _IRQ_globalRestore
00024881                _write
000249c3                _unlink
000249f6                _rename
00024a4f                _remove_device
00024a85                _read
00024b33                _open
00024bf2                _lseek
00024c58                _find_registered_device
00024c61                _close
00024cd4                _add_device
00024dc4                _getenv
00024e3f                _HOSTwrite
00024ecc                _HOSTunlink
00024f36                _HOSTtime
00024f94                _HOSTrename
00025042                _HOSTread
000250cf                _HOSTopen
0002516e                _HOSTlseek
00025223                _HOSTclose
0002528e                _HOSTclock
000252ec                _free
000253b8                _minit
0002541d                _malloc
00025512                _realloc
000256c3                _max_free
0002571d                _free_memory
00025773                _chkheap
0002577b                _calloc
000257a1                __divd
00025b6d                _aic3204_dma_init
00025cf8                _aic3204_read_block
00025dad                _aic3204_write_block
00025e88                _initPrintNumber
00025f26                _clearLCD
00025fd2                _setWritePointerToFirstChar
00025ff4                _printChar
0002627b                __cleanup
000262d5                _freopen
0002639e                _fopen
000263d9                __remull
00026427                __remlli
00026456                __mpylli
0002650e                __divull
00026602                __divlli
00026637                __addd
00026891                __neqd
000268c5                __lssd
0002690d                __leqd
0002695a                __gtrd
000269a5                __geqd
000269ef                __eqld
00026a23                __cmpd
00026a7b                _EZDSP5535_OSD9616_send
00026aa3                _EZDSP5535_OSD9616_multiSend
00026aee                _EZDSP5535_OSD9616_init
00026bd0                _EZDSP5535_OSD9616_printLetter
00026c0d                _EZDSP5535_SAR_init
00026cd3                _EZDSP5535_SAR_getKey
00026d87                _fputs
00026ebc                _puts
00026eea                __mpyd
00027036                _EZDSP5535_I2S_init
0002708f                _EZDSP5535_I2S_readLeft
000270c1                _EZDSP5535_I2S_writeLeft
000270ee                _EZDSP5535_I2S_readRight
0002710f                _EZDSP5535_I2S_writeRight
0002712b                _EZDSP5535_I2S_close
0002713d                _setvbuf
00027223                __wrt_ok
000272a3                __rd_ok
000273cc                _AIC3204_rget
00027417                _AIC3204_rset
00027441                _aic3204_hardware_init
00027453                _aic3204_disable
00027464                _aic3204_codec_read
0002747b                _aic3204_codec_write
0002748f                __doflush
000274f8                _fflush
00027551                _writemsg
00027606                C$$IO$$
0002760b                _fputc
0002760b                _putc
000276a2                _putchar
000276b1                __divul
00027752                _EZDSP5535_I2C_init
00027787                _EZDSP5535_I2C_reset
00027792                _EZDSP5535_I2C_write
000277b8                _EZDSP5535_I2C_read
000277e0                _IRQ_plug
0002786c                _EZDSP5535_GPIO_init
00027897                _EZDSP5535_GPIO_setDirection
000278bb                _EZDSP5535_GPIO_setOutput
000278d5                _EZDSP5535_GPIO_getInput
000278f3                _ltoa
00027970                _fclose
000279eb                __frcmpyd
00027a61                __frcmpyd_div
00027ad4                __remul
00027b46                __fixdli
00027c22                _readmsg
00027c8f                _fseek
00027cfa                __fltlid
00027d61                _atoi
00027dbd                _EZDSP5535_wait
00027df1                _EZDSP5535_waitusec
00027e03                _EZDSP5535_init
00027e11                _main
00027e64                _printf
00027eb4                _auto_init
00027f01                __args_main
00027f4c                __remli
00027f97                __divli
00027fdf                _memcpy
0002801e                _exit
0002805c                _c_int00
00028090                __fixdi
000280ba                I$$UDIV
000280ba                __divu
000280cf                I$$UMOD
000280cf                __remu
000280e4                _memccpy
00028107                ___isinf
00028121                __subd
00028135                _gen_sinus_table
00028148                I$$LMPY
00028148                __mpyli
0002815b                __register_unlock
00028163                __register_lock
0002816b                __nop
0002816d                __negd
0002817d                _remove
00028187                _abort
00028188                C$$EXIT
            00020000    __CIOBUF_
            00020120    ___cinit__
            00020120    cinit
0004fe00                RST
0004fe00                _VECSTART
0004ff00                _Reset
ffffffff                .bss
ffffffff                .data
ffffffff                .text
ffffffff                ___binit__
ffffffff                ___bss__
ffffffff                ___c_args__
ffffffff                ___data__
ffffffff                ___edata__
ffffffff                ___end__
ffffffff                ___etext__
ffffffff                ___pinit__
ffffffff                ___text__
ffffffff                binit
ffffffff                edata
ffffffff                end
ffffffff                etext
ffffffff                pinit

[264 symbols]
