******************************************************************************
              TMS320C55x Linker PC v4.4.1                      
******************************************************************************
>> Linked Tue Jan 09 14:42:38 2018

OUTPUT FILE NAME:   <NoiseGenerator.out>
ENTRY POINT SYMBOL: "_c_int00"  address: 00028a11


MEMORY CONFIGURATION

         name            origin    length      used     unused   attr    fill
                        (bytes)   (bytes)    (bytes)   (bytes)
----------------------  --------  ---------  --------  --------  ----  --------
PAGE 0:
  MMR                   00000000   000000c0  00000000  000000c0  RWIX
  DARAM0                000000c0   0000ff40  00006ccc  00009274  RWIX
  SARAM0                00010000   00010000  00000000  00010000  RWIX
  SARAM1                00020000   00020000  00008b3f  000174c1  RWIX
  SARAM2                00040000   0000fe00  00000790  0000f670  RWIX
  VECS                  0004fe00   00000200  00000200  00000000  RWIX
  PDROM                 00ff8000   00008000  00000000  00008000  R IX

PAGE 2:
  IOPORT                00000000   00020000  00000000  00020000  RWI 


SECTION ALLOCATION MAP
(Addresses surrounded by []'s are displayed for convenience only!)

output                                                          attributes/
section   page  orgn(bytes) orgn(words) len(bytes) len(words)   input sections
--------  ----  ----------- ----------- ---------- ----------   --------------
.pinit       0   [ 00040000 ]  00020000          *   00000000   UNINITIALIZED

.stack       0   [ 000000c0 ]  00000060          *   00001000   UNINITIALIZED
                 [ 000000c0 ]  00000060          *   00001000   --HOLE--

.data        0   [ 000000c0 ]  00000060          *   00000000   UNINITIALIZED

.sysstack 
*            0   [ 000020c0 ]  00001060          *   00000800   UNINITIALIZED
                 [ 000020c0 ]  00001060          *   00000800   --HOLE--

.sysmem      0   [ 000030c0 ]  00001860          *   00001000   UNINITIALIZED
                 [ 000030c0 ]  00001860          *   00001000   --HOLE--

.bss         0   [ 000050c0 ]  00002860          *   00000ac4   UNINITIALIZED
                 [ 000050c0 ]  00002860          *   00000408   ezdsp5535_aic3204_dma.obj (.bss)
                 [ 000058d0 ]  00002c68          *   00000202   sine_table.obj (.bss)
                 [ 00005cd4 ]  00002e6a          *   00000002   aic3204.obj (.bss)
                 [ 00005cd8 ]  00002e6c          *   00000180   main.obj (.bss)
                 [ 00005fd8 ]  00002fec          *   00000119   rts55x.lib : defs.obj (.bss)
                 [ 0000620a ]  00003105          *   000000d0              : trgdrv.obj (.bss)
                 [ 000063aa ]  000031d5          *   00000001              : errno.obj (.bss)
                 [ 000063ac ]  000031d6          *   00000084   cslVC5505.lib : csl_intc.obj (.bss)
                 [ 000064b4 ]  0000325a          *   00000071   rts55x.lib : lowlev.obj (.bss)
                 [ 00006596 ]  000032cb          *   0000002a   cslVC5505.lib : csl_i2s.obj (.bss)
                 [ 000065ea ]  000032f5          *   00000001   rts55x.lib : fopen.obj (.bss)
                 [ 000065ec ]  000032f6          *   00000012   cslVC5505.lib : csl_i2c.obj (.bss)
                 [ 00006610 ]  00003308          *   00000008   ezdsp5535bsl.lib : ezdsp5535_sar.obj (.bss)
                 [ 00006620 ]  00003310          *   00000006   rts55x.lib : memory.obj (.bss)
                 [ 0000662c ]  00003316          *   00000004   ezdsp5535bsl.lib : ezdsp5535_gpio.obj (.bss)
                 [ 00006634 ]  0000331a          *   00000004   rts55x.lib : _lock.obj (.bss)
                 [ 0000663c ]  0000331e          *   00000004              : exit.obj (.bss)
                 [ 00006644 ]  00003322          *   00000002   ezdsp5535bsl.lib : ezdsp5535_i2s.obj (.bss)

.const       0   [ 00006648 ]  00003324          *   000003a2   
                 [ 00006648 ]  00003324          *   00000174   aic3204_init.obj (.const:.string)
                 [ 00006930 ]  00003498          *   00000101   rts55x.lib : ctype.obj (.const:__ctypes_)
                 [ 00006b32 ]  00003599          *   00000060   print_number.obj (.const:_consolas_8ptBitmaps)
                 [ 00006bf2 ]  000035f9          *   00000001   print_number.obj (.const)
                 [ 00006bf4 ]  000035fa          *   00000046   main.obj (.const:.string)
                 [ 00006c80 ]  00003640          *   00000024   rts55x.lib : _printfi.obj (.const:.string)
                 [ 00006cc8 ]  00003664          *   00000014   main.obj (.const)
                 [ 00006cf0 ]  00003678          *   0000000c   rts55x.lib : _printfi.obj (.const)
                 [ 00006d08 ]  00003684          *   0000000c              : fmod.obj (.const)
                 [ 00006d20 ]  00003690          *   0000000a              : ldexp.obj (.const)
                 [ 00006d34 ]  0000369a          *   00000008              : divd.obj (.const:_initial_approx$1)
                 [ 00006d44 ]  000036a2          *   00000008              : frexp.obj (.const)
                 [ 00006d54 ]  000036aa          *   00000008              : round.obj (.const)
                 [ 00006d64 ]  000036b2          *   00000006   gen_sinus.obj (.const)
                 [ 00006d70 ]  000036b8          *   00000006   rts55x.lib : modf.obj (.const)
                 [ 00006d7c ]  000036be          *   00000004              : trunc.obj (.const)
                 [ 00006d84 ]  000036c2          *   00000002              : fputs.obj (.const:.string)
                 [ 00006d88 ]  000036c4          *   00000002              : fltlid.obj (.const)

.text        0     00020000  [ 00010000 ] 00008b3f          *   
                   00020000  [ 00010000 ] 000015a4          *   rts55x.lib : _printfi.obj (.text)
                   000215a4  [ 00010ad2 ] 00000c3c          *   cslVC5505.lib : csl_i2c.obj (.text)
                   000221e0  [ 000110f0 ] 00000b18          *                 : csl_sar.obj (.text)
                   00022cf8  [ 0001167c ] 000009f3          *                 : csl_i2s.obj (.text)
                   000236eb  [ 00011b75+] 0000068d          *                 : csl_gpio.obj (.text)
                   00023d78  [ 00011ebc ] 000005b5          *   aic3204_init.obj (.text)
                   0002432d  [ 00012196+] 00000554          *   cslVC5505.lib : csl_intc.obj (.text)
                   00024881  [ 00012440+] 00000543          *   rts55x.lib : lowlev.obj (.text)
                   00024dc4  [ 000126e2 ] 00000528          *              : trgdrv.obj (.text)
                   000252ec  [ 00012976 ] 000004b5          *              : memory.obj (.text)
                   000257a1  [ 00012bd0+] 000003cc          *              : divd.obj (.text)
                   00025b6d  [ 00012db6+] 00000369          *   main.obj (.text)
                   00025ed6  [ 00012f6b ] 0000031b          *   ezdsp5535_aic3204_dma.obj (.text)
                   000261f1  [ 000130f8+] 000002d2          *   print_number.obj (.text)
                   000264c3  [ 00013261+] 0000027f          *   rts55x.lib : fopen.obj (.text)
                   00026742  [ 000133a1 ] 0000025e          *              : llmpy.obj (.text)
                   000269a0  [ 000134d0 ] 0000025a          *              : addd.obj (.text)
                   00026bfa  [ 000135fd ] 0000023b          *              : fmod.obj (.text)
                   00026e35  [ 0001371a+] 000001ea          *              : cmpd.obj (.text)
                   0002701f  [ 0001380f+] 00000192          *   ezdsp5535bsl.lib : ezdsp5535_lcd.obj (.text)
                   000271b1  [ 000138d8+] 0000017a          *                    : ezdsp5535_sar.obj (.text)
                   0002732b  [ 00013995+] 00000163          *   rts55x.lib : fputs.obj (.text)
                   0002748e  [ 00013a47 ] 0000014c          *              : mpyd.obj (.text)
                   000275da  [ 00013aed ] 00000147          *   gen_sinus.obj (.text)
                   00027721  [ 00013b90+] 00000107          *   ezdsp5535bsl.lib : ezdsp5535_i2s.obj (.text)
                   00027828  [ 00013c14 ] 000000f2          *   rts55x.lib : ldexp.obj (.text)
                   0002791a  [ 00013c8d ] 000000e6          *              : setvbuf.obj (.text)
                   00027a00  [ 00013d00 ] 000000dd          *              : _io_perm.obj (.text)
                   00027add  [ 00013d6e+] 000000cc          *   ezdsp5535_aic3204_dma.obj (.text:retain)
                   00027ba9  [ 00013dd4+] 000000cc          *   rts55x.lib : frexp.obj (.text)
                   00027c75  [ 00013e3a+] 000000c3          *   aic3204.obj (.text)
                   00027d38  [ 00013e9c ] 000000c2          *   rts55x.lib : fflush.obj (.text)
                   00027dfa  [ 00013efd ] 000000bf          *              : modf.obj (.text)
                   00027eb9  [ 00013f5c+] 000000ba          *              : trgmsg.obj (.text:CIO_breakpoint)
                   00027f73  [ 00013fb9+] 000000a6          *              : fputc.obj (.text)
                   00028019  [ 0001400c+] 000000a1          *              : divul.obj (.text)
                   000280ba  [ 0001405d ] 0000008e          *   ezdsp5535bsl.lib : ezdsp5535_i2c.obj (.text)
                   00028148  [ 000140a4 ] 0000008c          *   cslVC5505.lib : csl_irqplug.obj (.text)
                   000281d4  [ 000140ea ] 00000087          *   ezdsp5535bsl.lib : ezdsp5535_gpio.obj (.text)
                   0002825b  [ 0001412d+] 0000007d          *   rts55x.lib : ltoa.obj (.text)
                   000282d8  [ 0001416c ] 0000007b          *              : fclose.obj (.text)
                   00028353  [ 000141a9+] 00000076          *              : frcmpyd.obj (.text)
                   000283c9  [ 000141e4+] 00000073          *              : frcmpyd_div.obj (.text)
                   0002843c  [ 0001421e ] 00000072          *              : remul.obj (.text)
                   000284ae  [ 00014257 ] 0000006f          *              : fixdli.obj (.text)
                   0002851d  [ 0001428e+] 0000006d          *   cslVC5505.lib : vectors.obj (.text)
                   0002858a  [ 000142c5 ] 0000006d          *   rts55x.lib : trgmsg.obj (.text)
                   000285f7  [ 000142fb+] 0000006b          *              : fseek.obj (.text)
                   00028662  [ 00014331 ] 00000067          *              : fltlid.obj (.text)
                   000286c9  [ 00014364+] 0000005f          *              : round.obj (.text)
                   00028728  [ 00014394 ] 0000005c          *              : atoi.obj (.text)
                   00028784  [ 000143c2 ] 00000054          *   ezdsp5535bsl.lib : ezdsp5535.obj (.text)
                   000287d8  [ 000143ec ] 00000050          *   rts55x.lib : printf.obj (.text)
                   00028828  [ 00014414 ] 0000004d          *              : autoinit.obj (.text)
                   00028875  [ 0001443a+] 0000004b          *              : args_main.obj (.text)
                   000288c0  [ 00014460 ] 0000004b          *              : remli.obj (.text)
                   0002890b  [ 00014485+] 00000048          *              : divli.obj (.text)
                   00028953  [ 000144a9+] 00000041          *              : trunc.obj (.text)
                   00028994  [ 000144ca ] 0000003f          *              : memcpy.obj (.text)
                   000289d3  [ 000144e9+] 0000003e          *              : exit.obj (.text)
                   00028a11  [ 00014508+] 00000034          *              : boot.obj (.text)
                   00028a45  [ 00014522+] 0000002a          *              : fixdi.obj (.text)
                   00028a6f  [ 00014537+] 0000002a          *              : udiv.obj (.text)
                   00028a99  [ 0001454c+] 00000023          *              : memccpy.obj (.text)
                   00028abc  [ 0001455e ] 0000001a          *              : isinf.obj (.text)
                   00028ad6  [ 0001456b ] 00000014          *              : subd.obj (.text)
                   00028aea  [ 00014575 ] 00000013          *              : lmpy.obj (.text)
                   00028afd  [ 0001457e+] 00000012          *              : _lock.obj (.text)
                   00028b0f  [ 00014587+] 00000010          *              : negd.obj (.text)
                   00028b1f  [ 0001458f+] 0000000c          *              : fltid.obj (.text)
                   00028b2b  [ 00014595+] 0000000a          *              : remove.obj (.text)
                   00028b35  [ 0001459a+] 00000007          *              : exit.obj (.text:CIO_breakpoint)
                   00028b3c  [ 0001459e ] 00000002          *              : vectors.obj (.text)
                   00028b3e  [ 0001459f ] 00000001          *   --HOLE-- [fill = 20]

.cinit       0   [ 00040000 ]  00020000          *   00000294   
                 [ 00040000 ]  00020000          *   00000208   sine_table.obj (.cinit)
                 [ 00040410 ]  00020208          *   0000002d   rts55x.lib : lowlev.obj (.cinit)
                 [ 0004046a ]  00020235          *   0000002a              : defs.obj (.cinit)
                 [ 000404be ]  0002025f          *   0000000c   ezdsp5535bsl.lib : ezdsp5535_sar.obj (.cinit)
                 [ 000404d6 ]  0002026b          *   0000000a   rts55x.lib : _lock.obj (.cinit)
                 [ 000404ea ]  00020275          *   0000000a              : exit.obj (.cinit)
                 [ 000404fe ]  0002027f          *   00000008   cslVC5505.lib : csl_i2s.obj (.cinit)
                 [ 0004050e ]  00020287          *   00000004   rts55x.lib : errno.obj (.cinit)
                 [ 00040516 ]  0002028b          *   00000004              : fopen.obj (.cinit)
                 [ 0004051e ]  0002028f          *   00000004              : memory.obj (.cinit)
                 [ 00040526 ]  00020293          *   00000001   --HOLE-- [fill = 0]

.cio         0   [ 00040528 ]  00020294          *   00000120   UNINITIALIZED
                 [ 00040528 ]  00020294          *   00000120   rts55x.lib : trgmsg.obj (.cio)

.switch      0   [ 00040768 ]  000203b4          *   00000014   
                 [ 00040768 ]  000203b4          *   00000014   print_number.obj (.switch:_printChar)

vectors      0     0004fe00  [ 00027f00 ] 00000200          *   
                   0004fe00  [ 00027f00 ] 00000100          *   cslVC5505.lib : vectors.obj (vectors)
                   0004ff00  [ 00027f80 ] 00000100          *   rts55x.lib : vectors.obj (vectors)


GLOBAL SYMBOLS: SORTED ALPHABETICALLY BY Name 

abs. value/
byte addr   word addr   name
---------   ---------   ----
00000002                $TI_capability$C5500$CallingConvention
00000002                $TI_capability$C5500$MemoryModel
00000001                $TI_capability_requires_rev3
ffffffff                .bss
ffffffff                .data
ffffffff                .text
00028b36                C$$EXIT
00027f6e                C$$IO$$
00028aea                I$$LMPY
00028a6f                I$$UDIV
00028a84                I$$UMOD
0004fe00                RST
00027c75                _AIC3204_rget
00027cc0                _AIC3204_rset
            00002868    _DMA_InputL
            00002968    _DMA_InputR
            00002a68    _DMA_OutputL
            00002b68    _DMA_OutputR
0002823d                _EZDSP5535_GPIO_getInput
000281d4                _EZDSP5535_GPIO_init
000281ff                _EZDSP5535_GPIO_setDirection
00028223                _EZDSP5535_GPIO_setOutput
000280ba                _EZDSP5535_I2C_init
00028120                _EZDSP5535_I2C_read
000280ef                _EZDSP5535_I2C_reset
000280fa                _EZDSP5535_I2C_write
00027816                _EZDSP5535_I2S_close
00027721                _EZDSP5535_I2S_init
0002777a                _EZDSP5535_I2S_readLeft
000277d9                _EZDSP5535_I2S_readRight
000277ac                _EZDSP5535_I2S_writeLeft
000277fa                _EZDSP5535_I2S_writeRight
00027092                _EZDSP5535_OSD9616_init
00027047                _EZDSP5535_OSD9616_multiSend
00027174                _EZDSP5535_OSD9616_printLetter
0002701f                _EZDSP5535_OSD9616_send
00027277                _EZDSP5535_SAR_getKey
000271b1                _EZDSP5535_SAR_init
000287ca                _EZDSP5535_init
00028784                _EZDSP5535_wait
000287b8                _EZDSP5535_waitusec
00023bd6                _GPIO_clearInt
0002372f                _GPIO_close
00023753                _GPIO_config
00023986                _GPIO_configBit
00023ace                _GPIO_disableInt
00023b4c                _GPIO_enableInt
000237d8                _GPIO_getConfig
000236eb                _GPIO_open
00023860                _GPIO_read
00023ce9                _GPIO_reset
00023c62                _GPIO_statusBit
000238e3                _GPIO_write
            00003316    _GpioObj
0002528e                _HOSTclock
00025223                _HOSTclose
0002516e                _HOSTlseek
000250cf                _HOSTopen
00025042                _HOSTread
00024f94                _HOSTrename
00024f36                _HOSTtime
00024ecc                _HOSTunlink
00024e3f                _HOSTwrite
0002164d                _I2C_config
00022018                _I2C_eventDisable
00021ee4                _I2C_eventEnable
000217b2                _I2C_getConfig
000221c4                _I2C_getEventId
000215a4                _I2C_init
00021cc6                _I2C_read
00022137                _I2C_setCallback
00021888                _I2C_setup
00021a82                _I2C_write
0002312d                _I2S_close
00022cf8                _I2S_open
000231df                _I2S_read
000235ef                _I2S_reset
00022e3f                _I2S_setup
000236a0                _I2S_transEnable
00023499                _I2S_write
000243c7                _IRQ_clear
00024431                _IRQ_clearAll
00024441                _IRQ_config
00024567                _IRQ_disable
000245e5                _IRQ_disableAll
000245f3                _IRQ_enable
000246ed                _IRQ_getArg
000244d4                _IRQ_getConfig
0002483b                _IRQ_globalDisable
00024854                _IRQ_globalEnable
0002486d                _IRQ_globalRestore
0002432d                _IRQ_init
00024766                _IRQ_map
00028148                _IRQ_plug
0002467d                _IRQ_restore
00024733                _IRQ_setArg
00024798                _IRQ_setVecs
000247c9                _IRQ_test
0004ff00                _Reset
00022763                _SAR_A2DMeasParamSet
00022bdd                _SAR_GPODirSet
000222da                _SAR_chanClose
0002235e                _SAR_chanConfig
0002265a                _SAR_chanCycSet
0002225d                _SAR_chanInit
00022278                _SAR_chanOpen
00022446                _SAR_chanSetup
0002223d                _SAR_deInit
000223d4                _SAR_getConfig
00022cb9                _SAR_getStatus
000221e0                _SAR_init
00022722                _SAR_readData
000226a9                _SAR_startConversion
000226db                _SAR_stopConversion
            0000330c    _SarHandle
            00003308    _SarObj
0004fe00                _VECSTART
            00020294    __CIOBUF_
000242d4                __I2S_init
            00001060    __STACK_END
00002000                __STACK_SIZE
00002000                __SYSMEM_SIZE
00001000                __SYSSTACK_SIZE
00000001                __TI_args_main
ffffffff                ___binit__
ffffffff                ___bss__
ffffffff                ___c_args__
            00020000    ___cinit__
ffffffff                ___data__
ffffffff                ___edata__
ffffffff                ___end__
ffffffff                ___etext__
00028abc                ___isinf
ffffffff                ___pinit__
ffffffff                ___text__
000269a0                __addd
00028875                __args_main
000265e4                __cleanup
            0000331e    __cleanup_ptr
00026fc7                __cmpd
            00003498    __ctypes_
000257a1                __divd
0002890b                __divli
0002696b                __divlli
00028a6f                __divu
00028019                __divul
00026877                __divull
00027d38                __doflush
            00003320    __dtors_ptr
00026f93                __eqld
00028a45                __fixdi
000284ae                __fixdli
00028b1f                __fltid
00028662                __fltlid
00028353                __frcmpyd
000283c9                __frcmpyd_div
            00003104    __ft_end
            00002fec    __ftable
00026f49                __geqd
00026efe                __gtrd
00026eb1                __leqd
            0000331a    __lock
00026e69                __lssd
0002748e                __mpyd
00028aea                __mpyli
000267bf                __mpylli
00028b0f                __negd
00026e35                __neqd
00028b0d                __nop
000286c9                __nround
00021362                __printfi
00027a80                __rd_ok
00028b05                __register_lock
00028afd                __register_unlock
000288c0                __remli
00026790                __remlli
00028a84                __remu
0002843c                __remul
00026742                __remull
            00000060    __stack
00028ad6                __subd
            00001860    __sys_memory
            00001060    __sysstack
            00003064    __tmpnams
00028953                __trunc
            0000331c    __unlock
00027a00                __wrt_ok
00028b35                _abort
00024cd4                _add_device
00027d0d                _aic3204_codec_read
00027d24                _aic3204_codec_write
00027cfc                _aic3204_disable
00025ed6                _aic3204_dma_init
00027cea                _aic3204_hardware_init
00023d78                _aic3204_init
00026061                _aic3204_read_block
00026116                _aic3204_write_block
00028728                _atoi
00028828                _auto_init
            00002e6c    _bufferL
            00002eec    _bufferR
00028a11                _c_int00
0002577b                _calloc
00025773                _chkheap
0002628f                _clearLCD
00024c61                _close
            00003599    _consolas_8ptBitmaps
            00002e6a    _counter1
            00002e6b    _counter2
            000031d5    _errno
000289d3                _exit
000282d8                _fclose
00027da1                _fflush
00024c58                _find_registered_device
00026bfa                _fmod
00026707                _fopen
00027f73                _fputc
0002732b                _fputs
000252ec                _free
0002571d                _free_memory
0002663e                _freopen
00027ba9                _frexp
            000032f3    _fsError
000285f7                _fseek
            000032f6    _gI2cObj
000275da                _gen_sinus_table
00024dc4                _getenv
            00003318    _hGpio
            00003322    _hI2s
            00003306    _i2cHandle
000261f1                _initPrintNumber
            0000330e    _keyCnt1
            0000330f    _keyCnt2
00027828                _ldexp
00024bf2                _lseek
0002825b                _ltoa
00025b6d                _main
0002541d                _malloc
000256c3                _max_free
00028a99                _memccpy
00028994                _memcpy
000253b8                _minit
00027dfa                _modf
            00002f6c    _noiseBuffer
00024b33                _open
            000032f4    _ouError
            00002e68    _p_sine_table
            0000330b    _preKey
0002635d                _printChar
000287d8                _printf
00027f73                _putc
0002800a                _putchar
00027460                _puts
00024a85                _read
0002858a                _readmsg
00025512                _realloc
00028b2b                _remove
00024a4f                _remove_device
000249f6                _rename
0002633b                _setWritePointerToFirstChar
00023f69                _set_sampling_frequency_and_gain
0002791a                _setvbuf
            000035f9    _sign_width
            00002c68    _sine_table
000249c3                _unlink
00024881                _write
00027eb9                _writemsg
ffffffff                binit
            00020000    cinit
ffffffff                edata
ffffffff                end
ffffffff                etext
ffffffff                pinit


GLOBAL SYMBOLS: SORTED BY Symbol Address 

abs. value/
byte addr   word addr   name
---------   ---------   ----
00000001                $TI_capability_requires_rev3
00000001                __TI_args_main
00000002                $TI_capability$C5500$CallingConvention
00000002                $TI_capability$C5500$MemoryModel
            00000060    __stack
00001000                __SYSSTACK_SIZE
00002000                __STACK_SIZE
00002000                __SYSMEM_SIZE
            00001060    __STACK_END
            00001060    __sysstack
            00001860    __sys_memory
            00002868    _DMA_InputL
            00002968    _DMA_InputR
            00002a68    _DMA_OutputL
            00002b68    _DMA_OutputR
            00002c68    _sine_table
            00002e68    _p_sine_table
            00002e6a    _counter1
            00002e6b    _counter2
            00002e6c    _bufferL
            00002eec    _bufferR
            00002f6c    _noiseBuffer
            00002fec    __ftable
            00003064    __tmpnams
            00003104    __ft_end
            000031d5    _errno
            000032f3    _fsError
            000032f4    _ouError
            000032f6    _gI2cObj
            00003306    _i2cHandle
            00003308    _SarObj
            0000330b    _preKey
            0000330c    _SarHandle
            0000330e    _keyCnt1
            0000330f    _keyCnt2
            00003316    _GpioObj
            00003318    _hGpio
            0000331a    __lock
            0000331c    __unlock
            0000331e    __cleanup_ptr
            00003320    __dtors_ptr
            00003322    _hI2s
            00003498    __ctypes_
            00003599    _consolas_8ptBitmaps
            000035f9    _sign_width
00021362                __printfi
000215a4                _I2C_init
0002164d                _I2C_config
000217b2                _I2C_getConfig
00021888                _I2C_setup
00021a82                _I2C_write
00021cc6                _I2C_read
00021ee4                _I2C_eventEnable
00022018                _I2C_eventDisable
00022137                _I2C_setCallback
000221c4                _I2C_getEventId
000221e0                _SAR_init
0002223d                _SAR_deInit
0002225d                _SAR_chanInit
00022278                _SAR_chanOpen
000222da                _SAR_chanClose
0002235e                _SAR_chanConfig
000223d4                _SAR_getConfig
00022446                _SAR_chanSetup
0002265a                _SAR_chanCycSet
000226a9                _SAR_startConversion
000226db                _SAR_stopConversion
00022722                _SAR_readData
00022763                _SAR_A2DMeasParamSet
00022bdd                _SAR_GPODirSet
00022cb9                _SAR_getStatus
00022cf8                _I2S_open
00022e3f                _I2S_setup
0002312d                _I2S_close
000231df                _I2S_read
00023499                _I2S_write
000235ef                _I2S_reset
000236a0                _I2S_transEnable
000236eb                _GPIO_open
0002372f                _GPIO_close
00023753                _GPIO_config
000237d8                _GPIO_getConfig
00023860                _GPIO_read
000238e3                _GPIO_write
00023986                _GPIO_configBit
00023ace                _GPIO_disableInt
00023b4c                _GPIO_enableInt
00023bd6                _GPIO_clearInt
00023c62                _GPIO_statusBit
00023ce9                _GPIO_reset
00023d78                _aic3204_init
00023f69                _set_sampling_frequency_and_gain
000242d4                __I2S_init
0002432d                _IRQ_init
000243c7                _IRQ_clear
00024431                _IRQ_clearAll
00024441                _IRQ_config
000244d4                _IRQ_getConfig
00024567                _IRQ_disable
000245e5                _IRQ_disableAll
000245f3                _IRQ_enable
0002467d                _IRQ_restore
000246ed                _IRQ_getArg
00024733                _IRQ_setArg
00024766                _IRQ_map
00024798                _IRQ_setVecs
000247c9                _IRQ_test
0002483b                _IRQ_globalDisable
00024854                _IRQ_globalEnable
0002486d                _IRQ_globalRestore
00024881                _write
000249c3                _unlink
000249f6                _rename
00024a4f                _remove_device
00024a85                _read
00024b33                _open
00024bf2                _lseek
00024c58                _find_registered_device
00024c61                _close
00024cd4                _add_device
00024dc4                _getenv
00024e3f                _HOSTwrite
00024ecc                _HOSTunlink
00024f36                _HOSTtime
00024f94                _HOSTrename
00025042                _HOSTread
000250cf                _HOSTopen
0002516e                _HOSTlseek
00025223                _HOSTclose
0002528e                _HOSTclock
000252ec                _free
000253b8                _minit
0002541d                _malloc
00025512                _realloc
000256c3                _max_free
0002571d                _free_memory
00025773                _chkheap
0002577b                _calloc
000257a1                __divd
00025b6d                _main
00025ed6                _aic3204_dma_init
00026061                _aic3204_read_block
00026116                _aic3204_write_block
000261f1                _initPrintNumber
0002628f                _clearLCD
0002633b                _setWritePointerToFirstChar
0002635d                _printChar
000265e4                __cleanup
0002663e                _freopen
00026707                _fopen
00026742                __remull
00026790                __remlli
000267bf                __mpylli
00026877                __divull
0002696b                __divlli
000269a0                __addd
00026bfa                _fmod
00026e35                __neqd
00026e69                __lssd
00026eb1                __leqd
00026efe                __gtrd
00026f49                __geqd
00026f93                __eqld
00026fc7                __cmpd
0002701f                _EZDSP5535_OSD9616_send
00027047                _EZDSP5535_OSD9616_multiSend
00027092                _EZDSP5535_OSD9616_init
00027174                _EZDSP5535_OSD9616_printLetter
000271b1                _EZDSP5535_SAR_init
00027277                _EZDSP5535_SAR_getKey
0002732b                _fputs
00027460                _puts
0002748e                __mpyd
000275da                _gen_sinus_table
00027721                _EZDSP5535_I2S_init
0002777a                _EZDSP5535_I2S_readLeft
000277ac                _EZDSP5535_I2S_writeLeft
000277d9                _EZDSP5535_I2S_readRight
000277fa                _EZDSP5535_I2S_writeRight
00027816                _EZDSP5535_I2S_close
00027828                _ldexp
0002791a                _setvbuf
00027a00                __wrt_ok
00027a80                __rd_ok
00027ba9                _frexp
00027c75                _AIC3204_rget
00027cc0                _AIC3204_rset
00027cea                _aic3204_hardware_init
00027cfc                _aic3204_disable
00027d0d                _aic3204_codec_read
00027d24                _aic3204_codec_write
00027d38                __doflush
00027da1                _fflush
00027dfa                _modf
00027eb9                _writemsg
00027f6e                C$$IO$$
00027f73                _fputc
00027f73                _putc
0002800a                _putchar
00028019                __divul
000280ba                _EZDSP5535_I2C_init
000280ef                _EZDSP5535_I2C_reset
000280fa                _EZDSP5535_I2C_write
00028120                _EZDSP5535_I2C_read
00028148                _IRQ_plug
000281d4                _EZDSP5535_GPIO_init
000281ff                _EZDSP5535_GPIO_setDirection
00028223                _EZDSP5535_GPIO_setOutput
0002823d                _EZDSP5535_GPIO_getInput
0002825b                _ltoa
000282d8                _fclose
00028353                __frcmpyd
000283c9                __frcmpyd_div
0002843c                __remul
000284ae                __fixdli
0002858a                _readmsg
000285f7                _fseek
00028662                __fltlid
000286c9                __nround
00028728                _atoi
00028784                _EZDSP5535_wait
000287b8                _EZDSP5535_waitusec
000287ca                _EZDSP5535_init
000287d8                _printf
00028828                _auto_init
00028875                __args_main
000288c0                __remli
0002890b                __divli
00028953                __trunc
00028994                _memcpy
000289d3                _exit
00028a11                _c_int00
00028a45                __fixdi
00028a6f                I$$UDIV
00028a6f                __divu
00028a84                I$$UMOD
00028a84                __remu
00028a99                _memccpy
00028abc                ___isinf
00028ad6                __subd
00028aea                I$$LMPY
00028aea                __mpyli
00028afd                __register_unlock
00028b05                __register_lock
00028b0d                __nop
00028b0f                __negd
00028b1f                __fltid
00028b2b                _remove
00028b35                _abort
00028b36                C$$EXIT
            00020000    ___cinit__
            00020000    cinit
            00020294    __CIOBUF_
0004fe00                RST
0004fe00                _VECSTART
0004ff00                _Reset
ffffffff                .bss
ffffffff                .data
ffffffff                .text
ffffffff                ___binit__
ffffffff                ___bss__
ffffffff                ___c_args__
ffffffff                ___data__
ffffffff                ___edata__
ffffffff                ___end__
ffffffff                ___etext__
ffffffff                ___pinit__
ffffffff                ___text__
ffffffff                binit
ffffffff                edata
ffffffff                end
ffffffff                etext
ffffffff                pinit

[273 symbols]
