<?xml version="1.0"?>
<link_info>
   <banner>TMS320C55x Linker PC v4.4.1</banner>
   <copyright>Copyright (c) 1996-2012 Texas Instruments Incorporated</copyright>
   <link_time>0x5a567432</link_time>
   <output_file>NoiseGenerator.out</output_file>
   <entry_point>
      <name>_c_int00</name>
      <address>0x289c9</address>
   </entry_point>
   <input_file_list>
      <input_file id="fl-2">
         <path>.\</path>
         <kind>object</kind>
         <file>aic3204.obj</file>
         <name>aic3204.obj</name>
      </input_file>
      <input_file id="fl-3">
         <path>.\</path>
         <kind>object</kind>
         <file>aic3204_init.obj</file>
         <name>aic3204_init.obj</name>
      </input_file>
      <input_file id="fl-4">
         <path>.\</path>
         <kind>object</kind>
         <file>ezdsp5535_aic3204_dma.obj</file>
         <name>ezdsp5535_aic3204_dma.obj</name>
      </input_file>
      <input_file id="fl-5">
         <path>.\</path>
         <kind>object</kind>
         <file>gen_sinus.obj</file>
         <name>gen_sinus.obj</name>
      </input_file>
      <input_file id="fl-6">
         <path>.\</path>
         <kind>object</kind>
         <file>main.obj</file>
         <name>main.obj</name>
      </input_file>
      <input_file id="fl-7">
         <path>.\</path>
         <kind>object</kind>
         <file>print_number.obj</file>
         <name>print_number.obj</name>
      </input_file>
      <input_file id="fl-8">
         <path>.\</path>
         <kind>object</kind>
         <file>sine_table.obj</file>
         <name>sine_table.obj</name>
      </input_file>
      <input_file id="fl-11">
         <path>..\lib\</path>
         <kind>archive</kind>
         <file>ezdsp5535bsl.lib</file>
         <name>ezdsp5535_sar.obj</name>
      </input_file>
      <input_file id="fl-12">
         <path>..\lib\</path>
         <kind>archive</kind>
         <file>ezdsp5535bsl.lib</file>
         <name>ezdsp5535_lcd.obj</name>
      </input_file>
      <input_file id="fl-13">
         <path>..\lib\</path>
         <kind>archive</kind>
         <file>ezdsp5535bsl.lib</file>
         <name>ezdsp5535_i2s.obj</name>
      </input_file>
      <input_file id="fl-14">
         <path>..\lib\</path>
         <kind>archive</kind>
         <file>ezdsp5535bsl.lib</file>
         <name>ezdsp5535_i2c.obj</name>
      </input_file>
      <input_file id="fl-15">
         <path>..\lib\</path>
         <kind>archive</kind>
         <file>ezdsp5535bsl.lib</file>
         <name>ezdsp5535_gpio.obj</name>
      </input_file>
      <input_file id="fl-16">
         <path>..\lib\</path>
         <kind>archive</kind>
         <file>ezdsp5535bsl.lib</file>
         <name>ezdsp5535.obj</name>
      </input_file>
      <input_file id="fl-17">
         <path>..\c55xx_csl\lib\</path>
         <kind>archive</kind>
         <file>cslVC5505.lib</file>
         <name>vectors.obj</name>
      </input_file>
      <input_file id="fl-18">
         <path>..\c55xx_csl\lib\</path>
         <kind>archive</kind>
         <file>cslVC5505.lib</file>
         <name>csl_sar.obj</name>
      </input_file>
      <input_file id="fl-19">
         <path>..\c55xx_csl\lib\</path>
         <kind>archive</kind>
         <file>cslVC5505.lib</file>
         <name>csl_irqplug.obj</name>
      </input_file>
      <input_file id="fl-1a">
         <path>..\c55xx_csl\lib\</path>
         <kind>archive</kind>
         <file>cslVC5505.lib</file>
         <name>csl_intc.obj</name>
      </input_file>
      <input_file id="fl-1b">
         <path>..\c55xx_csl\lib\</path>
         <kind>archive</kind>
         <file>cslVC5505.lib</file>
         <name>csl_i2s.obj</name>
      </input_file>
      <input_file id="fl-1c">
         <path>..\c55xx_csl\lib\</path>
         <kind>archive</kind>
         <file>cslVC5505.lib</file>
         <name>csl_i2c.obj</name>
      </input_file>
      <input_file id="fl-1d">
         <path>..\c55xx_csl\lib\</path>
         <kind>archive</kind>
         <file>cslVC5505.lib</file>
         <name>csl_gpio.obj</name>
      </input_file>
      <input_file id="fl-1e">
         <path>J:\Program Files (x86)\texasInstruments\ccsv6\tools\compiler\c5500_4.4.1\lib\</path>
         <kind>archive</kind>
         <file>rts55x.lib</file>
         <name>addd.obj</name>
      </input_file>
      <input_file id="fl-1f">
         <path>J:\Program Files (x86)\texasInstruments\ccsv6\tools\compiler\c5500_4.4.1\lib\</path>
         <kind>archive</kind>
         <file>rts55x.lib</file>
         <name>boot.obj</name>
      </input_file>
      <input_file id="fl-20">
         <path>J:\Program Files (x86)\texasInstruments\ccsv6\tools\compiler\c5500_4.4.1\lib\</path>
         <kind>archive</kind>
         <file>rts55x.lib</file>
         <name>divd.obj</name>
      </input_file>
      <input_file id="fl-21">
         <path>J:\Program Files (x86)\texasInstruments\ccsv6\tools\compiler\c5500_4.4.1\lib\</path>
         <kind>archive</kind>
         <file>rts55x.lib</file>
         <name>divul.obj</name>
      </input_file>
      <input_file id="fl-22">
         <path>J:\Program Files (x86)\texasInstruments\ccsv6\tools\compiler\c5500_4.4.1\lib\</path>
         <kind>archive</kind>
         <file>rts55x.lib</file>
         <name>exit.obj</name>
      </input_file>
      <input_file id="fl-23">
         <path>J:\Program Files (x86)\texasInstruments\ccsv6\tools\compiler\c5500_4.4.1\lib\</path>
         <kind>archive</kind>
         <file>rts55x.lib</file>
         <name>fixdi.obj</name>
      </input_file>
      <input_file id="fl-24">
         <path>J:\Program Files (x86)\texasInstruments\ccsv6\tools\compiler\c5500_4.4.1\lib\</path>
         <kind>archive</kind>
         <file>rts55x.lib</file>
         <name>fixdli.obj</name>
      </input_file>
      <input_file id="fl-25">
         <path>J:\Program Files (x86)\texasInstruments\ccsv6\tools\compiler\c5500_4.4.1\lib\</path>
         <kind>archive</kind>
         <file>rts55x.lib</file>
         <name>fmod.obj</name>
      </input_file>
      <input_file id="fl-26">
         <path>J:\Program Files (x86)\texasInstruments\ccsv6\tools\compiler\c5500_4.4.1\lib\</path>
         <kind>archive</kind>
         <file>rts55x.lib</file>
         <name>frcmpyd_div.obj</name>
      </input_file>
      <input_file id="fl-27">
         <path>J:\Program Files (x86)\texasInstruments\ccsv6\tools\compiler\c5500_4.4.1\lib\</path>
         <kind>archive</kind>
         <file>rts55x.lib</file>
         <name>frexp.obj</name>
      </input_file>
      <input_file id="fl-28">
         <path>J:\Program Files (x86)\texasInstruments\ccsv6\tools\compiler\c5500_4.4.1\lib\</path>
         <kind>archive</kind>
         <file>rts55x.lib</file>
         <name>ldexp.obj</name>
      </input_file>
      <input_file id="fl-29">
         <path>J:\Program Files (x86)\texasInstruments\ccsv6\tools\compiler\c5500_4.4.1\lib\</path>
         <kind>archive</kind>
         <file>rts55x.lib</file>
         <name>lmpy.obj</name>
      </input_file>
      <input_file id="fl-2a">
         <path>J:\Program Files (x86)\texasInstruments\ccsv6\tools\compiler\c5500_4.4.1\lib\</path>
         <kind>archive</kind>
         <file>rts55x.lib</file>
         <name>mpyd.obj</name>
      </input_file>
      <input_file id="fl-2b">
         <path>J:\Program Files (x86)\texasInstruments\ccsv6\tools\compiler\c5500_4.4.1\lib\</path>
         <kind>archive</kind>
         <file>rts55x.lib</file>
         <name>printf.obj</name>
      </input_file>
      <input_file id="fl-2c">
         <path>J:\Program Files (x86)\texasInstruments\ccsv6\tools\compiler\c5500_4.4.1\lib\</path>
         <kind>archive</kind>
         <file>rts55x.lib</file>
         <name>remul.obj</name>
      </input_file>
      <input_file id="fl-2d">
         <path>J:\Program Files (x86)\texasInstruments\ccsv6\tools\compiler\c5500_4.4.1\lib\</path>
         <kind>archive</kind>
         <file>rts55x.lib</file>
         <name>round.obj</name>
      </input_file>
      <input_file id="fl-2e">
         <path>J:\Program Files (x86)\texasInstruments\ccsv6\tools\compiler\c5500_4.4.1\lib\</path>
         <kind>archive</kind>
         <file>rts55x.lib</file>
         <name>subd.obj</name>
      </input_file>
      <input_file id="fl-2f">
         <path>J:\Program Files (x86)\texasInstruments\ccsv6\tools\compiler\c5500_4.4.1\lib\</path>
         <kind>archive</kind>
         <file>rts55x.lib</file>
         <name>trunc.obj</name>
      </input_file>
      <input_file id="fl-30">
         <path>J:\Program Files (x86)\texasInstruments\ccsv6\tools\compiler\c5500_4.4.1\lib\</path>
         <kind>archive</kind>
         <file>rts55x.lib</file>
         <name>vectors.obj</name>
      </input_file>
      <input_file id="fl-31">
         <path>J:\Program Files (x86)\texasInstruments\ccsv6\tools\compiler\c5500_4.4.1\lib\</path>
         <kind>archive</kind>
         <file>rts55x.lib</file>
         <name>_lock.obj</name>
      </input_file>
      <input_file id="fl-32">
         <path>J:\Program Files (x86)\texasInstruments\ccsv6\tools\compiler\c5500_4.4.1\lib\</path>
         <kind>archive</kind>
         <file>rts55x.lib</file>
         <name>_printfi.obj</name>
      </input_file>
      <input_file id="fl-33">
         <path>J:\Program Files (x86)\texasInstruments\ccsv6\tools\compiler\c5500_4.4.1\lib\</path>
         <kind>archive</kind>
         <file>rts55x.lib</file>
         <name>args_main.obj</name>
      </input_file>
      <input_file id="fl-34">
         <path>J:\Program Files (x86)\texasInstruments\ccsv6\tools\compiler\c5500_4.4.1\lib\</path>
         <kind>archive</kind>
         <file>rts55x.lib</file>
         <name>atoi.obj</name>
      </input_file>
      <input_file id="fl-35">
         <path>J:\Program Files (x86)\texasInstruments\ccsv6\tools\compiler\c5500_4.4.1\lib\</path>
         <kind>archive</kind>
         <file>rts55x.lib</file>
         <name>autoinit.obj</name>
      </input_file>
      <input_file id="fl-36">
         <path>J:\Program Files (x86)\texasInstruments\ccsv6\tools\compiler\c5500_4.4.1\lib\</path>
         <kind>archive</kind>
         <file>rts55x.lib</file>
         <name>cmpd.obj</name>
      </input_file>
      <input_file id="fl-37">
         <path>J:\Program Files (x86)\texasInstruments\ccsv6\tools\compiler\c5500_4.4.1\lib\</path>
         <kind>archive</kind>
         <file>rts55x.lib</file>
         <name>ctype.obj</name>
      </input_file>
      <input_file id="fl-38">
         <path>J:\Program Files (x86)\texasInstruments\ccsv6\tools\compiler\c5500_4.4.1\lib\</path>
         <kind>archive</kind>
         <file>rts55x.lib</file>
         <name>defs.obj</name>
      </input_file>
      <input_file id="fl-39">
         <path>J:\Program Files (x86)\texasInstruments\ccsv6\tools\compiler\c5500_4.4.1\lib\</path>
         <kind>archive</kind>
         <file>rts55x.lib</file>
         <name>errno.obj</name>
      </input_file>
      <input_file id="fl-3a">
         <path>J:\Program Files (x86)\texasInstruments\ccsv6\tools\compiler\c5500_4.4.1\lib\</path>
         <kind>archive</kind>
         <file>rts55x.lib</file>
         <name>fltid.obj</name>
      </input_file>
      <input_file id="fl-3b">
         <path>J:\Program Files (x86)\texasInstruments\ccsv6\tools\compiler\c5500_4.4.1\lib\</path>
         <kind>archive</kind>
         <file>rts55x.lib</file>
         <name>fltlid.obj</name>
      </input_file>
      <input_file id="fl-3c">
         <path>J:\Program Files (x86)\texasInstruments\ccsv6\tools\compiler\c5500_4.4.1\lib\</path>
         <kind>archive</kind>
         <file>rts55x.lib</file>
         <name>fputc.obj</name>
      </input_file>
      <input_file id="fl-3d">
         <path>J:\Program Files (x86)\texasInstruments\ccsv6\tools\compiler\c5500_4.4.1\lib\</path>
         <kind>archive</kind>
         <file>rts55x.lib</file>
         <name>fputs.obj</name>
      </input_file>
      <input_file id="fl-3e">
         <path>J:\Program Files (x86)\texasInstruments\ccsv6\tools\compiler\c5500_4.4.1\lib\</path>
         <kind>archive</kind>
         <file>rts55x.lib</file>
         <name>frcmpyd.obj</name>
      </input_file>
      <input_file id="fl-3f">
         <path>J:\Program Files (x86)\texasInstruments\ccsv6\tools\compiler\c5500_4.4.1\lib\</path>
         <kind>archive</kind>
         <file>rts55x.lib</file>
         <name>isinf.obj</name>
      </input_file>
      <input_file id="fl-40">
         <path>J:\Program Files (x86)\texasInstruments\ccsv6\tools\compiler\c5500_4.4.1\lib\</path>
         <kind>archive</kind>
         <file>rts55x.lib</file>
         <name>llmpy.obj</name>
      </input_file>
      <input_file id="fl-41">
         <path>J:\Program Files (x86)\texasInstruments\ccsv6\tools\compiler\c5500_4.4.1\lib\</path>
         <kind>archive</kind>
         <file>rts55x.lib</file>
         <name>lowlev.obj</name>
      </input_file>
      <input_file id="fl-42">
         <path>J:\Program Files (x86)\texasInstruments\ccsv6\tools\compiler\c5500_4.4.1\lib\</path>
         <kind>archive</kind>
         <file>rts55x.lib</file>
         <name>ltoa.obj</name>
      </input_file>
      <input_file id="fl-43">
         <path>J:\Program Files (x86)\texasInstruments\ccsv6\tools\compiler\c5500_4.4.1\lib\</path>
         <kind>archive</kind>
         <file>rts55x.lib</file>
         <name>memccpy.obj</name>
      </input_file>
      <input_file id="fl-44">
         <path>J:\Program Files (x86)\texasInstruments\ccsv6\tools\compiler\c5500_4.4.1\lib\</path>
         <kind>archive</kind>
         <file>rts55x.lib</file>
         <name>memcpy.obj</name>
      </input_file>
      <input_file id="fl-45">
         <path>J:\Program Files (x86)\texasInstruments\ccsv6\tools\compiler\c5500_4.4.1\lib\</path>
         <kind>archive</kind>
         <file>rts55x.lib</file>
         <name>modf.obj</name>
      </input_file>
      <input_file id="fl-46">
         <path>J:\Program Files (x86)\texasInstruments\ccsv6\tools\compiler\c5500_4.4.1\lib\</path>
         <kind>archive</kind>
         <file>rts55x.lib</file>
         <name>negd.obj</name>
      </input_file>
      <input_file id="fl-47">
         <path>J:\Program Files (x86)\texasInstruments\ccsv6\tools\compiler\c5500_4.4.1\lib\</path>
         <kind>archive</kind>
         <file>rts55x.lib</file>
         <name>remli.obj</name>
      </input_file>
      <input_file id="fl-48">
         <path>J:\Program Files (x86)\texasInstruments\ccsv6\tools\compiler\c5500_4.4.1\lib\</path>
         <kind>archive</kind>
         <file>rts55x.lib</file>
         <name>trgdrv.obj</name>
      </input_file>
      <input_file id="fl-49">
         <path>J:\Program Files (x86)\texasInstruments\ccsv6\tools\compiler\c5500_4.4.1\lib\</path>
         <kind>archive</kind>
         <file>rts55x.lib</file>
         <name>trgmsg.obj</name>
      </input_file>
      <input_file id="fl-4a">
         <path>J:\Program Files (x86)\texasInstruments\ccsv6\tools\compiler\c5500_4.4.1\lib\</path>
         <kind>archive</kind>
         <file>rts55x.lib</file>
         <name>udiv.obj</name>
      </input_file>
      <input_file id="fl-4b">
         <path>J:\Program Files (x86)\texasInstruments\ccsv6\tools\compiler\c5500_4.4.1\lib\</path>
         <kind>archive</kind>
         <file>rts55x.lib</file>
         <name>_io_perm.obj</name>
      </input_file>
      <input_file id="fl-4c">
         <path>J:\Program Files (x86)\texasInstruments\ccsv6\tools\compiler\c5500_4.4.1\lib\</path>
         <kind>archive</kind>
         <file>rts55x.lib</file>
         <name>divli.obj</name>
      </input_file>
      <input_file id="fl-4d">
         <path>J:\Program Files (x86)\texasInstruments\ccsv6\tools\compiler\c5500_4.4.1\lib\</path>
         <kind>archive</kind>
         <file>rts55x.lib</file>
         <name>fflush.obj</name>
      </input_file>
      <input_file id="fl-4e">
         <path>J:\Program Files (x86)\texasInstruments\ccsv6\tools\compiler\c5500_4.4.1\lib\</path>
         <kind>archive</kind>
         <file>rts55x.lib</file>
         <name>fseek.obj</name>
      </input_file>
      <input_file id="fl-4f">
         <path>J:\Program Files (x86)\texasInstruments\ccsv6\tools\compiler\c5500_4.4.1\lib\</path>
         <kind>archive</kind>
         <file>rts55x.lib</file>
         <name>setvbuf.obj</name>
      </input_file>
      <input_file id="fl-50">
         <path>J:\Program Files (x86)\texasInstruments\ccsv6\tools\compiler\c5500_4.4.1\lib\</path>
         <kind>archive</kind>
         <file>rts55x.lib</file>
         <name>fopen.obj</name>
      </input_file>
      <input_file id="fl-51">
         <path>J:\Program Files (x86)\texasInstruments\ccsv6\tools\compiler\c5500_4.4.1\lib\</path>
         <kind>archive</kind>
         <file>rts55x.lib</file>
         <name>memory.obj</name>
      </input_file>
      <input_file id="fl-52">
         <path>J:\Program Files (x86)\texasInstruments\ccsv6\tools\compiler\c5500_4.4.1\lib\</path>
         <kind>archive</kind>
         <file>rts55x.lib</file>
         <name>fclose.obj</name>
      </input_file>
      <input_file id="fl-53">
         <path>J:\Program Files (x86)\texasInstruments\ccsv6\tools\compiler\c5500_4.4.1\lib\</path>
         <kind>archive</kind>
         <file>rts55x.lib</file>
         <name>remove.obj</name>
      </input_file>
   </input_file_list>
   <object_component_list>
      <object_component id="oc-df">
         <name>.text</name>
         <load_address>0x20000</load_address>
         <run_address>0x20000</run_address>
         <size>0x15a4</size>
         <input_file_ref idref="fl-32"/>
      </object_component>
      <object_component id="oc-7a">
         <name>.text</name>
         <load_address>0x215a4</load_address>
         <run_address>0x215a4</run_address>
         <size>0xc3c</size>
         <input_file_ref idref="fl-1c"/>
      </object_component>
      <object_component id="oc-64">
         <name>.text</name>
         <load_address>0x221e0</load_address>
         <run_address>0x221e0</run_address>
         <size>0xb18</size>
         <input_file_ref idref="fl-18"/>
      </object_component>
      <object_component id="oc-73">
         <name>.text</name>
         <load_address>0x22cf8</load_address>
         <run_address>0x22cf8</run_address>
         <size>0x9f3</size>
         <input_file_ref idref="fl-1b"/>
      </object_component>
      <object_component id="oc-80">
         <name>.text</name>
         <load_address>0x236eb</load_address>
         <run_address>0x236eb</run_address>
         <size>0x68d</size>
         <input_file_ref idref="fl-1d"/>
      </object_component>
      <object_component id="oc-18">
         <name>.text</name>
         <load_address>0x23d78</load_address>
         <run_address>0x23d78</run_address>
         <size>0x5b5</size>
         <input_file_ref idref="fl-3"/>
      </object_component>
      <object_component id="oc-6d">
         <name>.text</name>
         <load_address>0x2432d</load_address>
         <run_address>0x2432d</run_address>
         <size>0x554</size>
         <input_file_ref idref="fl-1a"/>
      </object_component>
      <object_component id="oc-11d">
         <name>.text</name>
         <load_address>0x24881</load_address>
         <run_address>0x24881</run_address>
         <size>0x543</size>
         <input_file_ref idref="fl-41"/>
      </object_component>
      <object_component id="oc-13c">
         <name>.text</name>
         <load_address>0x24dc4</load_address>
         <run_address>0x24dc4</run_address>
         <size>0x528</size>
         <input_file_ref idref="fl-48"/>
      </object_component>
      <object_component id="oc-165">
         <name>.text</name>
         <load_address>0x252ec</load_address>
         <run_address>0x252ec</run_address>
         <size>0x4b5</size>
         <input_file_ref idref="fl-51"/>
      </object_component>
      <object_component id="oc-8d">
         <name>.text</name>
         <load_address>0x257a1</load_address>
         <run_address>0x257a1</run_address>
         <size>0x3cc</size>
         <input_file_ref idref="fl-20"/>
      </object_component>
      <object_component id="oc-2b">
         <name>.text</name>
         <load_address>0x25b6d</load_address>
         <run_address>0x25b6d</run_address>
         <size>0x321</size>
         <input_file_ref idref="fl-6"/>
      </object_component>
      <object_component id="oc-1e">
         <name>.text</name>
         <load_address>0x25e8e</load_address>
         <run_address>0x25e8e</run_address>
         <size>0x31b</size>
         <input_file_ref idref="fl-4"/>
      </object_component>
      <object_component id="oc-33">
         <name>.text</name>
         <load_address>0x261a9</load_address>
         <run_address>0x261a9</run_address>
         <size>0x2d2</size>
         <input_file_ref idref="fl-7"/>
      </object_component>
      <object_component id="oc-15f">
         <name>.text</name>
         <load_address>0x2647b</load_address>
         <run_address>0x2647b</run_address>
         <size>0x27f</size>
         <input_file_ref idref="fl-50"/>
      </object_component>
      <object_component id="oc-119">
         <name>.text</name>
         <load_address>0x266fa</load_address>
         <run_address>0x266fa</run_address>
         <size>0x25e</size>
         <input_file_ref idref="fl-40"/>
      </object_component>
      <object_component id="oc-85">
         <name>.text</name>
         <load_address>0x26958</load_address>
         <run_address>0x26958</run_address>
         <size>0x25a</size>
         <input_file_ref idref="fl-1e"/>
      </object_component>
      <object_component id="oc-a4">
         <name>.text</name>
         <load_address>0x26bb2</load_address>
         <run_address>0x26bb2</run_address>
         <size>0x23b</size>
         <input_file_ref idref="fl-25"/>
      </object_component>
      <object_component id="oc-f1">
         <name>.text</name>
         <load_address>0x26ded</load_address>
         <run_address>0x26ded</run_address>
         <size>0x1ea</size>
         <input_file_ref idref="fl-36"/>
      </object_component>
      <object_component id="oc-44">
         <name>.text</name>
         <load_address>0x26fd7</load_address>
         <run_address>0x26fd7</run_address>
         <size>0x192</size>
         <input_file_ref idref="fl-12"/>
      </object_component>
      <object_component id="oc-3d">
         <name>.text</name>
         <load_address>0x27169</load_address>
         <run_address>0x27169</run_address>
         <size>0x17a</size>
         <input_file_ref idref="fl-11"/>
      </object_component>
      <object_component id="oc-10c">
         <name>.text</name>
         <load_address>0x272e3</load_address>
         <run_address>0x272e3</run_address>
         <size>0x163</size>
         <input_file_ref idref="fl-3d"/>
      </object_component>
      <object_component id="oc-bb">
         <name>.text</name>
         <load_address>0x27446</load_address>
         <run_address>0x27446</run_address>
         <size>0x14c</size>
         <input_file_ref idref="fl-2a"/>
      </object_component>
      <object_component id="oc-25">
         <name>.text</name>
         <load_address>0x27592</load_address>
         <run_address>0x27592</run_address>
         <size>0x147</size>
         <input_file_ref idref="fl-5"/>
      </object_component>
      <object_component id="oc-49">
         <name>.text</name>
         <load_address>0x276d9</load_address>
         <run_address>0x276d9</run_address>
         <size>0x107</size>
         <input_file_ref idref="fl-13"/>
      </object_component>
      <object_component id="oc-b2">
         <name>.text</name>
         <load_address>0x277e0</load_address>
         <run_address>0x277e0</run_address>
         <size>0xf2</size>
         <input_file_ref idref="fl-28"/>
      </object_component>
      <object_component id="oc-15b">
         <name>.text</name>
         <load_address>0x278d2</load_address>
         <run_address>0x278d2</run_address>
         <size>0xe6</size>
         <input_file_ref idref="fl-4f"/>
      </object_component>
      <object_component id="oc-14b">
         <name>.text</name>
         <load_address>0x279b8</load_address>
         <run_address>0x279b8</run_address>
         <size>0xdd</size>
         <input_file_ref idref="fl-4b"/>
      </object_component>
      <object_component id="oc-21">
         <name>.text:retain</name>
         <load_address>0x27a95</load_address>
         <run_address>0x27a95</run_address>
         <size>0xcc</size>
         <input_file_ref idref="fl-4"/>
      </object_component>
      <object_component id="oc-ad">
         <name>.text</name>
         <load_address>0x27b61</load_address>
         <run_address>0x27b61</run_address>
         <size>0xcc</size>
         <input_file_ref idref="fl-27"/>
      </object_component>
      <object_component id="oc-12">
         <name>.text</name>
         <load_address>0x27c2d</load_address>
         <run_address>0x27c2d</run_address>
         <size>0xc3</size>
         <input_file_ref idref="fl-2"/>
      </object_component>
      <object_component id="oc-153">
         <name>.text</name>
         <load_address>0x27cf0</load_address>
         <run_address>0x27cf0</run_address>
         <size>0xc2</size>
         <input_file_ref idref="fl-4d"/>
      </object_component>
      <object_component id="oc-12f">
         <name>.text</name>
         <load_address>0x27db2</load_address>
         <run_address>0x27db2</run_address>
         <size>0xbf</size>
         <input_file_ref idref="fl-45"/>
      </object_component>
      <object_component id="oc-144">
         <name>.text:CIO_breakpoint</name>
         <load_address>0x27e71</load_address>
         <run_address>0x27e71</run_address>
         <size>0xba</size>
         <input_file_ref idref="fl-49"/>
      </object_component>
      <object_component id="oc-108">
         <name>.text</name>
         <load_address>0x27f2b</load_address>
         <run_address>0x27f2b</run_address>
         <size>0xa6</size>
         <input_file_ref idref="fl-3c"/>
      </object_component>
      <object_component id="oc-91">
         <name>.text</name>
         <load_address>0x27fd1</load_address>
         <run_address>0x27fd1</run_address>
         <size>0xa1</size>
         <input_file_ref idref="fl-21"/>
      </object_component>
      <object_component id="oc-4f">
         <name>.text</name>
         <load_address>0x28072</load_address>
         <run_address>0x28072</run_address>
         <size>0x8e</size>
         <input_file_ref idref="fl-14"/>
      </object_component>
      <object_component id="oc-69">
         <name>.text</name>
         <load_address>0x28100</load_address>
         <run_address>0x28100</run_address>
         <size>0x8c</size>
         <input_file_ref idref="fl-19"/>
      </object_component>
      <object_component id="oc-54">
         <name>.text</name>
         <load_address>0x2818c</load_address>
         <run_address>0x2818c</run_address>
         <size>0x87</size>
         <input_file_ref idref="fl-15"/>
      </object_component>
      <object_component id="oc-123">
         <name>.text</name>
         <load_address>0x28213</load_address>
         <run_address>0x28213</run_address>
         <size>0x7d</size>
         <input_file_ref idref="fl-42"/>
      </object_component>
      <object_component id="oc-16c">
         <name>.text</name>
         <load_address>0x28290</load_address>
         <run_address>0x28290</run_address>
         <size>0x7b</size>
         <input_file_ref idref="fl-52"/>
      </object_component>
      <object_component id="oc-111">
         <name>.text</name>
         <load_address>0x2830b</load_address>
         <run_address>0x2830b</run_address>
         <size>0x76</size>
         <input_file_ref idref="fl-3e"/>
      </object_component>
      <object_component id="oc-a9">
         <name>.text</name>
         <load_address>0x28381</load_address>
         <run_address>0x28381</run_address>
         <size>0x73</size>
         <input_file_ref idref="fl-26"/>
      </object_component>
      <object_component id="oc-c3">
         <name>.text</name>
         <load_address>0x283f4</load_address>
         <run_address>0x283f4</run_address>
         <size>0x72</size>
         <input_file_ref idref="fl-2c"/>
      </object_component>
      <object_component id="oc-a0">
         <name>.text</name>
         <load_address>0x28466</load_address>
         <run_address>0x28466</run_address>
         <size>0x6f</size>
         <input_file_ref idref="fl-24"/>
      </object_component>
      <object_component id="oc-5f">
         <name>.text</name>
         <load_address>0x284d5</load_address>
         <run_address>0x284d5</run_address>
         <size>0x6d</size>
         <input_file_ref idref="fl-17"/>
      </object_component>
      <object_component id="oc-141">
         <name>.text</name>
         <load_address>0x28542</load_address>
         <run_address>0x28542</run_address>
         <size>0x6d</size>
         <input_file_ref idref="fl-49"/>
      </object_component>
      <object_component id="oc-157">
         <name>.text</name>
         <load_address>0x285af</load_address>
         <run_address>0x285af</run_address>
         <size>0x6b</size>
         <input_file_ref idref="fl-4e"/>
      </object_component>
      <object_component id="oc-103">
         <name>.text</name>
         <load_address>0x2861a</load_address>
         <run_address>0x2861a</run_address>
         <size>0x67</size>
         <input_file_ref idref="fl-3b"/>
      </object_component>
      <object_component id="oc-c7">
         <name>.text</name>
         <load_address>0x28681</load_address>
         <run_address>0x28681</run_address>
         <size>0x5f</size>
         <input_file_ref idref="fl-2d"/>
      </object_component>
      <object_component id="oc-e9">
         <name>.text</name>
         <load_address>0x286e0</load_address>
         <run_address>0x286e0</run_address>
         <size>0x5c</size>
         <input_file_ref idref="fl-34"/>
      </object_component>
      <object_component id="oc-5a">
         <name>.text</name>
         <load_address>0x2873c</load_address>
         <run_address>0x2873c</run_address>
         <size>0x54</size>
         <input_file_ref idref="fl-16"/>
      </object_component>
      <object_component id="oc-bf">
         <name>.text</name>
         <load_address>0x28790</load_address>
         <run_address>0x28790</run_address>
         <size>0x50</size>
         <input_file_ref idref="fl-2b"/>
      </object_component>
      <object_component id="oc-ed">
         <name>.text</name>
         <load_address>0x287e0</load_address>
         <run_address>0x287e0</run_address>
         <size>0x4d</size>
         <input_file_ref idref="fl-35"/>
      </object_component>
      <object_component id="oc-e5">
         <name>.text</name>
         <load_address>0x2882d</load_address>
         <run_address>0x2882d</run_address>
         <size>0x4b</size>
         <input_file_ref idref="fl-33"/>
      </object_component>
      <object_component id="oc-138">
         <name>.text</name>
         <load_address>0x28878</load_address>
         <run_address>0x28878</run_address>
         <size>0x4b</size>
         <input_file_ref idref="fl-47"/>
      </object_component>
      <object_component id="oc-14f">
         <name>.text</name>
         <load_address>0x288c3</load_address>
         <run_address>0x288c3</run_address>
         <size>0x48</size>
         <input_file_ref idref="fl-4c"/>
      </object_component>
      <object_component id="oc-d0">
         <name>.text</name>
         <load_address>0x2890b</load_address>
         <run_address>0x2890b</run_address>
         <size>0x41</size>
         <input_file_ref idref="fl-2f"/>
      </object_component>
      <object_component id="oc-12b">
         <name>.text</name>
         <load_address>0x2894c</load_address>
         <run_address>0x2894c</run_address>
         <size>0x3f</size>
         <input_file_ref idref="fl-44"/>
      </object_component>
      <object_component id="oc-95">
         <name>.text</name>
         <load_address>0x2898b</load_address>
         <run_address>0x2898b</run_address>
         <size>0x3e</size>
         <input_file_ref idref="fl-22"/>
      </object_component>
      <object_component id="oc-10">
         <name>.text</name>
         <load_address>0x289c9</load_address>
         <run_address>0x289c9</run_address>
         <size>0x34</size>
         <input_file_ref idref="fl-1f"/>
      </object_component>
      <object_component id="oc-9c">
         <name>.text</name>
         <load_address>0x289fd</load_address>
         <run_address>0x289fd</run_address>
         <size>0x2a</size>
         <input_file_ref idref="fl-23"/>
      </object_component>
      <object_component id="oc-147">
         <name>.text</name>
         <load_address>0x28a27</load_address>
         <run_address>0x28a27</run_address>
         <size>0x2a</size>
         <input_file_ref idref="fl-4a"/>
      </object_component>
      <object_component id="oc-127">
         <name>.text</name>
         <load_address>0x28a51</load_address>
         <run_address>0x28a51</run_address>
         <size>0x23</size>
         <input_file_ref idref="fl-43"/>
      </object_component>
      <object_component id="oc-115">
         <name>.text</name>
         <load_address>0x28a74</load_address>
         <run_address>0x28a74</run_address>
         <size>0x1a</size>
         <input_file_ref idref="fl-3f"/>
      </object_component>
      <object_component id="oc-cc">
         <name>.text</name>
         <load_address>0x28a8e</load_address>
         <run_address>0x28a8e</run_address>
         <size>0x14</size>
         <input_file_ref idref="fl-2e"/>
      </object_component>
      <object_component id="oc-b7">
         <name>.text</name>
         <load_address>0x28aa2</load_address>
         <run_address>0x28aa2</run_address>
         <size>0x13</size>
         <input_file_ref idref="fl-29"/>
      </object_component>
      <object_component id="oc-d9">
         <name>.text</name>
         <load_address>0x28ab5</load_address>
         <run_address>0x28ab5</run_address>
         <size>0x12</size>
         <input_file_ref idref="fl-31"/>
      </object_component>
      <object_component id="oc-134">
         <name>.text</name>
         <load_address>0x28ac7</load_address>
         <run_address>0x28ac7</run_address>
         <size>0x10</size>
         <input_file_ref idref="fl-46"/>
      </object_component>
      <object_component id="oc-ff">
         <name>.text</name>
         <load_address>0x28ad7</load_address>
         <run_address>0x28ad7</run_address>
         <size>0xc</size>
         <input_file_ref idref="fl-3a"/>
      </object_component>
      <object_component id="oc-170">
         <name>.text</name>
         <load_address>0x28ae3</load_address>
         <run_address>0x28ae3</run_address>
         <size>0xa</size>
         <input_file_ref idref="fl-53"/>
      </object_component>
      <object_component id="oc-99">
         <name>.text:CIO_breakpoint</name>
         <load_address>0x28aed</load_address>
         <run_address>0x28aed</run_address>
         <size>0x7</size>
         <input_file_ref idref="fl-22"/>
      </object_component>
      <object_component id="oc-d5">
         <name>.text</name>
         <load_address>0x28af4</load_address>
         <run_address>0x28af4</run_address>
         <size>0x2</size>
         <input_file_ref idref="fl-30"/>
      </object_component>
      <object_component id="oc-89">
         <name>.stack</name>
         <uninitialized>true</uninitialized>
         <run_address>0xc0</run_address>
         <size>0x0</size>
         <input_file_ref idref="fl-1f"/>
      </object_component>
      <object_component id="oc-190">
         <name>.stack</name>
         <uninitialized>true</uninitialized>
         <run_address>0xc0</run_address>
         <size>0x0</size>
      </object_component>
      <object_component id="oc-174">
         <name>.sysstack</name>
         <uninitialized>true</uninitialized>
         <run_address>0x20c0</run_address>
         <size>0x0</size>
         <input_file_ref idref="fl-1f"/>
      </object_component>
      <object_component id="oc-192">
         <name>.sysstack</name>
         <uninitialized>true</uninitialized>
         <run_address>0x20c0</run_address>
         <size>0x0</size>
      </object_component>
      <object_component id="oc-1f">
         <name>.bss</name>
         <uninitialized>true</uninitialized>
         <run_address>0x50c0</run_address>
         <size>0x810</size>
         <input_file_ref idref="fl-4"/>
      </object_component>
      <object_component id="oc-39">
         <name>.bss</name>
         <uninitialized>true</uninitialized>
         <run_address>0x58d0</run_address>
         <size>0x404</size>
         <input_file_ref idref="fl-8"/>
      </object_component>
      <object_component id="oc-13">
         <name>.bss</name>
         <uninitialized>true</uninitialized>
         <run_address>0x5cd4</run_address>
         <size>0x4</size>
         <input_file_ref idref="fl-2"/>
      </object_component>
      <object_component id="oc-2c">
         <name>.bss</name>
         <uninitialized>true</uninitialized>
         <run_address>0x5cd8</run_address>
         <size>0x302</size>
         <input_file_ref idref="fl-6"/>
      </object_component>
      <object_component id="oc-fb">
         <name>.bss</name>
         <uninitialized>true</uninitialized>
         <run_address>0x5fda</run_address>
         <size>0x2</size>
         <input_file_ref idref="fl-39"/>
      </object_component>
      <object_component id="oc-f7">
         <name>.bss</name>
         <uninitialized>true</uninitialized>
         <run_address>0x5fdc</run_address>
         <size>0x232</size>
         <input_file_ref idref="fl-38"/>
      </object_component>
      <object_component id="oc-13d">
         <name>.bss</name>
         <uninitialized>true</uninitialized>
         <run_address>0x620e</run_address>
         <size>0x1a0</size>
         <input_file_ref idref="fl-48"/>
      </object_component>
      <object_component id="oc-160">
         <name>.bss</name>
         <uninitialized>true</uninitialized>
         <run_address>0x63ae</run_address>
         <size>0x2</size>
         <input_file_ref idref="fl-50"/>
      </object_component>
      <object_component id="oc-6e">
         <name>.bss</name>
         <uninitialized>true</uninitialized>
         <run_address>0x63b0</run_address>
         <size>0x108</size>
         <input_file_ref idref="fl-1a"/>
      </object_component>
      <object_component id="oc-11e">
         <name>.bss</name>
         <uninitialized>true</uninitialized>
         <run_address>0x64b8</run_address>
         <size>0xe2</size>
         <input_file_ref idref="fl-41"/>
      </object_component>
      <object_component id="oc-74">
         <name>.bss</name>
         <uninitialized>true</uninitialized>
         <run_address>0x659a</run_address>
         <size>0x54</size>
         <input_file_ref idref="fl-1b"/>
      </object_component>
      <object_component id="oc-7b">
         <name>.bss</name>
         <uninitialized>true</uninitialized>
         <run_address>0x65f0</run_address>
         <size>0x24</size>
         <input_file_ref idref="fl-1c"/>
      </object_component>
      <object_component id="oc-3e">
         <name>.bss</name>
         <uninitialized>true</uninitialized>
         <run_address>0x6614</run_address>
         <size>0x10</size>
         <input_file_ref idref="fl-11"/>
      </object_component>
      <object_component id="oc-166">
         <name>.bss</name>
         <uninitialized>true</uninitialized>
         <run_address>0x6624</run_address>
         <size>0xc</size>
         <input_file_ref idref="fl-51"/>
      </object_component>
      <object_component id="oc-55">
         <name>.bss</name>
         <uninitialized>true</uninitialized>
         <run_address>0x6630</run_address>
         <size>0x8</size>
         <input_file_ref idref="fl-15"/>
      </object_component>
      <object_component id="oc-da">
         <name>.bss</name>
         <uninitialized>true</uninitialized>
         <run_address>0x6638</run_address>
         <size>0x8</size>
         <input_file_ref idref="fl-31"/>
      </object_component>
      <object_component id="oc-96">
         <name>.bss</name>
         <uninitialized>true</uninitialized>
         <run_address>0x6640</run_address>
         <size>0x8</size>
         <input_file_ref idref="fl-22"/>
      </object_component>
      <object_component id="oc-4a">
         <name>.bss</name>
         <uninitialized>true</uninitialized>
         <run_address>0x6648</run_address>
         <size>0x4</size>
         <input_file_ref idref="fl-13"/>
      </object_component>
      <object_component id="oc-1a">
         <name>.const:.string</name>
         <load_address>0x664c</load_address>
         <run_address>0x664c</run_address>
         <size>0x2e8</size>
         <input_file_ref idref="fl-3"/>
      </object_component>
      <object_component id="oc-178">
         <name>.const:__ctypes_</name>
         <load_address>0x6934</load_address>
         <run_address>0x6934</run_address>
         <size>0x202</size>
         <input_file_ref idref="fl-37"/>
      </object_component>
      <object_component id="oc-176">
         <name>.const:_consolas_8ptBitmaps</name>
         <load_address>0x6b36</load_address>
         <run_address>0x6b36</run_address>
         <size>0xc0</size>
         <input_file_ref idref="fl-7"/>
      </object_component>
      <object_component id="oc-35">
         <name>.const</name>
         <load_address>0x6bf6</load_address>
         <run_address>0x6bf6</run_address>
         <size>0x2</size>
         <input_file_ref idref="fl-7"/>
      </object_component>
      <object_component id="oc-e2">
         <name>.const:.string</name>
         <load_address>0x6bf8</load_address>
         <run_address>0x6bf8</run_address>
         <size>0x48</size>
         <input_file_ref idref="fl-32"/>
      </object_component>
      <object_component id="oc-2f">
         <name>.const:.string</name>
         <load_address>0x6c40</load_address>
         <run_address>0x6c40</run_address>
         <size>0x38</size>
         <input_file_ref idref="fl-6"/>
      </object_component>
      <object_component id="oc-2e">
         <name>.const</name>
         <load_address>0x6c78</load_address>
         <run_address>0x6c78</run_address>
         <size>0x28</size>
         <input_file_ref idref="fl-6"/>
      </object_component>
      <object_component id="oc-e1">
         <name>.const</name>
         <load_address>0x6ca0</load_address>
         <run_address>0x6ca0</run_address>
         <size>0x18</size>
         <input_file_ref idref="fl-32"/>
      </object_component>
      <object_component id="oc-a6">
         <name>.const</name>
         <load_address>0x6cb8</load_address>
         <run_address>0x6cb8</run_address>
         <size>0x18</size>
         <input_file_ref idref="fl-25"/>
      </object_component>
      <object_component id="oc-b4">
         <name>.const</name>
         <load_address>0x6cd0</load_address>
         <run_address>0x6cd0</run_address>
         <size>0x14</size>
         <input_file_ref idref="fl-28"/>
      </object_component>
      <object_component id="oc-177">
         <name>.const:_initial_approx$1</name>
         <load_address>0x6ce4</load_address>
         <run_address>0x6ce4</run_address>
         <size>0x10</size>
         <input_file_ref idref="fl-20"/>
      </object_component>
      <object_component id="oc-af">
         <name>.const</name>
         <load_address>0x6cf4</load_address>
         <run_address>0x6cf4</run_address>
         <size>0x10</size>
         <input_file_ref idref="fl-27"/>
      </object_component>
      <object_component id="oc-c9">
         <name>.const</name>
         <load_address>0x6d04</load_address>
         <run_address>0x6d04</run_address>
         <size>0x10</size>
         <input_file_ref idref="fl-2d"/>
      </object_component>
      <object_component id="oc-27">
         <name>.const</name>
         <load_address>0x6d14</load_address>
         <run_address>0x6d14</run_address>
         <size>0xc</size>
         <input_file_ref idref="fl-5"/>
      </object_component>
      <object_component id="oc-131">
         <name>.const</name>
         <load_address>0x6d20</load_address>
         <run_address>0x6d20</run_address>
         <size>0xc</size>
         <input_file_ref idref="fl-45"/>
      </object_component>
      <object_component id="oc-d2">
         <name>.const</name>
         <load_address>0x6d2c</load_address>
         <run_address>0x6d2c</run_address>
         <size>0x8</size>
         <input_file_ref idref="fl-2f"/>
      </object_component>
      <object_component id="oc-10e">
         <name>.const:.string</name>
         <load_address>0x6d34</load_address>
         <run_address>0x6d34</run_address>
         <size>0x4</size>
         <input_file_ref idref="fl-3d"/>
      </object_component>
      <object_component id="oc-105">
         <name>.const</name>
         <load_address>0x6d38</load_address>
         <run_address>0x6d38</run_address>
         <size>0x4</size>
         <input_file_ref idref="fl-3b"/>
      </object_component>
      <object_component id="oc-169">
         <name>.sysmem</name>
         <uninitialized>true</uninitialized>
         <run_address>0x30c0</run_address>
         <size>0x0</size>
         <input_file_ref idref="fl-51"/>
      </object_component>
      <object_component id="oc-191">
         <name>.sysmem</name>
         <uninitialized>true</uninitialized>
         <run_address>0x30c0</run_address>
         <size>0x0</size>
      </object_component>
      <object_component id="oc-175">
         <name>.switch:_printChar</name>
         <load_address>0x40768</load_address>
         <run_address>0x40768</run_address>
         <size>0x28</size>
         <input_file_ref idref="fl-7"/>
      </object_component>
      <object_component id="oc-3b">
         <name>.cinit</name>
         <load_address>0x40000</load_address>
         <run_address>0x40000</run_address>
         <size>0x410</size>
         <input_file_ref idref="fl-8"/>
      </object_component>
      <object_component id="oc-120">
         <name>.cinit</name>
         <load_address>0x40410</load_address>
         <run_address>0x40410</run_address>
         <size>0x5a</size>
         <input_file_ref idref="fl-41"/>
      </object_component>
      <object_component id="oc-f9">
         <name>.cinit</name>
         <load_address>0x4046a</load_address>
         <run_address>0x4046a</run_address>
         <size>0x54</size>
         <input_file_ref idref="fl-38"/>
      </object_component>
      <object_component id="oc-40">
         <name>.cinit</name>
         <load_address>0x404be</load_address>
         <run_address>0x404be</run_address>
         <size>0x18</size>
         <input_file_ref idref="fl-11"/>
      </object_component>
      <object_component id="oc-dc">
         <name>.cinit</name>
         <load_address>0x404d6</load_address>
         <run_address>0x404d6</run_address>
         <size>0x14</size>
         <input_file_ref idref="fl-31"/>
      </object_component>
      <object_component id="oc-98">
         <name>.cinit</name>
         <load_address>0x404ea</load_address>
         <run_address>0x404ea</run_address>
         <size>0x14</size>
         <input_file_ref idref="fl-22"/>
      </object_component>
      <object_component id="oc-76">
         <name>.cinit</name>
         <load_address>0x404fe</load_address>
         <run_address>0x404fe</run_address>
         <size>0x10</size>
         <input_file_ref idref="fl-1b"/>
      </object_component>
      <object_component id="oc-fd">
         <name>.cinit</name>
         <load_address>0x4050e</load_address>
         <run_address>0x4050e</run_address>
         <size>0x8</size>
         <input_file_ref idref="fl-39"/>
      </object_component>
      <object_component id="oc-162">
         <name>.cinit</name>
         <load_address>0x40516</load_address>
         <run_address>0x40516</run_address>
         <size>0x8</size>
         <input_file_ref idref="fl-50"/>
      </object_component>
      <object_component id="oc-168">
         <name>.cinit</name>
         <load_address>0x4051e</load_address>
         <run_address>0x4051e</run_address>
         <size>0x8</size>
         <input_file_ref idref="fl-51"/>
      </object_component>
      <object_component id="oc-143">
         <name>.cio</name>
         <uninitialized>true</uninitialized>
         <run_address>0x40528</run_address>
         <size>0x240</size>
         <input_file_ref idref="fl-49"/>
      </object_component>
      <object_component id="oc-60">
         <name>vectors</name>
         <load_address>0x4fe00</load_address>
         <run_address>0x4fe00</run_address>
         <size>0x100</size>
         <input_file_ref idref="fl-17"/>
      </object_component>
      <object_component id="oc-11">
         <name>vectors</name>
         <load_address>0x4ff00</load_address>
         <run_address>0x4ff00</run_address>
         <size>0x100</size>
         <input_file_ref idref="fl-30"/>
      </object_component>
      <object_component id="oc-14">
         <name>.debug_info</name>
         <load_address>0x0</load_address>
         <run_address>0x0</run_address>
         <size>0xc95</size>
         <input_file_ref idref="fl-2"/>
      </object_component>
      <object_component id="oc-19">
         <name>.debug_info</name>
         <load_address>0xc95</load_address>
         <run_address>0xc95</run_address>
         <size>0x1bec</size>
         <input_file_ref idref="fl-3"/>
      </object_component>
      <object_component id="oc-20">
         <name>.debug_info</name>
         <load_address>0x2881</load_address>
         <run_address>0x2881</run_address>
         <size>0x1077</size>
         <input_file_ref idref="fl-4"/>
      </object_component>
      <object_component id="oc-26">
         <name>.debug_info</name>
         <load_address>0x38f8</load_address>
         <run_address>0x38f8</run_address>
         <size>0x75c</size>
         <input_file_ref idref="fl-5"/>
      </object_component>
      <object_component id="oc-2d">
         <name>.debug_info</name>
         <load_address>0x4054</load_address>
         <run_address>0x4054</run_address>
         <size>0xe07</size>
         <input_file_ref idref="fl-6"/>
      </object_component>
      <object_component id="oc-34">
         <name>.debug_info</name>
         <load_address>0x4e5b</load_address>
         <run_address>0x4e5b</run_address>
         <size>0xd12</size>
         <input_file_ref idref="fl-7"/>
      </object_component>
      <object_component id="oc-3a">
         <name>.debug_info</name>
         <load_address>0x5b6d</load_address>
         <run_address>0x5b6d</run_address>
         <size>0x511</size>
         <input_file_ref idref="fl-8"/>
      </object_component>
      <object_component id="oc-3f">
         <name>.debug_info</name>
         <load_address>0x607e</load_address>
         <run_address>0x607e</run_address>
         <size>0x6384</size>
         <input_file_ref idref="fl-11"/>
      </object_component>
      <object_component id="oc-45">
         <name>.debug_info</name>
         <load_address>0xc402</load_address>
         <run_address>0xc402</run_address>
         <size>0x5f6b</size>
         <input_file_ref idref="fl-12"/>
      </object_component>
      <object_component id="oc-4b">
         <name>.debug_info</name>
         <load_address>0x1236d</load_address>
         <run_address>0x1236d</run_address>
         <size>0x6979</size>
         <input_file_ref idref="fl-13"/>
      </object_component>
      <object_component id="oc-50">
         <name>.debug_info</name>
         <load_address>0x18ce6</load_address>
         <run_address>0x18ce6</run_address>
         <size>0x65d7</size>
         <input_file_ref idref="fl-14"/>
      </object_component>
      <object_component id="oc-56">
         <name>.debug_info</name>
         <load_address>0x1f2bd</load_address>
         <run_address>0x1f2bd</run_address>
         <size>0x63d2</size>
         <input_file_ref idref="fl-15"/>
      </object_component>
      <object_component id="oc-5b">
         <name>.debug_info</name>
         <load_address>0x2568f</load_address>
         <run_address>0x2568f</run_address>
         <size>0x5896</size>
         <input_file_ref idref="fl-16"/>
      </object_component>
      <object_component id="oc-61">
         <name>.debug_info</name>
         <load_address>0x2af25</load_address>
         <run_address>0x2af25</run_address>
         <size>0x1a4</size>
         <input_file_ref idref="fl-17"/>
      </object_component>
      <object_component id="oc-65">
         <name>.debug_info</name>
         <load_address>0x2b0c9</load_address>
         <run_address>0x2b0c9</run_address>
         <size>0x6ebb</size>
         <input_file_ref idref="fl-18"/>
      </object_component>
      <object_component id="oc-6a">
         <name>.debug_info</name>
         <load_address>0x31f84</load_address>
         <run_address>0x31f84</run_address>
         <size>0x18e</size>
         <input_file_ref idref="fl-19"/>
      </object_component>
      <object_component id="oc-6f">
         <name>.debug_info</name>
         <load_address>0x32112</load_address>
         <run_address>0x32112</run_address>
         <size>0x6f61</size>
         <input_file_ref idref="fl-1a"/>
      </object_component>
      <object_component id="oc-75">
         <name>.debug_info</name>
         <load_address>0x39073</load_address>
         <run_address>0x39073</run_address>
         <size>0x710f</size>
         <input_file_ref idref="fl-1b"/>
      </object_component>
      <object_component id="oc-7c">
         <name>.debug_info</name>
         <load_address>0x40182</load_address>
         <run_address>0x40182</run_address>
         <size>0x7424</size>
         <input_file_ref idref="fl-1c"/>
      </object_component>
      <object_component id="oc-81">
         <name>.debug_info</name>
         <load_address>0x475a6</load_address>
         <run_address>0x475a6</run_address>
         <size>0x6ced</size>
         <input_file_ref idref="fl-1d"/>
      </object_component>
      <object_component id="oc-86">
         <name>.debug_info</name>
         <load_address>0x4e293</load_address>
         <run_address>0x4e293</run_address>
         <size>0x5ab</size>
         <input_file_ref idref="fl-1e"/>
      </object_component>
      <object_component id="oc-8a">
         <name>.debug_info</name>
         <load_address>0x4e83e</load_address>
         <run_address>0x4e83e</run_address>
         <size>0xe8</size>
         <input_file_ref idref="fl-1f"/>
      </object_component>
      <object_component id="oc-8e">
         <name>.debug_info</name>
         <load_address>0x4e926</load_address>
         <run_address>0x4e926</run_address>
         <size>0x7e8</size>
         <input_file_ref idref="fl-20"/>
      </object_component>
      <object_component id="oc-92">
         <name>.debug_info</name>
         <load_address>0x4f10e</load_address>
         <run_address>0x4f10e</run_address>
         <size>0x534</size>
         <input_file_ref idref="fl-21"/>
      </object_component>
      <object_component id="oc-97">
         <name>.debug_info</name>
         <load_address>0x4f642</load_address>
         <run_address>0x4f642</run_address>
         <size>0x5fb</size>
         <input_file_ref idref="fl-22"/>
      </object_component>
      <object_component id="oc-9d">
         <name>.debug_info</name>
         <load_address>0x4fc3d</load_address>
         <run_address>0x4fc3d</run_address>
         <size>0x4cf</size>
         <input_file_ref idref="fl-23"/>
      </object_component>
      <object_component id="oc-a1">
         <name>.debug_info</name>
         <load_address>0x5010c</load_address>
         <run_address>0x5010c</run_address>
         <size>0x534</size>
         <input_file_ref idref="fl-24"/>
      </object_component>
      <object_component id="oc-a5">
         <name>.debug_info</name>
         <load_address>0x50640</load_address>
         <run_address>0x50640</run_address>
         <size>0x7c0</size>
         <input_file_ref idref="fl-25"/>
      </object_component>
      <object_component id="oc-aa">
         <name>.debug_info</name>
         <load_address>0x50e00</load_address>
         <run_address>0x50e00</run_address>
         <size>0x53e</size>
         <input_file_ref idref="fl-26"/>
      </object_component>
      <object_component id="oc-ae">
         <name>.debug_info</name>
         <load_address>0x5133e</load_address>
         <run_address>0x5133e</run_address>
         <size>0x518</size>
         <input_file_ref idref="fl-27"/>
      </object_component>
      <object_component id="oc-b3">
         <name>.debug_info</name>
         <load_address>0x51856</load_address>
         <run_address>0x51856</run_address>
         <size>0x50e</size>
         <input_file_ref idref="fl-28"/>
      </object_component>
      <object_component id="oc-b8">
         <name>.debug_info</name>
         <load_address>0x51d64</load_address>
         <run_address>0x51d64</run_address>
         <size>0xbd</size>
         <input_file_ref idref="fl-29"/>
      </object_component>
      <object_component id="oc-bc">
         <name>.debug_info</name>
         <load_address>0x51e21</load_address>
         <run_address>0x51e21</run_address>
         <size>0x55b</size>
         <input_file_ref idref="fl-2a"/>
      </object_component>
      <object_component id="oc-c0">
         <name>.debug_info</name>
         <load_address>0x5237c</load_address>
         <run_address>0x5237c</run_address>
         <size>0x76c</size>
         <input_file_ref idref="fl-2b"/>
      </object_component>
      <object_component id="oc-c4">
         <name>.debug_info</name>
         <load_address>0x52ae8</load_address>
         <run_address>0x52ae8</run_address>
         <size>0x534</size>
         <input_file_ref idref="fl-2c"/>
      </object_component>
      <object_component id="oc-c8">
         <name>.debug_info</name>
         <load_address>0x5301c</load_address>
         <run_address>0x5301c</run_address>
         <size>0x52e</size>
         <input_file_ref idref="fl-2d"/>
      </object_component>
      <object_component id="oc-cd">
         <name>.debug_info</name>
         <load_address>0x5354a</load_address>
         <run_address>0x5354a</run_address>
         <size>0x4de</size>
         <input_file_ref idref="fl-2e"/>
      </object_component>
      <object_component id="oc-d1">
         <name>.debug_info</name>
         <load_address>0x53a28</load_address>
         <run_address>0x53a28</run_address>
         <size>0x521</size>
         <input_file_ref idref="fl-2f"/>
      </object_component>
      <object_component id="oc-d6">
         <name>.debug_info</name>
         <load_address>0x53f49</load_address>
         <run_address>0x53f49</run_address>
         <size>0xbc</size>
         <input_file_ref idref="fl-30"/>
      </object_component>
      <object_component id="oc-db">
         <name>.debug_info</name>
         <load_address>0x54005</load_address>
         <run_address>0x54005</run_address>
         <size>0x5bc</size>
         <input_file_ref idref="fl-31"/>
      </object_component>
      <object_component id="oc-e0">
         <name>.debug_info</name>
         <load_address>0x545c1</load_address>
         <run_address>0x545c1</run_address>
         <size>0x27bd</size>
         <input_file_ref idref="fl-32"/>
      </object_component>
      <object_component id="oc-e6">
         <name>.debug_info</name>
         <load_address>0x56d7e</load_address>
         <run_address>0x56d7e</run_address>
         <size>0x586</size>
         <input_file_ref idref="fl-33"/>
      </object_component>
      <object_component id="oc-ea">
         <name>.debug_info</name>
         <load_address>0x57304</load_address>
         <run_address>0x57304</run_address>
         <size>0x5a4</size>
         <input_file_ref idref="fl-34"/>
      </object_component>
      <object_component id="oc-ee">
         <name>.debug_info</name>
         <load_address>0x578a8</load_address>
         <run_address>0x578a8</run_address>
         <size>0xcd</size>
         <input_file_ref idref="fl-35"/>
      </object_component>
      <object_component id="oc-f2">
         <name>.debug_info</name>
         <load_address>0x57975</load_address>
         <run_address>0x57975</run_address>
         <size>0x81f</size>
         <input_file_ref idref="fl-36"/>
      </object_component>
      <object_component id="oc-f5">
         <name>.debug_info</name>
         <load_address>0x58194</load_address>
         <run_address>0x58194</run_address>
         <size>0x498</size>
         <input_file_ref idref="fl-37"/>
      </object_component>
      <object_component id="oc-f8">
         <name>.debug_info</name>
         <load_address>0x5862c</load_address>
         <run_address>0x5862c</run_address>
         <size>0x57e</size>
         <input_file_ref idref="fl-38"/>
      </object_component>
      <object_component id="oc-fc">
         <name>.debug_info</name>
         <load_address>0x58baa</load_address>
         <run_address>0x58baa</run_address>
         <size>0x47b</size>
         <input_file_ref idref="fl-39"/>
      </object_component>
      <object_component id="oc-100">
         <name>.debug_info</name>
         <load_address>0x59025</load_address>
         <run_address>0x59025</run_address>
         <size>0x4cf</size>
         <input_file_ref idref="fl-3a"/>
      </object_component>
      <object_component id="oc-104">
         <name>.debug_info</name>
         <load_address>0x594f4</load_address>
         <run_address>0x594f4</run_address>
         <size>0x549</size>
         <input_file_ref idref="fl-3b"/>
      </object_component>
      <object_component id="oc-109">
         <name>.debug_info</name>
         <load_address>0x59a3d</load_address>
         <run_address>0x59a3d</run_address>
         <size>0x6aa</size>
         <input_file_ref idref="fl-3c"/>
      </object_component>
      <object_component id="oc-10d">
         <name>.debug_info</name>
         <load_address>0x5a0e7</load_address>
         <run_address>0x5a0e7</run_address>
         <size>0x942</size>
         <input_file_ref idref="fl-3d"/>
      </object_component>
      <object_component id="oc-112">
         <name>.debug_info</name>
         <load_address>0x5aa29</load_address>
         <run_address>0x5aa29</run_address>
         <size>0x4d2</size>
         <input_file_ref idref="fl-3e"/>
      </object_component>
      <object_component id="oc-116">
         <name>.debug_info</name>
         <load_address>0x5aefb</load_address>
         <run_address>0x5aefb</run_address>
         <size>0x680</size>
         <input_file_ref idref="fl-3f"/>
      </object_component>
      <object_component id="oc-11a">
         <name>.debug_info</name>
         <load_address>0x5b57b</load_address>
         <run_address>0x5b57b</run_address>
         <size>0x7d4</size>
         <input_file_ref idref="fl-40"/>
      </object_component>
      <object_component id="oc-11f">
         <name>.debug_info</name>
         <load_address>0x5bd4f</load_address>
         <run_address>0x5bd4f</run_address>
         <size>0x144b</size>
         <input_file_ref idref="fl-41"/>
      </object_component>
      <object_component id="oc-124">
         <name>.debug_info</name>
         <load_address>0x5d19a</load_address>
         <run_address>0x5d19a</run_address>
         <size>0x5ad</size>
         <input_file_ref idref="fl-42"/>
      </object_component>
      <object_component id="oc-128">
         <name>.debug_info</name>
         <load_address>0x5d747</load_address>
         <run_address>0x5d747</run_address>
         <size>0x574</size>
         <input_file_ref idref="fl-43"/>
      </object_component>
      <object_component id="oc-12c">
         <name>.debug_info</name>
         <load_address>0x5dcbb</load_address>
         <run_address>0x5dcbb</run_address>
         <size>0xd1</size>
         <input_file_ref idref="fl-44"/>
      </object_component>
      <object_component id="oc-130">
         <name>.debug_info</name>
         <load_address>0x5dd8c</load_address>
         <run_address>0x5dd8c</run_address>
         <size>0x50c</size>
         <input_file_ref idref="fl-45"/>
      </object_component>
      <object_component id="oc-135">
         <name>.debug_info</name>
         <load_address>0x5e298</load_address>
         <run_address>0x5e298</run_address>
         <size>0x4b7</size>
         <input_file_ref idref="fl-46"/>
      </object_component>
      <object_component id="oc-139">
         <name>.debug_info</name>
         <load_address>0x5e74f</load_address>
         <run_address>0x5e74f</run_address>
         <size>0x4f2</size>
         <input_file_ref idref="fl-47"/>
      </object_component>
      <object_component id="oc-13e">
         <name>.debug_info</name>
         <load_address>0x5ec41</load_address>
         <run_address>0x5ec41</run_address>
         <size>0xed4</size>
         <input_file_ref idref="fl-48"/>
      </object_component>
      <object_component id="oc-142">
         <name>.debug_info</name>
         <load_address>0x5fb15</load_address>
         <run_address>0x5fb15</run_address>
         <size>0x744</size>
         <input_file_ref idref="fl-49"/>
      </object_component>
      <object_component id="oc-148">
         <name>.debug_info</name>
         <load_address>0x60259</load_address>
         <run_address>0x60259</run_address>
         <size>0xef</size>
         <input_file_ref idref="fl-4a"/>
      </object_component>
      <object_component id="oc-14c">
         <name>.debug_info</name>
         <load_address>0x60348</load_address>
         <run_address>0x60348</run_address>
         <size>0x662</size>
         <input_file_ref idref="fl-4b"/>
      </object_component>
      <object_component id="oc-150">
         <name>.debug_info</name>
         <load_address>0x609aa</load_address>
         <run_address>0x609aa</run_address>
         <size>0x4f2</size>
         <input_file_ref idref="fl-4c"/>
      </object_component>
      <object_component id="oc-154">
         <name>.debug_info</name>
         <load_address>0x60e9c</load_address>
         <run_address>0x60e9c</run_address>
         <size>0x706</size>
         <input_file_ref idref="fl-4d"/>
      </object_component>
      <object_component id="oc-158">
         <name>.debug_info</name>
         <load_address>0x615a2</load_address>
         <run_address>0x615a2</run_address>
         <size>0x5f7</size>
         <input_file_ref idref="fl-4e"/>
      </object_component>
      <object_component id="oc-15c">
         <name>.debug_info</name>
         <load_address>0x61b99</load_address>
         <run_address>0x61b99</run_address>
         <size>0x64a</size>
         <input_file_ref idref="fl-4f"/>
      </object_component>
      <object_component id="oc-161">
         <name>.debug_info</name>
         <load_address>0x621e3</load_address>
         <run_address>0x621e3</run_address>
         <size>0xa1c</size>
         <input_file_ref idref="fl-50"/>
      </object_component>
      <object_component id="oc-167">
         <name>.debug_info</name>
         <load_address>0x62bff</load_address>
         <run_address>0x62bff</run_address>
         <size>0xb97</size>
         <input_file_ref idref="fl-51"/>
      </object_component>
      <object_component id="oc-16d">
         <name>.debug_info</name>
         <load_address>0x63796</load_address>
         <run_address>0x63796</run_address>
         <size>0x64f</size>
         <input_file_ref idref="fl-52"/>
      </object_component>
      <object_component id="oc-171">
         <name>.debug_info</name>
         <load_address>0x63de5</load_address>
         <run_address>0x63de5</run_address>
         <size>0x510</size>
         <input_file_ref idref="fl-53"/>
      </object_component>
      <object_component id="oc-198">
         <name>.debug_info</name>
         <load_address>0x642f5</load_address>
         <run_address>0x642f5</run_address>
         <size>0x6e</size>
      </object_component>
      <object_component id="oc-15">
         <name>.debug_frame</name>
         <load_address>0x0</load_address>
         <run_address>0x0</run_address>
         <size>0x171</size>
         <input_file_ref idref="fl-2"/>
      </object_component>
      <object_component id="oc-1b">
         <name>.debug_frame</name>
         <load_address>0x171</load_address>
         <run_address>0x171</run_address>
         <size>0x121</size>
         <input_file_ref idref="fl-3"/>
      </object_component>
      <object_component id="oc-22">
         <name>.debug_frame</name>
         <load_address>0x292</load_address>
         <run_address>0x292</run_address>
         <size>0x16a</size>
         <input_file_ref idref="fl-4"/>
      </object_component>
      <object_component id="oc-28">
         <name>.debug_frame</name>
         <load_address>0x3fc</load_address>
         <run_address>0x3fc</run_address>
         <size>0xe6</size>
         <input_file_ref idref="fl-5"/>
      </object_component>
      <object_component id="oc-30">
         <name>.debug_frame</name>
         <load_address>0x4e2</load_address>
         <run_address>0x4e2</run_address>
         <size>0x119</size>
         <input_file_ref idref="fl-6"/>
      </object_component>
      <object_component id="oc-36">
         <name>.debug_frame</name>
         <load_address>0x5fb</load_address>
         <run_address>0x5fb</run_address>
         <size>0x13b</size>
         <input_file_ref idref="fl-7"/>
      </object_component>
      <object_component id="oc-41">
         <name>.debug_frame</name>
         <load_address>0x736</load_address>
         <run_address>0x736</run_address>
         <size>0x102</size>
         <input_file_ref idref="fl-11"/>
      </object_component>
      <object_component id="oc-46">
         <name>.debug_frame</name>
         <load_address>0x838</load_address>
         <run_address>0x838</run_address>
         <size>0x13a</size>
         <input_file_ref idref="fl-12"/>
      </object_component>
      <object_component id="oc-4c">
         <name>.debug_frame</name>
         <load_address>0x972</load_address>
         <run_address>0x972</run_address>
         <size>0x171</size>
         <input_file_ref idref="fl-13"/>
      </object_component>
      <object_component id="oc-51">
         <name>.debug_frame</name>
         <load_address>0xae3</load_address>
         <run_address>0xae3</run_address>
         <size>0x138</size>
         <input_file_ref idref="fl-14"/>
      </object_component>
      <object_component id="oc-57">
         <name>.debug_frame</name>
         <load_address>0xc1b</load_address>
         <run_address>0xc1b</run_address>
         <size>0x138</size>
         <input_file_ref idref="fl-15"/>
      </object_component>
      <object_component id="oc-5c">
         <name>.debug_frame</name>
         <load_address>0xd53</load_address>
         <run_address>0xd53</run_address>
         <size>0x116</size>
         <input_file_ref idref="fl-16"/>
      </object_component>
      <object_component id="oc-66">
         <name>.debug_frame</name>
         <load_address>0xe69</load_address>
         <run_address>0xe69</run_address>
         <size>0x272</size>
         <input_file_ref idref="fl-18"/>
      </object_component>
      <object_component id="oc-70">
         <name>.debug_frame</name>
         <load_address>0x10db</load_address>
         <run_address>0x10db</run_address>
         <size>0x2a1</size>
         <input_file_ref idref="fl-1a"/>
      </object_component>
      <object_component id="oc-77">
         <name>.debug_frame</name>
         <load_address>0x137c</load_address>
         <run_address>0x137c</run_address>
         <size>0x197</size>
         <input_file_ref idref="fl-1b"/>
      </object_component>
      <object_component id="oc-7d">
         <name>.debug_frame</name>
         <load_address>0x1513</load_address>
         <run_address>0x1513</run_address>
         <size>0x1ef</size>
         <input_file_ref idref="fl-1c"/>
      </object_component>
      <object_component id="oc-82">
         <name>.debug_frame</name>
         <load_address>0x1702</load_address>
         <run_address>0x1702</run_address>
         <size>0x224</size>
         <input_file_ref idref="fl-1d"/>
      </object_component>
      <object_component id="oc-16">
         <name>.debug_line</name>
         <load_address>0x0</load_address>
         <run_address>0x0</run_address>
         <size>0xd0</size>
         <input_file_ref idref="fl-2"/>
      </object_component>
      <object_component id="oc-1c">
         <name>.debug_line</name>
         <load_address>0xd0</load_address>
         <run_address>0xd0</run_address>
         <size>0x253</size>
         <input_file_ref idref="fl-3"/>
      </object_component>
      <object_component id="oc-23">
         <name>.debug_line</name>
         <load_address>0x323</load_address>
         <run_address>0x323</run_address>
         <size>0x198</size>
         <input_file_ref idref="fl-4"/>
      </object_component>
      <object_component id="oc-29">
         <name>.debug_line</name>
         <load_address>0x4bb</load_address>
         <run_address>0x4bb</run_address>
         <size>0xb3</size>
         <input_file_ref idref="fl-5"/>
      </object_component>
      <object_component id="oc-31">
         <name>.debug_line</name>
         <load_address>0x56e</load_address>
         <run_address>0x56e</run_address>
         <size>0x18d</size>
         <input_file_ref idref="fl-6"/>
      </object_component>
      <object_component id="oc-37">
         <name>.debug_line</name>
         <load_address>0x6fb</load_address>
         <run_address>0x6fb</run_address>
         <size>0x1d6</size>
         <input_file_ref idref="fl-7"/>
      </object_component>
      <object_component id="oc-42">
         <name>.debug_line</name>
         <load_address>0x8d1</load_address>
         <run_address>0x8d1</run_address>
         <size>0x66e</size>
         <input_file_ref idref="fl-11"/>
      </object_component>
      <object_component id="oc-47">
         <name>.debug_line</name>
         <load_address>0xf3f</load_address>
         <run_address>0xf3f</run_address>
         <size>0x6ca</size>
         <input_file_ref idref="fl-12"/>
      </object_component>
      <object_component id="oc-4d">
         <name>.debug_line</name>
         <load_address>0x1609</load_address>
         <run_address>0x1609</run_address>
         <size>0x69c</size>
         <input_file_ref idref="fl-13"/>
      </object_component>
      <object_component id="oc-52">
         <name>.debug_line</name>
         <load_address>0x1ca5</load_address>
         <run_address>0x1ca5</run_address>
         <size>0x659</size>
         <input_file_ref idref="fl-14"/>
      </object_component>
      <object_component id="oc-58">
         <name>.debug_line</name>
         <load_address>0x22fe</load_address>
         <run_address>0x22fe</run_address>
         <size>0x653</size>
         <input_file_ref idref="fl-15"/>
      </object_component>
      <object_component id="oc-5d">
         <name>.debug_line</name>
         <load_address>0x2951</load_address>
         <run_address>0x2951</run_address>
         <size>0x59c</size>
         <input_file_ref idref="fl-16"/>
      </object_component>
      <object_component id="oc-62">
         <name>.debug_line</name>
         <load_address>0x2eed</load_address>
         <run_address>0x2eed</run_address>
         <size>0xa8</size>
         <input_file_ref idref="fl-17"/>
      </object_component>
      <object_component id="oc-67">
         <name>.debug_line</name>
         <load_address>0x2f95</load_address>
         <run_address>0x2f95</run_address>
         <size>0x94b</size>
         <input_file_ref idref="fl-18"/>
      </object_component>
      <object_component id="oc-6b">
         <name>.debug_line</name>
         <load_address>0x38e0</load_address>
         <run_address>0x38e0</run_address>
         <size>0xab</size>
         <input_file_ref idref="fl-19"/>
      </object_component>
      <object_component id="oc-71">
         <name>.debug_line</name>
         <load_address>0x398b</load_address>
         <run_address>0x398b</run_address>
         <size>0x83c</size>
         <input_file_ref idref="fl-1a"/>
      </object_component>
      <object_component id="oc-78">
         <name>.debug_line</name>
         <load_address>0x41c7</load_address>
         <run_address>0x41c7</run_address>
         <size>0x94c</size>
         <input_file_ref idref="fl-1b"/>
      </object_component>
      <object_component id="oc-7e">
         <name>.debug_line</name>
         <load_address>0x4b13</load_address>
         <run_address>0x4b13</run_address>
         <size>0x96d</size>
         <input_file_ref idref="fl-1c"/>
      </object_component>
      <object_component id="oc-83">
         <name>.debug_line</name>
         <load_address>0x5480</load_address>
         <run_address>0x5480</run_address>
         <size>0x7c8</size>
         <input_file_ref idref="fl-1d"/>
      </object_component>
      <object_component id="oc-87">
         <name>.debug_line</name>
         <load_address>0x5c48</load_address>
         <run_address>0x5c48</run_address>
         <size>0x5c</size>
         <input_file_ref idref="fl-1e"/>
      </object_component>
      <object_component id="oc-8b">
         <name>.debug_line</name>
         <load_address>0x5ca4</load_address>
         <run_address>0x5ca4</run_address>
         <size>0x54</size>
         <input_file_ref idref="fl-1f"/>
      </object_component>
      <object_component id="oc-8f">
         <name>.debug_line</name>
         <load_address>0x5cf8</load_address>
         <run_address>0x5cf8</run_address>
         <size>0x5b</size>
         <input_file_ref idref="fl-20"/>
      </object_component>
      <object_component id="oc-93">
         <name>.debug_line</name>
         <load_address>0x5d53</load_address>
         <run_address>0x5d53</run_address>
         <size>0x44</size>
         <input_file_ref idref="fl-21"/>
      </object_component>
      <object_component id="oc-9a">
         <name>.debug_line</name>
         <load_address>0x5d97</load_address>
         <run_address>0x5d97</run_address>
         <size>0x51</size>
         <input_file_ref idref="fl-22"/>
      </object_component>
      <object_component id="oc-9e">
         <name>.debug_line</name>
         <load_address>0x5de8</load_address>
         <run_address>0x5de8</run_address>
         <size>0x3d</size>
         <input_file_ref idref="fl-23"/>
      </object_component>
      <object_component id="oc-a2">
         <name>.debug_line</name>
         <load_address>0x5e25</load_address>
         <run_address>0x5e25</run_address>
         <size>0x3d</size>
         <input_file_ref idref="fl-24"/>
      </object_component>
      <object_component id="oc-a7">
         <name>.debug_line</name>
         <load_address>0x5e62</load_address>
         <run_address>0x5e62</run_address>
         <size>0x57</size>
         <input_file_ref idref="fl-25"/>
      </object_component>
      <object_component id="oc-ab">
         <name>.debug_line</name>
         <load_address>0x5eb9</load_address>
         <run_address>0x5eb9</run_address>
         <size>0x40</size>
         <input_file_ref idref="fl-26"/>
      </object_component>
      <object_component id="oc-b0">
         <name>.debug_line</name>
         <load_address>0x5ef9</load_address>
         <run_address>0x5ef9</run_address>
         <size>0x3a</size>
         <input_file_ref idref="fl-27"/>
[...]
      </symbol>
      <symbol id="sm-430">
         <name>_i2cHandle</name>
         <value>0x6610</value>
         <object_component_ref idref="oc-7b"/>
      </symbol>
      <symbol id="sm-475">
         <name>_GPIO_write</name>
         <value>0x238e3</value>
         <object_component_ref idref="oc-80"/>
      </symbol>
      <symbol id="sm-476">
         <name>_GPIO_read</name>
         <value>0x23860</value>
         <object_component_ref idref="oc-80"/>
      </symbol>
      <symbol id="sm-477">
         <name>_GPIO_close</name>
         <value>0x2372f</value>
         <object_component_ref idref="oc-80"/>
      </symbol>
      <symbol id="sm-478">
         <name>_GPIO_enableInt</name>
         <value>0x23b4c</value>
         <object_component_ref idref="oc-80"/>
      </symbol>
      <symbol id="sm-479">
         <name>_GPIO_clearInt</name>
         <value>0x23bd6</value>
         <object_component_ref idref="oc-80"/>
      </symbol>
      <symbol id="sm-47a">
         <name>_GPIO_statusBit</name>
         <value>0x23c62</value>
         <object_component_ref idref="oc-80"/>
      </symbol>
      <symbol id="sm-47b">
         <name>_GPIO_configBit</name>
         <value>0x23986</value>
         <object_component_ref idref="oc-80"/>
      </symbol>
      <symbol id="sm-47c">
         <name>_GPIO_reset</name>
         <value>0x23ce9</value>
         <object_component_ref idref="oc-80"/>
      </symbol>
      <symbol id="sm-47d">
         <name>_GPIO_getConfig</name>
         <value>0x237d8</value>
         <object_component_ref idref="oc-80"/>
      </symbol>
      <symbol id="sm-47e">
         <name>_GPIO_disableInt</name>
         <value>0x23ace</value>
         <object_component_ref idref="oc-80"/>
      </symbol>
      <symbol id="sm-47f">
         <name>_GPIO_config</name>
         <value>0x23753</value>
         <object_component_ref idref="oc-80"/>
      </symbol>
      <symbol id="sm-480">
         <name>_GPIO_open</name>
         <value>0x236eb</value>
         <object_component_ref idref="oc-80"/>
      </symbol>
      <symbol id="sm-48a">
         <name>__addd</name>
         <value>0x26958</value>
         <object_component_ref idref="oc-85"/>
      </symbol>
      <symbol id="sm-496">
         <name>__sysstack</name>
         <value>0x20c0</value>
         <object_component_ref idref="oc-174"/>
      </symbol>
      <symbol id="sm-497">
         <name>_c_int00</name>
         <value>0x289c9</value>
         <object_component_ref idref="oc-10"/>
      </symbol>
      <symbol id="sm-498">
         <name>__stack</name>
         <value>0xc0</value>
         <object_component_ref idref="oc-89"/>
      </symbol>
      <symbol id="sm-4a4">
         <name>__divd</name>
         <value>0x257a1</value>
         <object_component_ref idref="oc-8d"/>
      </symbol>
      <symbol id="sm-4af">
         <name>__divul</name>
         <value>0x27fd1</value>
         <object_component_ref idref="oc-91"/>
      </symbol>
      <symbol id="sm-4bf">
         <name>C$$EXIT</name>
         <value>0x28aee</value>
         <object_component_ref idref="oc-99"/>
      </symbol>
      <symbol id="sm-4c0">
         <name>_exit</name>
         <value>0x2898b</value>
         <object_component_ref idref="oc-95"/>
      </symbol>
      <symbol id="sm-4c1">
         <name>_abort</name>
         <value>0x28aed</value>
         <object_component_ref idref="oc-99"/>
      </symbol>
      <symbol id="sm-4c2">
         <name>__cleanup_ptr</name>
         <value>0x6640</value>
         <object_component_ref idref="oc-96"/>
      </symbol>
      <symbol id="sm-4c3">
         <name>__dtors_ptr</name>
         <value>0x6644</value>
         <object_component_ref idref="oc-96"/>
      </symbol>
      <symbol id="sm-4cd">
         <name>__fixdi</name>
         <value>0x289fd</value>
         <object_component_ref idref="oc-9c"/>
      </symbol>
      <symbol id="sm-4d7">
         <name>__fixdli</name>
         <value>0x28466</value>
         <object_component_ref idref="oc-a0"/>
      </symbol>
      <symbol id="sm-4e3">
         <name>_fmod</name>
         <value>0x26bb2</value>
         <object_component_ref idref="oc-a4"/>
      </symbol>
      <symbol id="sm-4ed">
         <name>__frcmpyd_div</name>
         <value>0x28381</value>
         <object_component_ref idref="oc-a9"/>
      </symbol>
      <symbol id="sm-4f9">
         <name>_frexp</name>
         <value>0x27b61</value>
         <object_component_ref idref="oc-ad"/>
      </symbol>
      <symbol id="sm-505">
         <name>_ldexp</name>
         <value>0x277e0</value>
         <object_component_ref idref="oc-b2"/>
      </symbol>
      <symbol id="sm-50d">
         <name>__mpyli</name>
         <value>0x28aa2</value>
         <object_component_ref idref="oc-b7"/>
      </symbol>
      <symbol id="sm-50e">
         <name>I$$LMPY</name>
         <value>0x28aa2</value>
         <object_component_ref idref="oc-b7"/>
      </symbol>
      <symbol id="sm-518">
         <name>__mpyd</name>
         <value>0x27446</value>
         <object_component_ref idref="oc-bb"/>
      </symbol>
      <symbol id="sm-522">
         <name>_printf</name>
         <value>0x28790</value>
         <object_component_ref idref="oc-bf"/>
      </symbol>
      <symbol id="sm-52d">
         <name>__remul</name>
         <value>0x283f4</value>
         <object_component_ref idref="oc-c3"/>
      </symbol>
      <symbol id="sm-539">
         <name>__nround</name>
         <value>0x28681</value>
         <object_component_ref idref="oc-c7"/>
      </symbol>
      <symbol id="sm-543">
         <name>__subd</name>
         <value>0x28a8e</value>
         <object_component_ref idref="oc-cc"/>
      </symbol>
      <symbol id="sm-54f">
         <name>__trunc</name>
         <value>0x2890b</value>
         <object_component_ref idref="oc-d0"/>
      </symbol>
      <symbol id="sm-559">
         <name>_Reset</name>
         <value>0x4ff00</value>
         <object_component_ref idref="oc-11"/>
      </symbol>
      <symbol id="sm-567">
         <name>__unlock</name>
         <value>0x663c</value>
         <object_component_ref idref="oc-da"/>
      </symbol>
      <symbol id="sm-568">
         <name>__lock</name>
         <value>0x6638</value>
         <object_component_ref idref="oc-da"/>
      </symbol>
      <symbol id="sm-569">
         <name>__register_lock</name>
         <value>0x28abd</value>
         <object_component_ref idref="oc-d9"/>
      </symbol>
      <symbol id="sm-56a">
         <name>__nop</name>
         <value>0x28ac5</value>
         <object_component_ref idref="oc-d9"/>
      </symbol>
      <symbol id="sm-56b">
         <name>__register_unlock</name>
         <value>0x28ab5</value>
         <object_component_ref idref="oc-d9"/>
      </symbol>
      <symbol id="sm-57d">
         <name>__printfi</name>
         <value>0x21362</value>
         <object_component_ref idref="oc-df"/>
      </symbol>
      <symbol id="sm-587">
         <name>__args_main</name>
         <value>0x2882d</value>
         <object_component_ref idref="oc-e5"/>
      </symbol>
      <symbol id="sm-588">
         <name>__TI_args_main</name>
         <value>0x1</value>
      </symbol>
      <symbol id="sm-592">
         <name>_atoi</name>
         <value>0x286e0</value>
         <object_component_ref idref="oc-e9"/>
      </symbol>
      <symbol id="sm-59a">
         <name>_auto_init</name>
         <value>0x287e0</value>
         <object_component_ref idref="oc-ed"/>
      </symbol>
      <symbol id="sm-5a4">
         <name>__eqld</name>
         <value>0x26f4b</value>
         <object_component_ref idref="oc-f1"/>
      </symbol>
      <symbol id="sm-5a5">
         <name>__cmpd</name>
         <value>0x26f7f</value>
         <object_component_ref idref="oc-f1"/>
      </symbol>
      <symbol id="sm-5a6">
         <name>__neqd</name>
         <value>0x26ded</value>
         <object_component_ref idref="oc-f1"/>
      </symbol>
      <symbol id="sm-5a7">
         <name>__gtrd</name>
         <value>0x26eb6</value>
         <object_component_ref idref="oc-f1"/>
      </symbol>
      <symbol id="sm-5a8">
         <name>__geqd</name>
         <value>0x26f01</value>
         <object_component_ref idref="oc-f1"/>
      </symbol>
      <symbol id="sm-5a9">
         <name>__leqd</name>
         <value>0x26e69</value>
         <object_component_ref idref="oc-f1"/>
      </symbol>
      <symbol id="sm-5aa">
         <name>__lssd</name>
         <value>0x26e21</value>
         <object_component_ref idref="oc-f1"/>
      </symbol>
      <symbol id="sm-5b2">
         <name>__ctypes_</name>
         <value>0x6934</value>
         <object_component_ref idref="oc-178"/>
      </symbol>
      <symbol id="sm-5bc">
         <name>__tmpnams</name>
         <value>0x60cc</value>
         <object_component_ref idref="oc-f7"/>
      </symbol>
      <symbol id="sm-5bd">
         <name>__ft_end</name>
         <value>0x620c</value>
         <object_component_ref idref="oc-f7"/>
      </symbol>
      <symbol id="sm-5be">
         <name>__ftable</name>
         <value>0x5fdc</value>
         <object_component_ref idref="oc-f7"/>
      </symbol>
      <symbol id="sm-5c8">
         <name>_errno</name>
         <value>0x5fda</value>
         <object_component_ref idref="oc-fb"/>
      </symbol>
      <symbol id="sm-5d2">
         <name>__fltid</name>
         <value>0x28ad7</value>
         <object_component_ref idref="oc-ff"/>
      </symbol>
      <symbol id="sm-5de">
         <name>__fltlid</name>
         <value>0x2861a</value>
         <object_component_ref idref="oc-103"/>
      </symbol>
      <symbol id="sm-5e8">
         <name>_putchar</name>
         <value>0x27fc2</value>
         <object_component_ref idref="oc-108"/>
      </symbol>
      <symbol id="sm-5e9">
         <name>_putc</name>
         <value>0x27f2b</value>
         <object_component_ref idref="oc-108"/>
      </symbol>
      <symbol id="sm-5ea">
         <name>_fputc</name>
         <value>0x27f2b</value>
         <object_component_ref idref="oc-108"/>
      </symbol>
      <symbol id="sm-5f8">
         <name>_puts</name>
         <value>0x27418</value>
         <object_component_ref idref="oc-10c"/>
      </symbol>
      <symbol id="sm-5f9">
         <name>_fputs</name>
         <value>0x272e3</value>
         <object_component_ref idref="oc-10c"/>
      </symbol>
      <symbol id="sm-603">
         <name>__frcmpyd</name>
         <value>0x2830b</value>
         <object_component_ref idref="oc-111"/>
      </symbol>
      <symbol id="sm-60d">
         <name>___isinf</name>
         <value>0x28a74</value>
         <object_component_ref idref="oc-115"/>
      </symbol>
      <symbol id="sm-617">
         <name>__divull</name>
         <value>0x2682f</value>
         <object_component_ref idref="oc-119"/>
      </symbol>
      <symbol id="sm-618">
         <name>__mpylli</name>
         <value>0x26777</value>
         <object_component_ref idref="oc-119"/>
      </symbol>
      <symbol id="sm-619">
         <name>__remlli</name>
         <value>0x26748</value>
         <object_component_ref idref="oc-119"/>
      </symbol>
      <symbol id="sm-61a">
         <name>__divlli</name>
         <value>0x26923</value>
         <object_component_ref idref="oc-119"/>
      </symbol>
      <symbol id="sm-61b">
         <name>__remull</name>
         <value>0x266fa</value>
         <object_component_ref idref="oc-119"/>
      </symbol>
      <symbol id="sm-62d">
         <name>_add_device</name>
         <value>0x24cd4</value>
         <object_component_ref idref="oc-11d"/>
      </symbol>
      <symbol id="sm-62e">
         <name>_rename</name>
         <value>0x249f6</value>
         <object_component_ref idref="oc-11d"/>
      </symbol>
      <symbol id="sm-62f">
         <name>_read</name>
         <value>0x24a85</value>
         <object_component_ref idref="oc-11d"/>
      </symbol>
      <symbol id="sm-630">
         <name>_unlink</name>
         <value>0x249c3</value>
         <object_component_ref idref="oc-11d"/>
      </symbol>
      <symbol id="sm-631">
         <name>_remove_device</name>
         <value>0x24a4f</value>
         <object_component_ref idref="oc-11d"/>
      </symbol>
      <symbol id="sm-632">
         <name>_open</name>
         <value>0x24b33</value>
         <object_component_ref idref="oc-11d"/>
      </symbol>
      <symbol id="sm-633">
         <name>_find_registered_device</name>
         <value>0x24c58</value>
         <object_component_ref idref="oc-11d"/>
      </symbol>
      <symbol id="sm-634">
         <name>_lseek</name>
         <value>0x24bf2</value>
         <object_component_ref idref="oc-11d"/>
      </symbol>
      <symbol id="sm-635">
         <name>_close</name>
         <value>0x24c61</value>
         <object_component_ref idref="oc-11d"/>
      </symbol>
      <symbol id="sm-636">
         <name>_write</name>
         <value>0x24881</value>
         <object_component_ref idref="oc-11d"/>
      </symbol>
      <symbol id="sm-640">
         <name>_ltoa</name>
         <value>0x28213</value>
         <object_component_ref idref="oc-123"/>
      </symbol>
      <symbol id="sm-64b">
         <name>_memccpy</name>
         <value>0x28a51</value>
         <object_component_ref idref="oc-127"/>
      </symbol>
      <symbol id="sm-653">
         <name>_memcpy</name>
         <value>0x2894c</value>
         <object_component_ref idref="oc-12b"/>
      </symbol>
      <symbol id="sm-65f">
         <name>_modf</name>
         <value>0x27db2</value>
         <object_component_ref idref="oc-12f"/>
      </symbol>
      <symbol id="sm-669">
         <name>__negd</name>
         <value>0x28ac7</value>
         <object_component_ref idref="oc-134"/>
      </symbol>
      <symbol id="sm-673">
         <name>__remli</name>
         <value>0x28878</value>
         <object_component_ref idref="oc-138"/>
      </symbol>
      <symbol id="sm-67f">
         <name>_HOSTopen</name>
         <value>0x250cf</value>
         <object_component_ref idref="oc-13c"/>
      </symbol>
      <symbol id="sm-680">
         <name>_HOSTread</name>
         <value>0x25042</value>
         <object_component_ref idref="oc-13c"/>
      </symbol>
      <symbol id="sm-681">
         <name>_HOSTtime</name>
         <value>0x24f36</value>
         <object_component_ref idref="oc-13c"/>
      </symbol>
      <symbol id="sm-682">
         <name>_getenv</name>
         <value>0x24dc4</value>
         <object_component_ref idref="oc-13c"/>
      </symbol>
      <symbol id="sm-683">
         <name>_HOSTrename</name>
         <value>0x24f94</value>
         <object_component_ref idref="oc-13c"/>
      </symbol>
      <symbol id="sm-684">
         <name>_HOSTclock</name>
         <value>0x2528e</value>
         <object_component_ref idref="oc-13c"/>
      </symbol>
      <symbol id="sm-685">
         <name>_HOSTwrite</name>
         <value>0x24e3f</value>
         <object_component_ref idref="oc-13c"/>
      </symbol>
      <symbol id="sm-686">
         <name>_HOSTlseek</name>
         <value>0x2516e</value>
         <object_component_ref idref="oc-13c"/>
      </symbol>
      <symbol id="sm-687">
         <name>_HOSTunlink</name>
         <value>0x24ecc</value>
         <object_component_ref idref="oc-13c"/>
      </symbol>
      <symbol id="sm-688">
         <name>_HOSTclose</name>
         <value>0x25223</value>
         <object_component_ref idref="oc-13c"/>
      </symbol>
      <symbol id="sm-69a">
         <name>C$$IO$$</name>
         <value>0x27f26</value>
         <object_component_ref idref="oc-144"/>
      </symbol>
      <symbol id="sm-69b">
         <name>__CIOBUF_</name>
         <value>0x40528</value>
         <object_component_ref idref="oc-143"/>
      </symbol>
      <symbol id="sm-69c">
         <name>_readmsg</name>
         <value>0x28542</value>
         <object_component_ref idref="oc-141"/>
      </symbol>
      <symbol id="sm-69d">
         <name>_writemsg</name>
         <value>0x27e71</value>
         <object_component_ref idref="oc-144"/>
      </symbol>
      <symbol id="sm-6a5">
         <name>__remu</name>
         <value>0x28a3c</value>
         <object_component_ref idref="oc-147"/>
      </symbol>
      <symbol id="sm-6a6">
         <name>__divu</name>
         <value>0x28a27</value>
         <object_component_ref idref="oc-147"/>
      </symbol>
      <symbol id="sm-6a7">
         <name>I$$UMOD</name>
         <value>0x28a3c</value>
         <object_component_ref idref="oc-147"/>
      </symbol>
      <symbol id="sm-6a8">
         <name>I$$UDIV</name>
         <value>0x28a27</value>
         <object_component_ref idref="oc-147"/>
      </symbol>
      <symbol id="sm-6b2">
         <name>__rd_ok</name>
         <value>0x27a38</value>
         <object_component_ref idref="oc-14b"/>
      </symbol>
      <symbol id="sm-6b3">
         <name>__wrt_ok</name>
         <value>0x279b8</value>
         <object_component_ref idref="oc-14b"/>
      </symbol>
      <symbol id="sm-6bd">
         <name>__divli</name>
         <value>0x288c3</value>
         <object_component_ref idref="oc-14f"/>
      </symbol>
      <symbol id="sm-6c7">
         <name>__doflush</name>
         <value>0x27cf0</value>
         <object_component_ref idref="oc-153"/>
      </symbol>
      <symbol id="sm-6c8">
         <name>_fflush</name>
         <value>0x27d59</value>
         <object_component_ref idref="oc-153"/>
      </symbol>
      <symbol id="sm-6d2">
         <name>_fseek</name>
         <value>0x285af</value>
         <object_component_ref idref="oc-157"/>
      </symbol>
      <symbol id="sm-6dc">
         <name>_setvbuf</name>
         <value>0x278d2</value>
         <object_component_ref idref="oc-15b"/>
      </symbol>
      <symbol id="sm-6eb">
         <name>__cleanup</name>
         <value>0x2659c</value>
         <object_component_ref idref="oc-15f"/>
      </symbol>
      <symbol id="sm-6ec">
         <name>_fopen</name>
         <value>0x266bf</value>
         <object_component_ref idref="oc-15f"/>
      </symbol>
      <symbol id="sm-6ed">
         <name>_freopen</name>
         <value>0x265f6</value>
         <object_component_ref idref="oc-15f"/>
      </symbol>
      <symbol id="sm-6fd">
         <name>__sys_memory</name>
         <value>0x30c0</value>
         <object_component_ref idref="oc-169"/>
      </symbol>
      <symbol id="sm-6fe">
         <name>_chkheap</name>
         <value>0x25773</value>
         <object_component_ref idref="oc-165"/>
      </symbol>
      <symbol id="sm-6ff">
         <name>_realloc</name>
         <value>0x25512</value>
         <object_component_ref idref="oc-165"/>
      </symbol>
      <symbol id="sm-700">
         <name>_free_memory</name>
         <value>0x2571d</value>
         <object_component_ref idref="oc-165"/>
      </symbol>
      <symbol id="sm-701">
         <name>_max_free</name>
         <value>0x256c3</value>
         <object_component_ref idref="oc-165"/>
      </symbol>
      <symbol id="sm-702">
         <name>_free</name>
         <value>0x252ec</value>
         <object_component_ref idref="oc-165"/>
      </symbol>
      <symbol id="sm-703">
         <name>_calloc</name>
         <value>0x2577b</value>
         <object_component_ref idref="oc-165"/>
      </symbol>
      <symbol id="sm-704">
         <name>_malloc</name>
         <value>0x2541d</value>
         <object_component_ref idref="oc-165"/>
      </symbol>
      <symbol id="sm-705">
         <name>_minit</name>
         <value>0x253b8</value>
         <object_component_ref idref="oc-165"/>
      </symbol>
      <symbol id="sm-70f">
         <name>_fclose</name>
         <value>0x28290</value>
         <object_component_ref idref="oc-16c"/>
      </symbol>
      <symbol id="sm-719">
         <name>_remove</name>
         <value>0x28ae3</value>
         <object_component_ref idref="oc-170"/>
      </symbol>
   </symbol_table>
</link_info>
