******************************************************************************
              TMS320C55x Linker PC v4.4.1                      
******************************************************************************
>> Linked Tue Jan 09 15:07:53 2018

OUTPUT FILE NAME:   <NoiseRemoval.out>
ENTRY POINT SYMBOL: "_c_int00"  address: 00027ea1


MEMORY CONFIGURATION

         name            origin    length      used     unused   attr    fill
                        (bytes)   (bytes)    (bytes)   (bytes)
----------------------  --------  ---------  --------  --------  ----  --------
PAGE 0:
  MMR                   00000000   000000c0  00000000  000000c0  RWIX
  DARAM0                000000c0   0000ff40  0000786c  000086d4  RWIX
  SARAM0                00010000   00010000  00000000  00010000  RWIX
  SARAM1                00020000   00020000  00007fc3  0001803d  RWIX
  SARAM2                00040000   0000fe00  000004b8  0000f948  RWIX
  VECS                  0004fe00   00000200  00000200  00000000  RWIX
  PDROM                 00ff8000   00008000  00000000  00008000  R IX

PAGE 2:
  IOPORT                00000000   00020000  00000000  00020000  RWI 


SECTION ALLOCATION MAP
(Addresses surrounded by []'s are displayed for convenience only!)

output                                                          attributes/
section   page  orgn(bytes) orgn(words) len(bytes) len(words)   input sections
--------  ----  ----------- ----------- ---------- ----------   --------------
.pinit       0   [ 00040000 ]  00020000          *   00000000   UNINITIALIZED

.stack       0   [ 000000c0 ]  00000060          *   00001000   UNINITIALIZED
                 [ 000000c0 ]  00000060          *   00001000   --HOLE--

.data        0   [ 000000c0 ]  00000060          *   00000000   UNINITIALIZED

.sysstack 
*            0   [ 000020c0 ]  00001060          *   00000800   UNINITIALIZED
                 [ 000020c0 ]  00001060          *   00000800   --HOLE--

.sysmem      0   [ 000030c0 ]  00001860          *   00001000   UNINITIALIZED
                 [ 000030c0 ]  00001860          *   00001000   --HOLE--

.bss.1       0   [ 000050c0 ]  00002860          *   00000cc3   UNINITIALIZED
                 [ 000050c0 ]  00002860          *   0000052e   main.obj (.bss)
                 [ 00005b1c ]  00002d8e          *   00000002   aic3204.obj (.bss)
                 [ 00005b20 ]  00002d90          *   00000408   ezdsp5535_aic3204_dma.obj (.bss)
                 [ 00006330 ]  00003198          *   00000119   rts55x.lib : defs.obj (.bss)
                 [ 00006562 ]  000032b1          *   000000d0              : trgdrv.obj (.bss)
                 [ 00006702 ]  00003381          *   00000001              : fopen.obj (.bss)
                 [ 00006704 ]  00003382          *   00000084   cslVC5505.lib : csl_intc.obj (.bss)
                 [ 0000680c ]  00003406          *   00000082   window.obj (.bss)
                 [ 00006910 ]  00003488          *   00000071   rts55x.lib : lowlev.obj (.bss)
                 [ 000069f2 ]  000034f9          *   0000002a   cslVC5505.lib : csl_i2s.obj (.bss)

.bss.2       0   [ 00006a48 ]  00003524          *   00000026   UNINITIALIZED
                 [ 00006a48 ]  00003524          *   00000012   cslVC5505.lib : csl_i2c.obj (.bss)
                 [ 00006a6c ]  00003536          *   00000006   rts55x.lib : memory.obj (.bss)
                 [ 00006a78 ]  0000353c          *   00000004   ezdsp5535bsl.lib : ezdsp5535_gpio.obj (.bss)
                 [ 00006a80 ]  00003540          *   00000004   rts55x.lib : _lock.obj (.bss)
                 [ 00006a88 ]  00003544          *   00000004              : exit.obj (.bss)
                 [ 00006a90 ]  00003548          *   00000002   ezdsp5535bsl.lib : ezdsp5535_i2s.obj (.bss)

.const.1     0   [ 00006b00 ]  00003580          *   0000070f   
                 [ 00006b00 ]  00003580          *   00000400   55xdspx_r3.lib : twiddle.obj (.const:twiddle)
                 [ 00007300 ]  00003980          *   00000174   aic3204_init.obj (.const:.string)
                 [ 000075e8 ]  00003af4          *   00000101   rts55x.lib : ctype.obj (.const:__ctypes_)
                 [ 000077ea ]  00003bf5          *   00000060   print_number.obj (.const:_consolas_8ptBitmaps)
                 [ 000078aa ]  00003c55          *   00000001   print_number.obj (.const)
                 [ 000078ac ]  00003c56          *   00000039   main.obj (.const:.string)

.const.2     0   [ 00007920 ]  00003c90          *   0000003e   
                 [ 00007920 ]  00003c90          *   00000024   rts55x.lib : _printfi.obj (.const:.string)
                 [ 00007968 ]  00003cb4          *   0000000c              : _printfi.obj (.const)
                 [ 00007980 ]  00003cc0          *   00000008              : divd.obj (.const:_initial_approx$1)
                 [ 00007990 ]  00003cc8          *   00000002              : fputs.obj (.const:.string)
                 [ 00007994 ]  00003cca          *   00000002   iir.obj (.const)
                 [ 00007998 ]  00003ccc          *   00000002   rts55x.lib : fltlid.obj (.const)

.text        0     00020000  [ 00010000 ] 00007fc3          *   
                   00020000  [ 00010000 ] 000015a4          *   rts55x.lib : _printfi.obj (.text)
                   000215a4  [ 00010ad2 ] 00000c3c          *   cslVC5505.lib : csl_i2c.obj (.text)
                   000221e0  [ 000110f0 ] 000009f3          *                 : csl_i2s.obj (.text)
                   00022bd3  [ 000115e9+] 0000068d          *                 : csl_gpio.obj (.text)
                   00023260  [ 00011930 ] 000005b5          *   aic3204_init.obj (.text)
                   00023815  [ 00011c0a+] 00000554          *   cslVC5505.lib : csl_intc.obj (.text)
                   00023d69  [ 00011eb4+] 00000543          *   rts55x.lib : lowlev.obj (.text)
                   000242ac  [ 00012156 ] 00000528          *              : trgdrv.obj (.text)
                   000247d4  [ 000123ea ] 000004b5          *              : memory.obj (.text)
                   00024c89  [ 00012644+] 00000444          *   main.obj (.text)
                   000250cd  [ 00012866+] 000003cc          *   rts55x.lib : divd.obj (.text)
                   00025499  [ 00012a4c+] 000003b0          *   iir.obj (.text)
                   00025849  [ 00012c24+] 0000031b          *   ezdsp5535_aic3204_dma.obj (.text)
                   00025b64  [ 00012db2 ] 000002d2          *   print_number.obj (.text)
                   00025e36  [ 00012f1b ] 0000027f          *   rts55x.lib : fopen.obj (.text)
                   000260b5  [ 0001305a+] 0000025e          *              : llmpy.obj (.text)
                   00026313  [ 00013189+] 0000025a          *              : addd.obj (.text)
                   0002656d  [ 000132b6+] 000001ea          *              : cmpd.obj (.text)
                   00026757  [ 000133ab+] 000001d3          *   55xdspx_r3.lib : cfft_scale.obj (.text)
                   0002692a  [ 00013495 ] 00000192          *   ezdsp5535bsl.lib : ezdsp5535_lcd.obj (.text)
                   00026abc  [ 0001355e ] 00000163          *   rts55x.lib : fputs.obj (.text)
                   00026c1f  [ 0001360f+] 0000014c          *              : mpyd.obj (.text)
                   00026d6b  [ 000136b5+] 00000107          *   ezdsp5535bsl.lib : ezdsp5535_i2s.obj (.text)
                   00026e72  [ 00013739 ] 000000e6          *   rts55x.lib : setvbuf.obj (.text)
                   00026f58  [ 000137ac ] 000000dd          *              : _io_perm.obj (.text)
                   00027035  [ 0001381a+] 000000d6          *   55xdspx_r3.lib : cbrev.obj (.text)
                   0002710b  [ 00013885+] 000000cc          *   ezdsp5535_aic3204_dma.obj (.text:retain)
                   000271d7  [ 000138eb+] 000000c3          *   aic3204.obj (.text)
                   0002729a  [ 0001394d ] 000000c2          *   rts55x.lib : fflush.obj (.text)
                   0002735c  [ 000139ae ] 000000ba          *              : trgmsg.obj (.text:CIO_breakpoint)
                   00027416  [ 00013a0b ] 000000a6          *              : fputc.obj (.text)
                   000274bc  [ 00013a5e ] 000000a1          *              : divul.obj (.text)
                   0002755d  [ 00013aae+] 0000008e          *   ezdsp5535bsl.lib : ezdsp5535_i2c.obj (.text)
                   000275eb  [ 00013af5+] 0000008d          *   55xdspx_r3.lib : unpack.obj (.text)
                   00027678  [ 00013b3c ] 0000008c          *   cslVC5505.lib : csl_irqplug.obj (.text)
                   00027704  [ 00013b82 ] 00000087          *   ezdsp5535bsl.lib : ezdsp5535_gpio.obj (.text)
                   0002778b  [ 00013bc5+] 0000007d          *   rts55x.lib : ltoa.obj (.text)
                   00027808  [ 00013c04 ] 0000007b          *              : fclose.obj (.text)
                   00027883  [ 00013c41+] 00000076          *              : frcmpyd.obj (.text)
                   000278f9  [ 00013c7c+] 00000073          *              : frcmpyd_div.obj (.text)
                   0002796c  [ 00013cb6 ] 00000072          *              : remul.obj (.text)
                   000279de  [ 00013cef ] 0000006f          *              : fixdli.obj (.text)
                   00027a4d  [ 00013d26+] 0000006d          *   cslVC5505.lib : vectors.obj (.text)
                   00027aba  [ 00013d5d ] 0000006d          *   rts55x.lib : trgmsg.obj (.text)
                   00027b27  [ 00013d93+] 0000006b          *              : fseek.obj (.text)
                   00027b92  [ 00013dc9 ] 00000067          *              : fltlid.obj (.text)
                   00027bf9  [ 00013dfc+] 0000005c          *              : atoi.obj (.text)
                   00027c55  [ 00013e2a+] 00000054          *   ezdsp5535bsl.lib : ezdsp5535.obj (.text)
                   00027ca9  [ 00013e54+] 00000050          *   rts55x.lib : printf.obj (.text)
                   00027cf9  [ 00013e7c+] 0000004d          *              : autoinit.obj (.text)
                   00027d46  [ 00013ea3 ] 0000004b          *              : args_main.obj (.text)
                   00027d91  [ 00013ec8+] 0000004b          *              : remli.obj (.text)
                   00027ddc  [ 00013eee ] 00000048          *              : divli.obj (.text)
                   00027e24  [ 00013f12 ] 0000003f          *              : memcpy.obj (.text)
                   00027e63  [ 00013f31+] 0000003e          *              : exit.obj (.text)
                   00027ea1  [ 00013f50+] 00000034          *              : boot.obj (.text)
                   00027ed5  [ 00013f6a+] 0000002a          *              : fixdi.obj (.text)
                   00027eff  [ 00013f7f+] 0000002a          *              : udiv.obj (.text)
                   00027f29  [ 00013f94+] 00000023          *              : memccpy.obj (.text)
                   00027f4c  [ 00013fa6 ] 0000001a          *              : isinf.obj (.text)
                   00027f66  [ 00013fb3 ] 00000014          *              : subd.obj (.text)
                   00027f7a  [ 00013fbd ] 00000013          *              : lmpy.obj (.text)
                   00027f8d  [ 00013fc6+] 00000012          *              : _lock.obj (.text)
                   00027f9f  [ 00013fcf+] 00000010          *              : negd.obj (.text)
                   00027faf  [ 00013fd7+] 0000000a          *              : remove.obj (.text)
                   00027fb9  [ 00013fdc+] 00000007          *              : exit.obj (.text:CIO_breakpoint)
                   00027fc0  [ 00013fe0 ] 00000002          *              : vectors.obj (.text)
                   00027fc2  [ 00013fe1 ] 00000001          *   --HOLE-- [fill = 20]

.cinit       0   [ 00040000 ]  00020000          *   00000128   
                 [ 00040000 ]  00020000          *   00000088   window.obj (.cinit)
                 [ 00040110 ]  00020088          *   0000002d   rts55x.lib : lowlev.obj (.cinit)
                 [ 0004016a ]  000200b5          *   0000002a              : defs.obj (.cinit)
                 [ 000401be ]  000200df          *   00000024   main.obj (.cinit)
                 [ 00040206 ]  00020103          *   0000000a   rts55x.lib : _lock.obj (.cinit)
                 [ 0004021a ]  0002010d          *   0000000a              : exit.obj (.cinit)
                 [ 0004022e ]  00020117          *   00000008   cslVC5505.lib : csl_i2s.obj (.cinit)
                 [ 0004023e ]  0002011f          *   00000004   rts55x.lib : fopen.obj (.cinit)
                 [ 00040246 ]  00020123          *   00000004              : memory.obj (.cinit)
                 [ 0004024e ]  00020127          *   00000001   --HOLE-- [fill = 0]

.cio         0   [ 00040250 ]  00020128          *   00000120   UNINITIALIZED
                 [ 00040250 ]  00020128          *   00000120   rts55x.lib : trgmsg.obj (.cio)

.switch      0   [ 00040490 ]  00020248          *   00000014   
                 [ 00040490 ]  00020248          *   00000014   print_number.obj (.switch:_printChar)

vectors      0     0004fe00  [ 00027f00 ] 00000200          *   
                   0004fe00  [ 00027f00 ] 00000100          *   cslVC5505.lib : vectors.obj (vectors)
                   0004ff00  [ 00027f80 ] 00000100          *   rts55x.lib : vectors.obj (vectors)


GLOBAL SYMBOLS: SORTED ALPHABETICALLY BY Name 

abs. value/
byte addr   word addr   name
---------   ---------   ----
00000002                $TI_capability$C5500$CallingConvention
00000002                $TI_capability$C5500$MemoryModel
00000001                $TI_capability_requires_rev3
ffffffff                .bss
ffffffff                .data
ffffffff                .text
00027fba                C$$EXIT
00027411                C$$IO$$
00027f7a                I$$LMPY
00027eff                I$$UDIV
00027f14                I$$UMOD
0004fe00                RST
000271d7                _AIC3204_rget
00027222                _AIC3204_rset
            00002d98    _DMA_InputL
            00002e98    _DMA_InputR
            00002f98    _DMA_OutputL
            00003098    _DMA_OutputR
0002776d                _EZDSP5535_GPIO_getInput
00027704                _EZDSP5535_GPIO_init
0002772f                _EZDSP5535_GPIO_setDirection
00027753                _EZDSP5535_GPIO_setOutput
0002755d                _EZDSP5535_I2C_init
000275c3                _EZDSP5535_I2C_read
00027592                _EZDSP5535_I2C_reset
0002759d                _EZDSP5535_I2C_write
00026e60                _EZDSP5535_I2S_close
00026d6b                _EZDSP5535_I2S_init
00026dc4                _EZDSP5535_I2S_readLeft
00026e23                _EZDSP5535_I2S_readRight
00026df6                _EZDSP5535_I2S_writeLeft
00026e44                _EZDSP5535_I2S_writeRight
0002699d                _EZDSP5535_OSD9616_init
00026952                _EZDSP5535_OSD9616_multiSend
00026a7f                _EZDSP5535_OSD9616_printLetter
0002692a                _EZDSP5535_OSD9616_send
00027c9b                _EZDSP5535_init
00027c55                _EZDSP5535_wait
00027c89                _EZDSP5535_waitusec
000230be                _GPIO_clearInt
00022c17                _GPIO_close
00022c3b                _GPIO_config
00022e6e                _GPIO_configBit
00022fb6                _GPIO_disableInt
00023034                _GPIO_enableInt
00022cc0                _GPIO_getConfig
00022bd3                _GPIO_open
00022d48                _GPIO_read
000231d1                _GPIO_reset
0002314a                _GPIO_statusBit
00022dcb                _GPIO_write
            0000353c    _GpioObj
00024776                _HOSTclock
0002470b                _HOSTclose
00024656                _HOSTlseek
000245b7                _HOSTopen
0002452a                _HOSTread
0002447c                _HOSTrename
0002441e                _HOSTtime
000243b4                _HOSTunlink
00024327                _HOSTwrite
0002164d                _I2C_config
00022018                _I2C_eventDisable
00021ee4                _I2C_eventEnable
000217b2                _I2C_getConfig
000221c4                _I2C_getEventId
000215a4                _I2C_init
00021cc6                _I2C_read
00022137                _I2C_setCallback
00021888                _I2C_setup
00021a82                _I2C_write
00022615                _I2S_close
000221e0                _I2S_open
000226c7                _I2S_read
00022ad7                _I2S_reset
00022327                _I2S_setup
00022b88                _I2S_transEnable
00022981                _I2S_write
000238af                _IRQ_clear
00023919                _IRQ_clearAll
00023929                _IRQ_config
00023a4f                _IRQ_disable
00023acd                _IRQ_disableAll
00023adb                _IRQ_enable
00023bd5                _IRQ_getArg
000239bc                _IRQ_getConfig
00023d23                _IRQ_globalDisable
00023d3c                _IRQ_globalEnable
00023d55                _IRQ_globalRestore
00023815                _IRQ_init
00023c4e                _IRQ_map
00027678                _IRQ_plug
00023b65                _IRQ_restore
00023c1b                _IRQ_setArg
00023c80                _IRQ_setVecs
00023cb1                _IRQ_test
            00002860    _InputBufferL
            000028e0    _InputBufferR
00025761                _Nth_order_IIR
0004ff00                _Reset
0004fe00                _VECSTART
            00020128    __CIOBUF_
000237bc                __I2S_init
            00001060    __STACK_END
00002000                __STACK_SIZE
00002000                __SYSMEM_SIZE
00001000                __SYSSTACK_SIZE
00000001                __TI_args_main
ffffffff                ___binit__
ffffffff                ___bss__
ffffffff                ___c_args__
            00020000    ___cinit__
ffffffff                ___data__
ffffffff                ___edata__
ffffffff                ___end__
ffffffff                ___etext__
00027f4c                ___isinf
ffffffff                ___pinit__
ffffffff                ___text__
00026313                __addd
00027d46                __args_main
00025f57                __cleanup
            00003544    __cleanup_ptr
000266ff                __cmpd
            00003af4    __ctypes_
000250cd                __divd
00027ddc                __divli
000262de                __divlli
00027eff                __divu
000274bc                __divul
000261ea                __divull
0002729a                __doflush
            00003546    __dtors_ptr
000266cb                __eqld
00027ed5                __fixdi
000279de                __fixdli
00027b92                __fltlid
00027883                __frcmpyd
000278f9                __frcmpyd_div
            000032b0    __ft_end
            00003198    __ftable
00026681                __geqd
00026636                __gtrd
000265e9                __leqd
            00003540    __lock
000265a1                __lssd
00026c1f                __mpyd
00027f7a                __mpyli
00026132                __mpylli
00027f9f                __negd
0002656d                __neqd
00027f9d                __nop
00021362                __printfi
00026fd8                __rd_ok
00027f95                __register_lock
00027f8d                __register_unlock
00027d91                __remli
00026103                __remlli
00027f14                __remu
0002796c                __remul
000260b5                __remull
            00000060    __stack
00027f66                __subd
            00001860    __sys_memory
            00001060    __sysstack
            00003210    __tmpnams
            00003542    __unlock
00026f58                __wrt_ok
00027fb9                _abort
000241bc                _add_device
0002726f                _aic3204_codec_read
00027286                _aic3204_codec_write
0002725e                _aic3204_disable
00025849                _aic3204_dma_init
0002724c                _aic3204_hardware_init
00023260                _aic3204_init
000259d4                _aic3204_read_block
00025a89                _aic3204_write_block
00027bf9                _atoi
00027cf9                _auto_init
00027ea1                _c_int00
00024c63                _calloc
00027035                _cbrev
00026757                _cfft_SCALE
00024c5b                _chkheap
00025c02                _clearLCD
00024149                _close
            00002d68    _coefficients1070
            00002d70    _coefficients1580
            00002d78    _coefficients2680
            00002d60    _coefficients720
            00003bf5    _consolas_8ptBitmaps
            00002d8e    _counter1
            00002d8f    _counter2
00027e63                _exit
00027808                _fclose
00027303                _fflush
            00002b60    _fftSpectrumL
            00002c60    _fftSpectrumR
00024140                _find_registered_device
00025499                _first_order_IIR
0002607a                _fopen
000255d9                _fourth_order_IIR
00027416                _fputc
00026abc                _fputs
000247d4                _free
00024c05                _free_memory
00025fb1                _freopen
            00003521    _fsError
00027b27                _fseek
            00003524    _gI2cObj
000242ac                _getenv
            0000353e    _hGpio
            00003548    _hI2s
00025776                _halfband
            00003534    _i2cHandle
00025b64                _initPrintNumber
            00002960    _inputCopyL
            00002a60    _inputCopyR
            00002d80    _inputHistoryL
            00002d88    _inputHistoryR
000240da                _lseek
0002778b                _ltoa
00024c89                _main
00024905                _malloc
00024bab                _max_free
00027f29                _memccpy
00027e24                _memcpy
000248a0                _minit
0002401b                _open
            00003522    _ouError
            00002d84    _outputHistoryL
            00002d8c    _outputHistoryR
            00003486    _p_window
00025cd0                _printChar
00027ca9                _printf
00027416                _putc
000274ad                _putchar
00026bf1                _puts
00023f6d                _read
00027aba                _readmsg
000249fa                _realloc
00027faf                _remove
00023f37                _remove_device
00023ede                _rename
00025520                _second_order_IIR
00025788                _second_order_IIR_Direct_Form_II_f
00025cae                _setWritePointerToFirstChar
00023451                _set_sampling_frequency_and_gain
00026e72                _setvbuf
            00003c55    _sign_width
00023eab                _unlink
000275eb                _unpack
            00003406    _window
00023d69                _write
0002735c                _writemsg
ffffffff                binit
            00020000    cinit
ffffffff                edata
ffffffff                end
ffffffff                etext
ffffffff                pinit
            00003580    twiddle


GLOBAL SYMBOLS: SORTED BY Symbol Address 

abs. value/
byte addr   word addr   name
---------   ---------   ----
00000001                $TI_capability_requires_rev3
00000001                __TI_args_main
00000002                $TI_capability$C5500$CallingConvention
00000002                $TI_capability$C5500$MemoryModel
            00000060    __stack
00001000                __SYSSTACK_SIZE
00002000                __STACK_SIZE
00002000                __SYSMEM_SIZE
            00001060    __STACK_END
            00001060    __sysstack
            00001860    __sys_memory
            00002860    _InputBufferL
            000028e0    _InputBufferR
            00002960    _inputCopyL
            00002a60    _inputCopyR
            00002b60    _fftSpectrumL
            00002c60    _fftSpectrumR
            00002d60    _coefficients720
            00002d68    _coefficients1070
            00002d70    _coefficients1580
            00002d78    _coefficients2680
            00002d80    _inputHistoryL
            00002d84    _outputHistoryL
            00002d88    _inputHistoryR
            00002d8c    _outputHistoryR
            00002d8e    _counter1
            00002d8f    _counter2
            00002d98    _DMA_InputL
            00002e98    _DMA_InputR
            00002f98    _DMA_OutputL
            00003098    _DMA_OutputR
            00003198    __ftable
            00003210    __tmpnams
            000032b0    __ft_end
            00003406    _window
            00003486    _p_window
            00003521    _fsError
            00003522    _ouError
            00003524    _gI2cObj
            00003534    _i2cHandle
            0000353c    _GpioObj
            0000353e    _hGpio
            00003540    __lock
            00003542    __unlock
            00003544    __cleanup_ptr
            00003546    __dtors_ptr
            00003548    _hI2s
            00003580    twiddle
            00003af4    __ctypes_
            00003bf5    _consolas_8ptBitmaps
            00003c55    _sign_width
00021362                __printfi
000215a4                _I2C_init
0002164d                _I2C_config
000217b2                _I2C_getConfig
00021888                _I2C_setup
00021a82                _I2C_write
00021cc6                _I2C_read
00021ee4                _I2C_eventEnable
00022018                _I2C_eventDisable
00022137                _I2C_setCallback
000221c4                _I2C_getEventId
000221e0                _I2S_open
00022327                _I2S_setup
00022615                _I2S_close
000226c7                _I2S_read
00022981                _I2S_write
00022ad7                _I2S_reset
00022b88                _I2S_transEnable
00022bd3                _GPIO_open
00022c17                _GPIO_close
00022c3b                _GPIO_config
00022cc0                _GPIO_getConfig
00022d48                _GPIO_read
00022dcb                _GPIO_write
00022e6e                _GPIO_configBit
00022fb6                _GPIO_disableInt
00023034                _GPIO_enableInt
000230be                _GPIO_clearInt
0002314a                _GPIO_statusBit
000231d1                _GPIO_reset
00023260                _aic3204_init
00023451                _set_sampling_frequency_and_gain
000237bc                __I2S_init
00023815                _IRQ_init
000238af                _IRQ_clear
00023919                _IRQ_clearAll
00023929                _IRQ_config
000239bc                _IRQ_getConfig
00023a4f                _IRQ_disable
00023acd                _IRQ_disableAll
00023adb                _IRQ_enable
00023b65                _IRQ_restore
00023bd5                _IRQ_getArg
00023c1b                _IRQ_setArg
00023c4e                _IRQ_map
00023c80                _IRQ_setVecs
00023cb1                _IRQ_test
00023d23                _IRQ_globalDisable
00023d3c                _IRQ_globalEnable
00023d55                _IRQ_globalRestore
00023d69                _write
00023eab                _unlink
00023ede                _rename
00023f37                _remove_device
00023f6d                _read
0002401b                _open
000240da                _lseek
00024140                _find_registered_device
00024149                _close
000241bc                _add_device
000242ac                _getenv
00024327                _HOSTwrite
000243b4                _HOSTunlink
0002441e                _HOSTtime
0002447c                _HOSTrename
0002452a                _HOSTread
000245b7                _HOSTopen
00024656                _HOSTlseek
0002470b                _HOSTclose
00024776                _HOSTclock
000247d4                _free
000248a0                _minit
00024905                _malloc
000249fa                _realloc
00024bab                _max_free
00024c05                _free_memory
00024c5b                _chkheap
00024c63                _calloc
00024c89                _main
000250cd                __divd
00025499                _first_order_IIR
00025520                _second_order_IIR
000255d9                _fourth_order_IIR
00025761                _Nth_order_IIR
00025776                _halfband
00025788                _second_order_IIR_Direct_Form_II_f
00025849                _aic3204_dma_init
000259d4                _aic3204_read_block
00025a89                _aic3204_write_block
00025b64                _initPrintNumber
00025c02                _clearLCD
00025cae                _setWritePointerToFirstChar
00025cd0                _printChar
00025f57                __cleanup
00025fb1                _freopen
0002607a                _fopen
000260b5                __remull
00026103                __remlli
00026132                __mpylli
000261ea                __divull
000262de                __divlli
00026313                __addd
0002656d                __neqd
000265a1                __lssd
000265e9                __leqd
00026636                __gtrd
00026681                __geqd
000266cb                __eqld
000266ff                __cmpd
00026757                _cfft_SCALE
0002692a                _EZDSP5535_OSD9616_send
00026952                _EZDSP5535_OSD9616_multiSend
0002699d                _EZDSP5535_OSD9616_init
00026a7f                _EZDSP5535_OSD9616_printLetter
00026abc                _fputs
00026bf1                _puts
00026c1f                __mpyd
00026d6b                _EZDSP5535_I2S_init
00026dc4                _EZDSP5535_I2S_readLeft
00026df6                _EZDSP5535_I2S_writeLeft
00026e23                _EZDSP5535_I2S_readRight
00026e44                _EZDSP5535_I2S_writeRight
00026e60                _EZDSP5535_I2S_close
00026e72                _setvbuf
00026f58                __wrt_ok
00026fd8                __rd_ok
00027035                _cbrev
000271d7                _AIC3204_rget
00027222                _AIC3204_rset
0002724c                _aic3204_hardware_init
0002725e                _aic3204_disable
0002726f                _aic3204_codec_read
00027286                _aic3204_codec_write
0002729a                __doflush
00027303                _fflush
0002735c                _writemsg
00027411                C$$IO$$
00027416                _fputc
00027416                _putc
000274ad                _putchar
000274bc                __divul
0002755d                _EZDSP5535_I2C_init
00027592                _EZDSP5535_I2C_reset
0002759d                _EZDSP5535_I2C_write
000275c3                _EZDSP5535_I2C_read
000275eb                _unpack
00027678                _IRQ_plug
00027704                _EZDSP5535_GPIO_init
0002772f                _EZDSP5535_GPIO_setDirection
00027753                _EZDSP5535_GPIO_setOutput
0002776d                _EZDSP5535_GPIO_getInput
0002778b                _ltoa
00027808                _fclose
00027883                __frcmpyd
000278f9                __frcmpyd_div
0002796c                __remul
000279de                __fixdli
00027aba                _readmsg
00027b27                _fseek
00027b92                __fltlid
00027bf9                _atoi
00027c55                _EZDSP5535_wait
00027c89                _EZDSP5535_waitusec
00027c9b                _EZDSP5535_init
00027ca9                _printf
00027cf9                _auto_init
00027d46                __args_main
00027d91                __remli
00027ddc                __divli
00027e24                _memcpy
00027e63                _exit
00027ea1                _c_int00
00027ed5                __fixdi
00027eff                I$$UDIV
00027eff                __divu
00027f14                I$$UMOD
00027f14                __remu
00027f29                _memccpy
00027f4c                ___isinf
00027f66                __subd
00027f7a                I$$LMPY
00027f7a                __mpyli
00027f8d                __register_unlock
00027f95                __register_lock
00027f9d                __nop
00027f9f                __negd
00027faf                _remove
00027fb9                _abort
00027fba                C$$EXIT
            00020000    ___cinit__
            00020000    cinit
            00020128    __CIOBUF_
0004fe00                RST
0004fe00                _VECSTART
0004ff00                _Reset
ffffffff                .bss
ffffffff                .data
ffffffff                .text
ffffffff                ___binit__
ffffffff                ___bss__
ffffffff                ___c_args__
ffffffff                ___data__
ffffffff                ___edata__
ffffffff                ___end__
ffffffff                ___etext__
ffffffff                ___pinit__
ffffffff                ___text__
ffffffff                binit
ffffffff                edata
ffffffff                end
ffffffff                etext
ffffffff                pinit

[263 symbols]
