******************************************************************************
              TMS320C55x Linker PC v4.4.1                      
******************************************************************************
>> Linked Wed Jan 10 21:55:39 2018

OUTPUT FILE NAME:   <NoiseRemoval.out>
ENTRY POINT SYMBOL: "_c_int00"  address: 00027f8f


MEMORY CONFIGURATION

         name            origin    length      used     unused   attr    fill
                        (bytes)   (bytes)    (bytes)   (bytes)
----------------------  --------  ---------  --------  --------  ----  --------
PAGE 0:
  MMR                   00000000   000000c0  00000000  000000c0  RWIX
  DARAM0                000000c0   0000ff40  0000789c  000086a4  RWIX
  SARAM0                00010000   00010000  00000000  00010000  RWIX
  SARAM1                00020000   00020000  000080b1  00017f4f  RWIX
  SARAM2                00040000   0000fe00  000004b8  0000f948  RWIX
  VECS                  0004fe00   00000200  00000200  00000000  RWIX
  PDROM                 00ff8000   00008000  00000000  00008000  R IX

PAGE 2:
  IOPORT                00000000   00020000  00000000  00020000  RWI 


SECTION ALLOCATION MAP
(Addresses surrounded by []'s are displayed for convenience only!)

output                                                          attributes/
section   page  orgn(bytes) orgn(words) len(bytes) len(words)   input sections
--------  ----  ----------- ----------- ---------- ----------   --------------
.pinit       0   [ 00040000 ]  00020000          *   00000000   UNINITIALIZED

.stack       0   [ 000000c0 ]  00000060          *   00001000   UNINITIALIZED
                 [ 000000c0 ]  00000060          *   00001000   --HOLE--

.data        0   [ 000000c0 ]  00000060          *   00000000   UNINITIALIZED

.sysstack 
*            0   [ 000020c0 ]  00001060          *   00000800   UNINITIALIZED
                 [ 000020c0 ]  00001060          *   00000800   --HOLE--

.sysmem      0   [ 000030c0 ]  00001860          *   00001000   UNINITIALIZED
                 [ 000030c0 ]  00001860          *   00001000   --HOLE--

.bss.1       0   [ 000050c0 ]  00002860          *   00000cc3   UNINITIALIZED
                 [ 000050c0 ]  00002860          *   0000052e   main.obj (.bss)
                 [ 00005b1c ]  00002d8e          *   00000002   aic3204.obj (.bss)
                 [ 00005b20 ]  00002d90          *   00000408   ezdsp5535_aic3204_dma.obj (.bss)
                 [ 00006330 ]  00003198          *   00000119   rts55x.lib : defs.obj (.bss)
                 [ 00006562 ]  000032b1          *   000000d0              : trgdrv.obj (.bss)
                 [ 00006702 ]  00003381          *   00000001              : fopen.obj (.bss)
                 [ 00006704 ]  00003382          *   00000084   cslVC5505.lib : csl_intc.obj (.bss)
                 [ 0000680c ]  00003406          *   00000082   window.obj (.bss)
                 [ 00006910 ]  00003488          *   00000071   rts55x.lib : lowlev.obj (.bss)
                 [ 000069f2 ]  000034f9          *   0000002a   cslVC5505.lib : csl_i2s.obj (.bss)

.bss.2       0   [ 00006a48 ]  00003524          *   00000026   UNINITIALIZED
                 [ 00006a48 ]  00003524          *   00000012   cslVC5505.lib : csl_i2c.obj (.bss)
                 [ 00006a6c ]  00003536          *   00000006   rts55x.lib : memory.obj (.bss)
                 [ 00006a78 ]  0000353c          *   00000004   ezdsp5535bsl.lib : ezdsp5535_gpio.obj (.bss)
                 [ 00006a80 ]  00003540          *   00000004   rts55x.lib : _lock.obj (.bss)
                 [ 00006a88 ]  00003544          *   00000004              : exit.obj (.bss)
                 [ 00006a90 ]  00003548          *   00000002   ezdsp5535bsl.lib : ezdsp5535_i2s.obj (.bss)

.const.1     0   [ 00006b00 ]  00003580          *   00000727   
                 [ 00006b00 ]  00003580          *   00000400   55xdspx_r3.lib : twiddle.obj (.const:twiddle)
                 [ 00007300 ]  00003980          *   00000174   aic3204_init.obj (.const:.string)
                 [ 000075e8 ]  00003af4          *   00000101   rts55x.lib : ctype.obj (.const:__ctypes_)
                 [ 000077ea ]  00003bf5          *   00000060   print_number.obj (.const:_consolas_8ptBitmaps)
                 [ 000078aa ]  00003c55          *   00000001   print_number.obj (.const)
                 [ 000078ac ]  00003c56          *   00000051   main.obj (.const:.string)

.const.2     0   [ 00007950 ]  00003ca8          *   0000003e   
                 [ 00007950 ]  00003ca8          *   00000024   rts55x.lib : _printfi.obj (.const:.string)
                 [ 00007998 ]  00003ccc          *   0000000c              : _printfi.obj (.const)
                 [ 000079b0 ]  00003cd8          *   00000008              : divd.obj (.const:_initial_approx$1)
                 [ 000079c0 ]  00003ce0          *   00000002              : fputs.obj (.const:.string)
                 [ 000079c4 ]  00003ce2          *   00000002   iir.obj (.const)
                 [ 000079c8 ]  00003ce4          *   00000002   rts55x.lib : fltlid.obj (.const)

.text        0     00020000  [ 00010000 ] 000080b1          *   
                   00020000  [ 00010000 ] 000015a4          *   rts55x.lib : _printfi.obj (.text)
                   000215a4  [ 00010ad2 ] 00000c3c          *   cslVC5505.lib : csl_i2c.obj (.text)
                   000221e0  [ 000110f0 ] 000009f3          *                 : csl_i2s.obj (.text)
                   00022bd3  [ 000115e9+] 0000068d          *                 : csl_gpio.obj (.text)
                   00023260  [ 00011930 ] 000005b5          *   aic3204_init.obj (.text)
                   00023815  [ 00011c0a+] 00000554          *   cslVC5505.lib : csl_intc.obj (.text)
                   00023d69  [ 00011eb4+] 00000543          *   rts55x.lib : lowlev.obj (.text)
                   000242ac  [ 00012156 ] 00000532          *   main.obj (.text)
                   000247de  [ 000123ef ] 00000528          *   rts55x.lib : trgdrv.obj (.text)
                   00024d06  [ 00012683 ] 000004b5          *              : memory.obj (.text)
                   000251bb  [ 000128dd+] 000003cc          *              : divd.obj (.text)
                   00025587  [ 00012ac3+] 000003b0          *   iir.obj (.text)
                   00025937  [ 00012c9b+] 0000031b          *   ezdsp5535_aic3204_dma.obj (.text)
                   00025c52  [ 00012e29 ] 000002d2          *   print_number.obj (.text)
                   00025f24  [ 00012f92 ] 0000027f          *   rts55x.lib : fopen.obj (.text)
                   000261a3  [ 000130d1+] 0000025e          *              : llmpy.obj (.text)
                   00026401  [ 00013200+] 0000025a          *              : addd.obj (.text)
                   0002665b  [ 0001332d+] 000001ea          *              : cmpd.obj (.text)
                   00026845  [ 00013422+] 000001d3          *   55xdspx_r3.lib : cfft_scale.obj (.text)
                   00026a18  [ 0001350c ] 00000192          *   ezdsp5535bsl.lib : ezdsp5535_lcd.obj (.text)
                   00026baa  [ 000135d5 ] 00000163          *   rts55x.lib : fputs.obj (.text)
                   00026d0d  [ 00013686+] 0000014c          *              : mpyd.obj (.text)
                   00026e59  [ 0001372c+] 00000107          *   ezdsp5535bsl.lib : ezdsp5535_i2s.obj (.text)
                   00026f60  [ 000137b0 ] 000000e6          *   rts55x.lib : setvbuf.obj (.text)
                   00027046  [ 00013823 ] 000000dd          *              : _io_perm.obj (.text)
                   00027123  [ 00013891+] 000000d6          *   55xdspx_r3.lib : cbrev.obj (.text)
                   000271f9  [ 000138fc+] 000000cc          *   ezdsp5535_aic3204_dma.obj (.text:retain)
                   000272c5  [ 00013962+] 000000c3          *   aic3204.obj (.text)
                   00027388  [ 000139c4 ] 000000c2          *   rts55x.lib : fflush.obj (.text)
                   0002744a  [ 00013a25 ] 000000ba          *              : trgmsg.obj (.text:CIO_breakpoint)
                   00027504  [ 00013a82 ] 000000a6          *              : fputc.obj (.text)
                   000275aa  [ 00013ad5 ] 000000a1          *              : divul.obj (.text)
                   0002764b  [ 00013b25+] 0000008e          *   ezdsp5535bsl.lib : ezdsp5535_i2c.obj (.text)
                   000276d9  [ 00013b6c+] 0000008d          *   55xdspx_r3.lib : unpack.obj (.text)
                   00027766  [ 00013bb3 ] 0000008c          *   cslVC5505.lib : csl_irqplug.obj (.text)
                   000277f2  [ 00013bf9 ] 00000087          *   ezdsp5535bsl.lib : ezdsp5535_gpio.obj (.text)
                   00027879  [ 00013c3c+] 0000007d          *   rts55x.lib : ltoa.obj (.text)
                   000278f6  [ 00013c7b ] 0000007b          *              : fclose.obj (.text)
                   00027971  [ 00013cb8+] 00000076          *              : frcmpyd.obj (.text)
                   000279e7  [ 00013cf3+] 00000073          *              : frcmpyd_div.obj (.text)
                   00027a5a  [ 00013d2d ] 00000072          *              : remul.obj (.text)
                   00027acc  [ 00013d66 ] 0000006f          *              : fixdli.obj (.text)
                   00027b3b  [ 00013d9d+] 0000006d          *   cslVC5505.lib : vectors.obj (.text)
                   00027ba8  [ 00013dd4 ] 0000006d          *   rts55x.lib : trgmsg.obj (.text)
                   00027c15  [ 00013e0a+] 0000006b          *              : fseek.obj (.text)
                   00027c80  [ 00013e40 ] 00000067          *              : fltlid.obj (.text)
                   00027ce7  [ 00013e73+] 0000005c          *              : atoi.obj (.text)
                   00027d43  [ 00013ea1+] 00000054          *   ezdsp5535bsl.lib : ezdsp5535.obj (.text)
                   00027d97  [ 00013ecb+] 00000050          *   rts55x.lib : printf.obj (.text)
                   00027de7  [ 00013ef3+] 0000004d          *              : autoinit.obj (.text)
                   00027e34  [ 00013f1a ] 0000004b          *              : args_main.obj (.text)
                   00027e7f  [ 00013f3f+] 0000004b          *              : remli.obj (.text)
                   00027eca  [ 00013f65 ] 00000048          *              : divli.obj (.text)
                   00027f12  [ 00013f89 ] 0000003f          *              : memcpy.obj (.text)
                   00027f51  [ 00013fa8+] 0000003e          *              : exit.obj (.text)
                   00027f8f  [ 00013fc7+] 00000034          *              : boot.obj (.text)
                   00027fc3  [ 00013fe1+] 0000002a          *              : fixdi.obj (.text)
                   00027fed  [ 00013ff6+] 0000002a          *              : udiv.obj (.text)
                   00028017  [ 0001400b+] 00000023          *              : memccpy.obj (.text)
                   0002803a  [ 0001401d ] 0000001a          *              : isinf.obj (.text)
                   00028054  [ 0001402a ] 00000014          *              : subd.obj (.text)
                   00028068  [ 00014034 ] 00000013          *              : lmpy.obj (.text)
                   0002807b  [ 0001403d+] 00000012          *              : _lock.obj (.text)
                   0002808d  [ 00014046+] 00000010          *              : negd.obj (.text)
                   0002809d  [ 0001404e+] 0000000a          *              : remove.obj (.text)
                   000280a7  [ 00014053+] 00000007          *              : exit.obj (.text:CIO_breakpoint)
                   000280ae  [ 00014057 ] 00000002          *              : vectors.obj (.text)
                   000280b0  [ 00014058 ] 00000001          *   --HOLE-- [fill = 20]

.cinit       0   [ 00040000 ]  00020000          *   00000128   
                 [ 00040000 ]  00020000          *   00000088   window.obj (.cinit)
                 [ 00040110 ]  00020088          *   0000002d   rts55x.lib : lowlev.obj (.cinit)
                 [ 0004016a ]  000200b5          *   0000002a              : defs.obj (.cinit)
                 [ 000401be ]  000200df          *   00000024   main.obj (.cinit)
                 [ 00040206 ]  00020103          *   0000000a   rts55x.lib : _lock.obj (.cinit)
                 [ 0004021a ]  0002010d          *   0000000a              : exit.obj (.cinit)
                 [ 0004022e ]  00020117          *   00000008   cslVC5505.lib : csl_i2s.obj (.cinit)
                 [ 0004023e ]  0002011f          *   00000004   rts55x.lib : fopen.obj (.cinit)
                 [ 00040246 ]  00020123          *   00000004              : memory.obj (.cinit)
                 [ 0004024e ]  00020127          *   00000001   --HOLE-- [fill = 0]

.cio         0   [ 00040250 ]  00020128          *   00000120   UNINITIALIZED
                 [ 00040250 ]  00020128          *   00000120   rts55x.lib : trgmsg.obj (.cio)

.switch      0   [ 00040490 ]  00020248          *   00000014   
                 [ 00040490 ]  00020248          *   00000014   print_number.obj (.switch:_printChar)

vectors      0     0004fe00  [ 00027f00 ] 00000200          *   
                   0004fe00  [ 00027f00 ] 00000100          *   cslVC5505.lib : vectors.obj (vectors)
                   0004ff00  [ 00027f80 ] 00000100          *   rts55x.lib : vectors.obj (vectors)


GLOBAL SYMBOLS: SORTED ALPHABETICALLY BY Name 

abs. value/
byte addr   word addr   name
---------   ---------   ----
00000002                $TI_capability$C5500$CallingConvention
00000002                $TI_capability$C5500$MemoryModel
00000001                $TI_capability_requires_rev3
ffffffff                .bss
ffffffff                .data
ffffffff                .text
000280a8                C$$EXIT
000274ff                C$$IO$$
00028068                I$$LMPY
00027fed                I$$UDIV
00028002                I$$UMOD
0004fe00                RST
000272c5                _AIC3204_rget
00027310                _AIC3204_rset
            00002d98    _DMA_InputL
            00002e98    _DMA_InputR
            00002f98    _DMA_OutputL
            00003098    _DMA_OutputR
0002785b                _EZDSP5535_GPIO_getInput
000277f2                _EZDSP5535_GPIO_init
0002781d                _EZDSP5535_GPIO_setDirection
00027841                _EZDSP5535_GPIO_setOutput
0002764b                _EZDSP5535_I2C_init
000276b1                _EZDSP5535_I2C_read
00027680                _EZDSP5535_I2C_reset
0002768b                _EZDSP5535_I2C_write
00026f4e                _EZDSP5535_I2S_close
00026e59                _EZDSP5535_I2S_init
00026eb2                _EZDSP5535_I2S_readLeft
00026f11                _EZDSP5535_I2S_readRight
00026ee4                _EZDSP5535_I2S_writeLeft
00026f32                _EZDSP5535_I2S_writeRight
00026a8b                _EZDSP5535_OSD9616_init
00026a40                _EZDSP5535_OSD9616_multiSend
00026b6d                _EZDSP5535_OSD9616_printLetter
00026a18                _EZDSP5535_OSD9616_send
00027d89                _EZDSP5535_init
00027d43                _EZDSP5535_wait
00027d77                _EZDSP5535_waitusec
000230be                _GPIO_clearInt
00022c17                _GPIO_close
00022c3b                _GPIO_config
00022e6e                _GPIO_configBit
00022fb6                _GPIO_disableInt
00023034                _GPIO_enableInt
00022cc0                _GPIO_getConfig
00022bd3                _GPIO_open
00022d48                _GPIO_read
000231d1                _GPIO_reset
0002314a                _GPIO_statusBit
00022dcb                _GPIO_write
            0000353c    _GpioObj
00024ca8                _HOSTclock
00024c3d                _HOSTclose
00024b88                _HOSTlseek
00024ae9                _HOSTopen
00024a5c                _HOSTread
000249ae                _HOSTrename
00024950                _HOSTtime
000248e6                _HOSTunlink
00024859                _HOSTwrite
0002164d                _I2C_config
00022018                _I2C_eventDisable
00021ee4                _I2C_eventEnable
000217b2                _I2C_getConfig
000221c4                _I2C_getEventId
000215a4                _I2C_init
00021cc6                _I2C_read
00022137                _I2C_setCallback
00021888                _I2C_setup
00021a82                _I2C_write
00022615                _I2S_close
000221e0                _I2S_open
000226c7                _I2S_read
00022ad7                _I2S_reset
00022327                _I2S_setup
00022b88                _I2S_transEnable
00022981                _I2S_write
000238af                _IRQ_clear
00023919                _IRQ_clearAll
00023929                _IRQ_config
00023a4f                _IRQ_disable
00023acd                _IRQ_disableAll
00023adb                _IRQ_enable
00023bd5                _IRQ_getArg
000239bc                _IRQ_getConfig
00023d23                _IRQ_globalDisable
00023d3c                _IRQ_globalEnable
00023d55                _IRQ_globalRestore
00023815                _IRQ_init
00023c4e                _IRQ_map
00027766                _IRQ_plug
00023b65                _IRQ_restore
00023c1b                _IRQ_setArg
00023c80                _IRQ_setVecs
00023cb1                _IRQ_test
            00002860    _InputBufferL
            000028e0    _InputBufferR
0002584f                _Nth_order_IIR
0004ff00                _Reset
0004fe00                _VECSTART
            00020128    __CIOBUF_
000237bc                __I2S_init
            00001060    __STACK_END
00002000                __STACK_SIZE
00002000                __SYSMEM_SIZE
00001000                __SYSSTACK_SIZE
00000001                __TI_args_main
ffffffff                ___binit__
ffffffff                ___bss__
ffffffff                ___c_args__
            00020000    ___cinit__
ffffffff                ___data__
ffffffff                ___edata__
ffffffff                ___end__
ffffffff                ___etext__
0002803a                ___isinf
ffffffff                ___pinit__
ffffffff                ___text__
00026401                __addd
00027e34                __args_main
00026045                __cleanup
            00003544    __cleanup_ptr
000267ed                __cmpd
            00003af4    __ctypes_
000251bb                __divd
00027eca                __divli
000263cc                __divlli
00027fed                __divu
000275aa                __divul
000262d8                __divull
00027388                __doflush
            00003546    __dtors_ptr
000267b9                __eqld
00027fc3                __fixdi
00027acc                __fixdli
00027c80                __fltlid
00027971                __frcmpyd
000279e7                __frcmpyd_div
            000032b0    __ft_end
            00003198    __ftable
0002676f                __geqd
00026724                __gtrd
000266d7                __leqd
            00003540    __lock
0002668f                __lssd
00026d0d                __mpyd
00028068                __mpyli
00026220                __mpylli
0002808d                __negd
0002665b                __neqd
0002808b                __nop
00021362                __printfi
000270c6                __rd_ok
00028083                __register_lock
0002807b                __register_unlock
00027e7f                __remli
000261f1                __remlli
00028002                __remu
00027a5a                __remul
000261a3                __remull
            00000060    __stack
00028054                __subd
            00001860    __sys_memory
            00001060    __sysstack
            00003210    __tmpnams
            00003542    __unlock
00027046                __wrt_ok
000280a7                _abort
000241bc                _add_device
0002735d                _aic3204_codec_read
00027374                _aic3204_codec_write
0002734c                _aic3204_disable
00025937                _aic3204_dma_init
0002733a                _aic3204_hardware_init
00023260                _aic3204_init
00025ac2                _aic3204_read_block
00025b77                _aic3204_write_block
00027ce7                _atoi
00027de7                _auto_init
00027f8f                _c_int00
00025195                _calloc
00027123                _cbrev
00026845                _cfft_SCALE
0002518d                _chkheap
00025cf0                _clearLCD
00024149                _close
            00002d68    _coefficients1070
            00002d70    _coefficients1580
            00002d78    _coefficients2680
            00002d60    _coefficients720
            00003bf5    _consolas_8ptBitmaps
            00002d8e    _counter1
            00002d8f    _counter2
00027f51                _exit
000278f6                _fclose
000273f1                _fflush
            00002b60    _fftSpectrumL
            00002c60    _fftSpectrumR
00024140                _find_registered_device
00025587                _first_order_IIR
00026168                _fopen
000256c7                _fourth_order_IIR
00027504                _fputc
00026baa                _fputs
00024d06                _free
00025137                _free_memory
0002609f                _freopen
            00003521    _fsError
00027c15                _fseek
            00003524    _gI2cObj
000247de                _getenv
            0000353e    _hGpio
            00003548    _hI2s
00025864                _halfband
            00003534    _i2cHandle
00025c52                _initPrintNumber
            00002960    _inputCopyL
            00002a60    _inputCopyR
            00002d80    _inputHistoryL
            00002d88    _inputHistoryR
000240da                _lseek
00027879                _ltoa
000242ac                _main
00024e37                _malloc
000250dd                _max_free
00028017                _memccpy
00027f12                _memcpy
00024dd2                _minit
0002401b                _open
            00003522    _ouError
            00002d84    _outputHistoryL
            00002d8c    _outputHistoryR
            00003486    _p_window
00025dbe                _printChar
00027d97                _printf
00027504                _putc
0002759b                _putchar
00026cdf                _puts
00023f6d                _read
00027ba8                _readmsg
00024f2c                _realloc
0002809d                _remove
00023f37                _remove_device
00023ede                _rename
0002560e                _second_order_IIR
00025876                _second_order_IIR_Direct_Form_II_f
00025d9c                _setWritePointerToFirstChar
00023451                _set_sampling_frequency_and_gain
00026f60                _setvbuf
            00003c55    _sign_width
00023eab                _unlink
000276d9                _unpack
            00003406    _window
00023d69                _write
0002744a                _writemsg
ffffffff                binit
            00020000    cinit
ffffffff                edata
ffffffff                end
ffffffff                etext
ffffffff                pinit
            00003580    twiddle


GLOBAL SYMBOLS: SORTED BY Symbol Address 

abs. value/
byte addr   word addr   name
---------   ---------   ----
00000001                $TI_capability_requires_rev3
00000001                __TI_args_main
00000002                $TI_capability$C5500$CallingConvention
00000002                $TI_capability$C5500$MemoryModel
            00000060    __stack
00001000                __SYSSTACK_SIZE
00002000                __STACK_SIZE
00002000                __SYSMEM_SIZE
            00001060    __STACK_END
            00001060    __sysstack
            00001860    __sys_memory
            00002860    _InputBufferL
            000028e0    _InputBufferR
            00002960    _inputCopyL
            00002a60    _inputCopyR
            00002b60    _fftSpectrumL
            00002c60    _fftSpectrumR
            00002d60    _coefficients720
            00002d68    _coefficients1070
            00002d70    _coefficients1580
            00002d78    _coefficients2680
            00002d80    _inputHistoryL
            00002d84    _outputHistoryL
            00002d88    _inputHistoryR
            00002d8c    _outputHistoryR
            00002d8e    _counter1
            00002d8f    _counter2
            00002d98    _DMA_InputL
            00002e98    _DMA_InputR
            00002f98    _DMA_OutputL
            00003098    _DMA_OutputR
            00003198    __ftable
            00003210    __tmpnams
            000032b0    __ft_end
            00003406    _window
            00003486    _p_window
            00003521    _fsError
            00003522    _ouError
            00003524    _gI2cObj
            00003534    _i2cHandle
            0000353c    _GpioObj
            0000353e    _hGpio
            00003540    __lock
            00003542    __unlock
            00003544    __cleanup_ptr
            00003546    __dtors_ptr
            00003548    _hI2s
            00003580    twiddle
            00003af4    __ctypes_
            00003bf5    _consolas_8ptBitmaps
            00003c55    _sign_width
00021362                __printfi
000215a4                _I2C_init
0002164d                _I2C_config
000217b2                _I2C_getConfig
00021888                _I2C_setup
00021a82                _I2C_write
00021cc6                _I2C_read
00021ee4                _I2C_eventEnable
00022018                _I2C_eventDisable
00022137                _I2C_setCallback
000221c4                _I2C_getEventId
000221e0                _I2S_open
00022327                _I2S_setup
00022615                _I2S_close
000226c7                _I2S_read
00022981                _I2S_write
00022ad7                _I2S_reset
00022b88                _I2S_transEnable
00022bd3                _GPIO_open
00022c17                _GPIO_close
00022c3b                _GPIO_config
00022cc0                _GPIO_getConfig
00022d48                _GPIO_read
00022dcb                _GPIO_write
00022e6e                _GPIO_configBit
00022fb6                _GPIO_disableInt
00023034                _GPIO_enableInt
000230be                _GPIO_clearInt
0002314a                _GPIO_statusBit
000231d1                _GPIO_reset
00023260                _aic3204_init
00023451                _set_sampling_frequency_and_gain
000237bc                __I2S_init
00023815                _IRQ_init
000238af                _IRQ_clear
00023919                _IRQ_clearAll
00023929                _IRQ_config
000239bc                _IRQ_getConfig
00023a4f                _IRQ_disable
00023acd                _IRQ_disableAll
00023adb                _IRQ_enable
00023b65                _IRQ_restore
00023bd5                _IRQ_getArg
00023c1b                _IRQ_setArg
00023c4e                _IRQ_map
00023c80                _IRQ_setVecs
00023cb1                _IRQ_test
00023d23                _IRQ_globalDisable
00023d3c                _IRQ_globalEnable
00023d55                _IRQ_globalRestore
00023d69                _write
00023eab                _unlink
00023ede                _rename
00023f37                _remove_device
00023f6d                _read
0002401b                _open
000240da                _lseek
00024140                _find_registered_device
00024149                _close
000241bc                _add_device
000242ac                _main
000247de                _getenv
00024859                _HOSTwrite
000248e6                _HOSTunlink
00024950                _HOSTtime
000249ae                _HOSTrename
00024a5c                _HOSTread
00024ae9                _HOSTopen
00024b88                _HOSTlseek
00024c3d                _HOSTclose
00024ca8                _HOSTclock
00024d06                _free
00024dd2                _minit
00024e37                _malloc
00024f2c                _realloc
000250dd                _max_free
00025137                _free_memory
0002518d                _chkheap
00025195                _calloc
000251bb                __divd
00025587                _first_order_IIR
0002560e                _second_order_IIR
000256c7                _fourth_order_IIR
0002584f                _Nth_order_IIR
00025864                _halfband
00025876                _second_order_IIR_Direct_Form_II_f
00025937                _aic3204_dma_init
00025ac2                _aic3204_read_block
00025b77                _aic3204_write_block
00025c52                _initPrintNumber
00025cf0                _clearLCD
00025d9c                _setWritePointerToFirstChar
00025dbe                _printChar
00026045                __cleanup
0002609f                _freopen
00026168                _fopen
000261a3                __remull
000261f1                __remlli
00026220                __mpylli
000262d8                __divull
000263cc                __divlli
00026401                __addd
0002665b                __neqd
0002668f                __lssd
000266d7                __leqd
00026724                __gtrd
0002676f                __geqd
000267b9                __eqld
000267ed                __cmpd
00026845                _cfft_SCALE
00026a18                _EZDSP5535_OSD9616_send
00026a40                _EZDSP5535_OSD9616_multiSend
00026a8b                _EZDSP5535_OSD9616_init
00026b6d                _EZDSP5535_OSD9616_printLetter
00026baa                _fputs
00026cdf                _puts
00026d0d                __mpyd
00026e59                _EZDSP5535_I2S_init
00026eb2                _EZDSP5535_I2S_readLeft
00026ee4                _EZDSP5535_I2S_writeLeft
00026f11                _EZDSP5535_I2S_readRight
00026f32                _EZDSP5535_I2S_writeRight
00026f4e                _EZDSP5535_I2S_close
00026f60                _setvbuf
00027046                __wrt_ok
000270c6                __rd_ok
00027123                _cbrev
000272c5                _AIC3204_rget
00027310                _AIC3204_rset
0002733a                _aic3204_hardware_init
0002734c                _aic3204_disable
0002735d                _aic3204_codec_read
00027374                _aic3204_codec_write
00027388                __doflush
000273f1                _fflush
0002744a                _writemsg
000274ff                C$$IO$$
00027504                _fputc
00027504                _putc
0002759b                _putchar
000275aa                __divul
0002764b                _EZDSP5535_I2C_init
00027680                _EZDSP5535_I2C_reset
0002768b                _EZDSP5535_I2C_write
000276b1                _EZDSP5535_I2C_read
000276d9                _unpack
00027766                _IRQ_plug
000277f2                _EZDSP5535_GPIO_init
0002781d                _EZDSP5535_GPIO_setDirection
00027841                _EZDSP5535_GPIO_setOutput
0002785b                _EZDSP5535_GPIO_getInput
00027879                _ltoa
000278f6                _fclose
00027971                __frcmpyd
000279e7                __frcmpyd_div
00027a5a                __remul
00027acc                __fixdli
00027ba8                _readmsg
00027c15                _fseek
00027c80                __fltlid
00027ce7                _atoi
00027d43                _EZDSP5535_wait
00027d77                _EZDSP5535_waitusec
00027d89                _EZDSP5535_init
00027d97                _printf
00027de7                _auto_init
00027e34                __args_main
00027e7f                __remli
00027eca                __divli
00027f12                _memcpy
00027f51                _exit
00027f8f                _c_int00
00027fc3                __fixdi
00027fed                I$$UDIV
00027fed                __divu
00028002                I$$UMOD
00028002                __remu
00028017                _memccpy
0002803a                ___isinf
00028054                __subd
00028068                I$$LMPY
00028068                __mpyli
0002807b                __register_unlock
00028083                __register_lock
0002808b                __nop
0002808d                __negd
0002809d                _remove
000280a7                _abort
000280a8                C$$EXIT
            00020000    ___cinit__
            00020000    cinit
            00020128    __CIOBUF_
0004fe00                RST
0004fe00                _VECSTART
0004ff00                _Reset
ffffffff                .bss
ffffffff                .data
ffffffff                .text
ffffffff                ___binit__
ffffffff                ___bss__
ffffffff                ___c_args__
ffffffff                ___data__
ffffffff                ___edata__
ffffffff                ___end__
ffffffff                ___etext__
ffffffff                ___pinit__
ffffffff                ___text__
ffffffff                binit
ffffffff                edata
ffffffff                end
ffffffff                etext
ffffffff                pinit

[263 symbols]
